05-12 17:03:45.773 3676-3794/system_process I/WindowManager: Destroying surface Surface(name=Starting org.gearvrf.tester) called by com.android.server.wm.WindowStateAnimator.destroySurface:2838 com.android.server.wm.WindowStateAnimator.destroySurfaceLocked:1069 com.android.server.wm.WindowState.removeLocked:1776 com.android.server.wm.WindowManagerService.removeWindowInnerLocked:2876 com.android.server.wm.WindowManagerService.removeWindowLocked:2816 com.android.server.wm.WindowManagerService.removeWindowLocked:2641 com.android.server.wm.WindowManagerService.removeWindow:2636 com.android.server.wm.Session.remove:208 
05-12 17:03:45.773 12404-12449/org.gearvrf.tester W/TimeWarp: VSync 2: eye=1,late=190900308.3ms,over=0.0ms,CPU=0.3ms,GPU>=0.2
05-12 17:03:45.774 3200-3266/? I/SurfaceFlinger: id=7462 Removed Starting org.gearvrf.tester (5/9)
05-12 17:03:45.776 12404-12449/org.gearvrf.tester I/TimeWarp: Adjusting  0.00 < 2 to 0
05-12 17:03:45.776 24347-24347/com.sec.android.inputmethod D/SamsungIME: onFinishInput
05-12 17:03:45.777 24347-24347/com.sec.android.inputmethod D/SamsungIME: IMPL finishInput
05-12 17:03:45.777 3200-3328/? I/SurfaceFlinger: id=7462 Removed Starting org.gearvrf.tester (-2/9)
05-12 17:03:45.777 3676-3794/system_process D/LockSettingsStorage: mSKTLockState = 2
05-12 17:03:45.777 12451-12463/com.samsung.android.app.vr.input.service D/VRInputService[04/13/2017-07:23:27AM][2645264][/1.0.44/44]: at (MSMManager) [setStateMSM: STATE_MSM_DISABLE]
05-12 17:03:45.777 24347-24347/com.sec.android.inputmethod D/SamsungIME: onStartInput
05-12 17:03:45.778 24347-24347/com.sec.android.inputmethod I/SamsungIME: [IMI] onStartInput - caller packageName : org.gearvrf.tester
05-12 17:03:45.778 12451-12463/com.samsung.android.app.vr.input.service D/VRInputService[04/13/2017-07:23:27AM][2645264][/1.0.44/44]: at (MSMSplitUpdater) [createMemoryFile()]
05-12 17:03:45.778 14721-14721/com.android.systemui W/IInputConnectionWrapper: reportFullscreenMode on inexistent InputConnection
05-12 17:03:45.781 3676-3794/system_process D/LockSettingsStorage: mSKTLockState = 2
05-12 17:03:45.782 12404-12449/org.gearvrf.tester W/TimeWarp: VSync 1: eye=1,late=190900333.1ms,over=0.0ms,CPU=0.5ms,GPU>=0.2
05-12 17:03:45.782 24347-24347/com.sec.android.inputmethod D/SamsungIME: onStartInput: No inputType, No imeOption, isInputViewShown = false, isExtractViewShown = false, isShowInputRequested = false, isConfigChanged = true, mIsFirstStartInput = false
05-12 17:03:45.782 24347-24347/com.sec.android.inputmethod D/SKBD SamsungIME_SYNC: import DLM start onstart input
05-12 17:03:45.782 24347-24347/com.sec.android.inputmethod D/SKBD SamsungIME_SYNC: shouldImportDLM mIsImportDLM false
05-12 17:03:45.783 3676-3794/system_process D/InputTransport: Input channel destroyed: name='dd941de Starting org.gearvrf.tester (server)', fd=468
05-12 17:03:45.784 12404-12449/org.gearvrf.tester W/TimeWarp: VSync 2: eye=1,late=190900317.8ms,over=0.0ms,CPU=0.9ms,GPU>=0.2
05-12 17:03:45.784 3676-3794/system_process D/LockSettingsStorage: mSKTLockState = 2
05-12 17:03:45.787 12404-12449/org.gearvrf.tester I/TimeWarp: Adjusting  0.00 < 2 to 0
05-12 17:03:45.787 3676-3794/system_process D/InputTransport: Input channel destroyed: name='dd941de Starting org.gearvrf.tester (client)', fd=469
05-12 17:03:45.791 3676-3794/system_process D/KnoxTimeoutHandler: notifyActivityDrawn [MsgParam] userId: 0 fullscreen is true showWhenlocked is false isMutiwindowRecord is false multiwindowstyle is 1
05-12 17:03:45.791 3676-3676/system_process D/KnoxTimeoutHandler: activityDrawn [MsgParam] userId: 0 fullscreen is true showWhenlocked is false isMutiwindowRecord is false multiwindowstyle is 1
05-12 17:03:45.792 12404-12449/org.gearvrf.tester W/TimeWarp: VSync 1: eye=1,late=190900343.2ms,over=0.0ms,CPU=0.5ms,GPU>=0.2
05-12 17:03:45.792 12451-12463/com.samsung.android.app.vr.input.service I/VRInputService[04/13/2017-07:23:27AM][2645264][/1.0.44/44]: at (KeyDataManager) [putAppKeyData currentPos: 1, Total Size: 1]
05-12 17:03:45.794 12404-12449/org.gearvrf.tester W/TimeWarp: VSync 2: eye=1,late=190900328.0ms,over=0.0ms,CPU=0.9ms,GPU>=0.3
05-12 17:03:45.795 24347-24347/com.sec.android.inputmethod I/SamsungIME: putCacheDrawable inputModule=0 key =ICON_SETTING
05-12 17:03:45.795 12404-12404/org.gearvrf.tester I/MLBUBleRemote: Connection State : 0
05-12 17:03:45.796 12404-12404/org.gearvrf.tester D/MLBUBleRemote: Device disconnected
05-12 17:03:45.796 12404-12449/org.gearvrf.tester I/TimeWarp: Adjusting  0.00 < 2 to 0
05-12 17:03:45.796 3676-3676/system_process I/KnoxTimeoutHandler: SD activityfalse
05-12 17:03:45.797 3676-3676/system_process I/KnoxTimeoutHandler: Fullscreen and mCurrent is not KNOX user. Hence hide keyguard
05-12 17:03:45.799 12404-12440/org.gearvrf.tester I/TimeWarp: WarpSwap: Bailed because choreographer callback never got called.
05-12 17:03:45.802 12404-12449/org.gearvrf.tester W/TimeWarp: VSync 1: eye=1,late=190900352.4ms,over=0.0ms,CPU=0.5ms,GPU>=1.5
05-12 17:03:45.803 12404-12449/org.gearvrf.tester W/TimeWarp: VSync 2: eye=1,late=190900338.1ms,over=0.0ms,CPU=0.3ms,GPU>=0.3
05-12 17:03:45.805 12404-12449/org.gearvrf.tester I/TimeWarp: Adjusting  0.00 < 2 to 0
05-12 17:03:45.811 12404-12449/org.gearvrf.tester W/TimeWarp: VSync 1: eye=1,late=190900361.9ms,over=0.0ms,CPU=0.5ms,GPU>=0.4
05-12 17:03:45.812 12404-12449/org.gearvrf.tester W/TimeWarp: VSync 2: eye=1,late=190900346.9ms,over=0.0ms,CPU=0.4ms,GPU>=0.2
05-12 17:03:45.814 12404-12449/org.gearvrf.tester I/TimeWarp: Adjusting  0.00 < 2 to 0
05-12 17:03:45.819 12404-12449/org.gearvrf.tester W/TimeWarp: VSync 1: eye=1,late=190900370.4ms,over=0.0ms,CPU=0.4ms,GPU>=0.3
05-12 17:03:45.821 12404-12449/org.gearvrf.tester W/TimeWarp: VSync 2: eye=1,late=190900355.3ms,over=0.0ms,CPU=0.5ms,GPU>=0.2
05-12 17:03:45.823 12404-12449/org.gearvrf.tester I/TimeWarp: Adjusting  0.00 < 2 to 0
05-12 17:03:45.828 12404-12449/org.gearvrf.tester W/TimeWarp: VSync 1: eye=1,late=190900379.3ms,over=0.0ms,CPU=0.6ms,GPU>=0.3
05-12 17:03:45.829 14721-14721/com.android.systemui D/SwipeDoorsillDetector: reset()com.android.systemui.statusbar.phone.NotificationPanelView.resetViews:807 com.android.systemui.statusbar.phone.PanelBar.collapsePanel:173 com.android.systemui.statusbar.phone.PhoneStatusBar.setWindowState:4072 com.android.systemui.statusbar.CommandQueue$H.handleMessage:680 
05-12 17:03:45.830 12404-12449/org.gearvrf.tester W/TimeWarp: VSync 2: eye=1,late=190900364.2ms,over=0.0ms,CPU=0.3ms,GPU>=0.4
05-12 17:03:45.832 12404-12449/org.gearvrf.tester I/TimeWarp: Adjusting  0.00 < 2 to 0
05-12 17:03:45.838 12404-12449/org.gearvrf.tester W/TimeWarp: VSync 1: eye=1,late=190900389.1ms,over=0.0ms,CPU=0.5ms,GPU>=0.6
05-12 17:03:45.840 12404-12449/org.gearvrf.tester W/TimeWarp: VSync 2: eye=1,late=190900374.2ms,over=0.0ms,CPU=0.4ms,GPU>=0.3
05-12 17:03:45.841 12404-12449/org.gearvrf.tester I/TimeWarp: Adjusting  0.00 < 2 to 0
05-12 17:03:45.846 12404-12449/org.gearvrf.tester W/TimeWarp: VSync 1: eye=1,late=190900397.7ms,over=0.0ms,CPU=0.4ms,GPU>=0.2
05-12 17:03:45.850 12404-12404/org.gearvrf.tester D/MLBUBleRemote: getGyroBiasFromProvider(0): 0.0 0.0 0.0
05-12 17:03:45.850 12404-12449/org.gearvrf.tester W/TimeWarp: VSync 2: eye=1,late=190900382.1ms,over=0.0ms,CPU=2.9ms,GPU>=0.3
05-12 17:03:45.852 12404-12449/org.gearvrf.tester I/TimeWarp: Adjusting  0.00 < 2 to 0
05-12 17:03:45.857 12404-12449/org.gearvrf.tester W/TimeWarp: VSync 1: eye=1,late=190900408.5ms,over=0.0ms,CPU=0.5ms,GPU>=0.3
05-12 17:03:45.859 12404-12449/org.gearvrf.tester W/TimeWarp: VSync 2: eye=1,late=190900393.4ms,over=0.0ms,CPU=0.3ms,GPU>=0.2
05-12 17:03:45.861 12404-12449/org.gearvrf.tester I/TimeWarp: Adjusting  0.00 < 2 to 0
05-12 17:03:45.866 12404-12449/org.gearvrf.tester W/TimeWarp: VSync 1: eye=1,late=190900417.7ms,over=0.0ms,CPU=0.5ms,GPU>=0.4
05-12 17:03:45.868 12404-12449/org.gearvrf.tester W/TimeWarp: VSync 2: eye=1,late=190900402.6ms,over=0.0ms,CPU=0.3ms,GPU>=0.3
05-12 17:03:45.870 12404-12449/org.gearvrf.tester I/TimeWarp: Adjusting  0.00 < 2 to 0
05-12 17:03:45.876 12404-12449/org.gearvrf.tester W/TimeWarp: VSync 1: eye=1,late=190900427.0ms,over=0.0ms,CPU=0.5ms,GPU>=0.6
05-12 17:03:45.877 12404-12449/org.gearvrf.tester W/TimeWarp: VSync 2: eye=1,late=190900411.9ms,over=0.0ms,CPU=0.3ms,GPU>=0.2
05-12 17:03:45.879 12404-12449/org.gearvrf.tester I/TimeWarp: Adjusting  0.00 < 2 to 0
05-12 17:03:45.884 12404-12449/org.gearvrf.tester W/TimeWarp: VSync 1: eye=1,late=190900436.0ms,over=0.0ms,CPU=0.5ms,GPU>=0.2
05-12 17:03:45.886 12404-12449/org.gearvrf.tester W/TimeWarp: VSync 2: eye=1,late=190900420.5ms,over=0.0ms,CPU=0.3ms,GPU>=0.9
05-12 17:03:45.888 12404-12449/org.gearvrf.tester I/TimeWarp: Adjusting  0.00 < 2 to 0
05-12 17:03:45.894 12404-12449/org.gearvrf.tester W/TimeWarp: VSync 1: eye=1,late=190900444.6ms,over=0.0ms,CPU=0.6ms,GPU>=0.6
05-12 17:03:45.895 12404-12449/org.gearvrf.tester W/TimeWarp: VSync 2: eye=1,late=190900429.6ms,over=0.0ms,CPU=0.3ms,GPU>=0.2
05-12 17:03:45.897 12404-12449/org.gearvrf.tester I/TimeWarp: Adjusting  0.00 < 2 to 0
05-12 17:03:45.901 12404-12449/org.gearvrf.tester W/TimeWarp: VSync 1: eye=1,late=190900453.1ms,over=0.0ms,CPU=0.4ms,GPU>=0.2
05-12 17:03:45.903 12404-12449/org.gearvrf.tester W/TimeWarp: VSync 2: eye=1,late=190900437.8ms,over=0.0ms,CPU=0.3ms,GPU>=0.2
05-12 17:03:45.904 12404-12440/org.gearvrf.tester I/TimeWarp: WarpSwap: Bailed because choreographer callback never got called.
05-12 17:03:45.906 12404-12449/org.gearvrf.tester I/TimeWarp: Adjusting  0.00 < 2 to 0
05-12 17:03:45.911 12404-12449/org.gearvrf.tester W/TimeWarp: VSync 1: eye=1,late=190900462.3ms,over=0.0ms,CPU=0.5ms,GPU>=0.2
05-12 17:03:45.913 12404-12449/org.gearvrf.tester W/TimeWarp: VSync 2: eye=1,late=190900447.2ms,over=0.0ms,CPU=0.7ms,GPU>=0.3
05-12 17:03:45.914 12404-12404/org.gearvrf.tester D/MLBUBleRemote: getMagBiasFromProvider(0): 0.0 0.0 0.0 0.0
05-12 17:03:45.915 12451-12463/com.samsung.android.app.vr.input.service D/VRInputService[04/13/2017-07:23:27AM][2645264][/1.0.44/44]: at (MSMManager) [setStateMSM: STATE_MSM_ENABLE]
05-12 17:03:45.915 12404-12404/org.gearvrf.tester D/MLBUBleRemote: onServiceConnected connected
05-12 17:03:45.916 12404-12449/org.gearvrf.tester I/TimeWarp: Adjusting  0.00 < 2 to 0
05-12 17:03:45.917 12404-12404/org.gearvrf.tester I/InputMethodManager: handleMessage: MSG_SET_ACTIVE true, was false
05-12 17:03:45.918 12404-12404/org.gearvrf.tester I/Vsync: Choreographer doFrame callback delayed by 15.8 milliseconds
05-12 17:03:45.919 3676-3704/system_process V/WindowManager: Relayout Window{7af073ed0 u0 org.gearvrf.tester/org.gearvrf.unittestutils.GVRTestableActivity}: viewVisibility=0 req=2560x1440 WM.LayoutParams{(0,0)(fillxfill) sim=#20 ty=1 fl=#1810500 fmt=-3 wanim=0x10303ea vsysui=0x1706 needsMenuKey=2 naviIconColor=0}
05-12 17:03:45.920 3676-3704/system_process D/LockSettingsStorage: mSKTLockState = 2
05-12 17:03:45.921 12404-12449/org.gearvrf.tester W/TimeWarp: VSync 1: eye=1,late=190900467.8ms,over=0.0ms,CPU=0.5ms,GPU>=0.2
05-12 17:03:45.921 3676-3757/system_process D/WindowManager: set systemUiVisibility of statusbar : vis= 0x1706
05-12 17:03:45.921 3676-3704/system_process D/LockSettingsStorage: mSKTLockState = 2
05-12 17:03:45.921 12404-12449/org.gearvrf.tester I/TimeWarp: Adjusting  11263128.15 > 1 to 11263128
05-12 17:03:45.927 3676-7518/system_process D/WindowManager: adjustSystemUiVisibilityLw : vis= 0x5706
05-12 17:03:45.944 3676-4031/system_process D/WindowManager: finishDrawingWindow: Window{7af073ed0 u0 org.gearvrf.tester/org.gearvrf.unittestutils.GVRTestableActivity} mDrawState=DRAW_PENDING
05-12 17:03:45.945 3676-3794/system_process D/LockSettingsStorage: mSKTLockState = 2
05-12 17:03:45.946 12404-12404/org.gearvrf.tester V/InputMethodManager: Starting input: view=DecorView@8d381c5[GVRTestableActivity],focus=false,windowFocus=true,window=android.view.ViewRootImpl$W@976fc9c,temporaryDetach=false reason=BOUND_TO_IMMS
05-12 17:03:45.946 12404-12404/org.gearvrf.tester V/InputMethodManager: Starting input: tba=android.view.inputmethod.EditorInfo@c578a7a nm : org.gearvrf.tester ic=null
05-12 17:03:45.947 12404-12404/org.gearvrf.tester V/InputMethodManager: Starting input: tba=android.view.inputmethod.EditorInfo@c578a7a
05-12 17:03:45.947 12404-12404/org.gearvrf.tester D/ViewRootImpl@d66b03c[GVRTestableActivity]: MSG_RESIZED_REPORT: ci=Rect(0, 0 - 0, 0) vi=Rect(0, 0 - 0, 0) or=2
05-12 17:03:45.951 4722-4722/? D/io_stats: !@   8,0 r 909743 40996124 w 1128490 35225508 d 203241 45375848 f 495037 495018 iot 4042530 3112464 th 226884 0 0 pt 0 inp 0 0 190900.511
05-12 17:03:45.954 3676-3794/system_process D/LockSettingsStorage: mSKTLockState = 2
05-12 17:03:45.956 3676-3794/system_process I/WindowManager: Screen frozen for +1s620ms due to Window{7af073ed0 u0 org.gearvrf.tester/org.gearvrf.unittestutils.GVRTestableActivity}
05-12 17:03:45.958 3200-3200/? I/SurfaceFlinger: id=7466 createSurf (2880x2560),-1 flag=20004, BlackSurface
05-12 17:03:45.959 12404-12404/org.gearvrf.tester I/Vsync: Choreographer doFrame callback delayed by 9.9 milliseconds
05-12 17:03:45.960 12404-12404/org.gearvrf.tester I/Vsync: Vsync 11263130: Choreographer:  3 x 15.82 ms (59.00 Hz, at 190900.520)
05-12 17:03:45.963 3200-3200/? I/SurfaceFlinger: id=7467 createSurf (1440x5120),-1 flag=20004, BlackSurface
05-12 17:03:45.966 3200-3200/? I/SurfaceFlinger: id=7468 createSurf (2880x2560),-1 flag=20004, BlackSurface
05-12 17:03:45.970 3200-3200/? I/SurfaceFlinger: id=7469 createSurf (1440x5120),-1 flag=20004, BlackSurface
05-12 17:03:45.973 3676-3794/system_process D/InputDispatcher: setInputDispatchMode: enabled=1, frozen=0
05-12 17:03:45.975 3676-14736/system_process D/WindowManager: finishDrawingWindow: Window{7af073ed0 u0 org.gearvrf.tester/org.gearvrf.unittestutils.GVRTestableActivity} mDrawState=HAS_DRAWN
05-12 17:03:45.977 12404-12404/org.gearvrf.tester I/Vsync: Choreographer doFrame callback delayed by 11.1 milliseconds
05-12 17:03:45.977 12404-12404/org.gearvrf.tester I/Vsync: Vsync 11263131: Choreographer:  1 x 16.36 ms (59.00 Hz, at 190900.538)
05-12 17:03:45.980 3676-12624/system_process D/ActivityTrigger: ActivityTrigger activityStopTrigger 
05-12 17:03:45.980 12404-12441/org.gearvrf.tester D/GVRTestUtils: On Init called
05-12 17:03:45.982 12404-12419/org.gearvrf.tester V/ASSET: loadTexture beach.zip
05-12 17:03:45.983 3676-4015/system_process D/WindowManager: adjustSystemUiVisibilityLw : vis= 0x1706
05-12 17:03:45.983 14721-14721/com.android.systemui D/RecentsSlidingView: onVisibilityChanged() - visibility=4
05-12 17:03:45.986 12404-12404/org.gearvrf.tester I/Vsync: Choreographer doFrame callback delayed by 3.9 milliseconds
05-12 17:03:45.994 12404-12469/org.gearvrf.tester D/skia: EncodedFormat=5
05-12 17:03:46.005 12404-12419/org.gearvrf.tester E/gvrf: setting descriptor float4 ambient_color; float4 diffuse_color; float4 specular_color; float4 emissive_color; float3 u_color; float u_opacity; float specular_exponent; float line_width
05-12 17:03:46.005 12404-12419/org.gearvrf.tester V/gvrf: UniformBlock: ambient_color offset=0 size=16
05-12 17:03:46.006 12404-12419/org.gearvrf.tester V/gvrf: UniformBlock: diffuse_color offset=16 size=16
05-12 17:03:46.006 12404-12419/org.gearvrf.tester V/gvrf: UniformBlock: specular_color offset=32 size=16
05-12 17:03:46.006 12404-12419/org.gearvrf.tester V/gvrf: UniformBlock: emissive_color offset=48 size=16
05-12 17:03:46.006 12404-12419/org.gearvrf.tester V/gvrf: UniformBlock: u_color offset=64 size=12
05-12 17:03:46.006 12404-12419/org.gearvrf.tester V/gvrf: UniformBlock: u_opacity offset=76 size=4
05-12 17:03:46.006 12404-12419/org.gearvrf.tester V/gvrf: UniformBlock: specular_exponent offset=80 size=4
05-12 17:03:46.006 12404-12419/org.gearvrf.tester V/gvrf: UniformBlock: line_width offset=84 size=4
05-12 17:03:46.006 12404-12419/org.gearvrf.tester V/gvrf: UniformBlock: allocating uniform block Material_ubo of 96  bytes
05-12 17:03:46.015 12404-12419/org.gearvrf.tester E/gvrf: setting descriptor float3 u_color float u_opacity
05-12 17:03:46.016 12404-12419/org.gearvrf.tester V/gvrf: UniformBlock: u_color offset=0 size=12
05-12 17:03:46.016 12404-12419/org.gearvrf.tester V/gvrf: UniformBlock: u_opacity offset=12 size=4
05-12 17:03:46.016 12404-12419/org.gearvrf.tester V/gvrf: UniformBlock: allocating uniform block Material_ubo of 16  bytes
05-12 17:03:46.024 3200-3200/? D/SurfaceFlinger:   Display[0] configurations (* current):
                                                     * 0: 1440x2560, xdpi=537.882019, ydpi=532.982971, refresh=16949152
                                                   numHwLayers=7, flags=00000000
                                                     type   |  handle  | hint | flag | tr | blnd |   format    |     source crop (l,t,r,b)      |          frame         | name 
                                                 -----------+----------+------+------+----+------+-------------+--------------------------------+------------------------+------
                                                       GLES | 727b0136e0 | 0000 | 0001 | 00 | 0105 | RGBA_8888   |    0.0,  288.0, 1440.0, 2271.0 |    0,  311, 1440, 2247 | SurfaceView - org.gearvrf.tester/org.gearvrf.unittestutils.GVRTestableActivity
                                                       GLES | 727b667d60 | 0000 | 0101 | 00 | 0105 | RGBA_8888   |    0.0,    0.0, 1440.0, 2560.0 |    0,    0, 1440, 2560 | ScreenshotSurface
                                                       GLES | 00000000 | 0000 | 0201 | 00 | 0105 | ? ffffffff  |   -0.4,   -0.9,   -0.9,   -1.0 |   45,    0, 1440,  277 | BlackSurface
                                                       GLES | 00000000 | 0000 | 0201 | 00 | 0105 | ? ffffffff  |   -0.9,   -0.0,   -1.0,   -0.6 |    0,    0,  245, 2417 | BlackSurface
                                                       GL
05-12 17:03:46.024 3200-3200/? D/SurfaceFlinger: ES | 00000000 | 0000 | 0201 | 00 | 0105 | ? ffffffff  |   -0.1,    0.0,   -0.6,   -0.1 |    0, 2283, 1395, 2560 | BlackSurface
                                                       GLES | 00000000 | 0000 | 0201 | 00 | 0105 | ? ffffffff  |    0.0,   -0.4,   -0.1,   -1.0 | 1195,  143, 1440, 2560 | BlackSurface
                                                  FB TARGET | 727b6668c0 | 0000 | 0000 | 00 | 0105 | RGBA_8888   |    0.0,    0.0, 1440.0, 2560.0 |    0,    0, 1440, 2560 | HWC_FRAMEBUFFER_TARGET
05-12 17:03:46.032 12404-12419/org.gearvrf.tester D/gvrf: SHADER: before add shader 1 GVRCubemapShader
05-12 17:03:46.034 12404-12419/org.gearvrf.tester E/gvrf: setting descriptor float3 u_color float u_opacity
05-12 17:03:46.034 12404-12419/org.gearvrf.tester V/gvrf: UniformBlock: u_color offset=0 size=12
05-12 17:03:46.034 12404-12419/org.gearvrf.tester V/gvrf: UniformBlock: u_opacity offset=12 size=4
05-12 17:03:46.034 12404-12419/org.gearvrf.tester E/gvrf: setting descriptor float3 a_position float2 a_texcoord
05-12 17:03:46.034 12404-12419/org.gearvrf.tester V/gvrf: UniformBlock: a_position offset=0 size=12
05-12 17:03:46.034 12404-12419/org.gearvrf.tester V/gvrf: UniformBlock: a_texcoord offset=12 size=8
05-12 17:03:46.034 12404-12419/org.gearvrf.tester D/gvrf: SHADER: after obj creation shader 1 GVRCubemapShader
05-12 17:03:46.034 12404-12419/org.gearvrf.tester D/gvrf: SHADER: added shader 1 GVRCubemapShader
05-12 17:03:46.034 12404-12419/org.gearvrf.tester E/gvrf: setting descriptor float4 ambient_color; float4 diffuse_color; float4 specular_color; float4 emissive_color; float3 u_color; float u_opacity; float specular_exponent; float line_width
05-12 17:03:46.034 12404-12419/org.gearvrf.tester V/gvrf: UniformBlock: ambient_color offset=0 size=16
05-12 17:03:46.035 12404-12419/org.gearvrf.tester V/gvrf: UniformBlock: diffuse_color offset=16 size=16
05-12 17:03:46.035 12404-12419/org.gearvrf.tester V/gvrf: UniformBlock: specular_color offset=32 size=16
05-12 17:03:46.035 12404-12419/org.gearvrf.tester V/gvrf: UniformBlock: emissive_color offset=48 size=16
05-12 17:03:46.035 12404-12419/org.gearvrf.tester V/gvrf: UniformBlock: u_color offset=64 size=12
05-12 17:03:46.035 12404-12419/org.gearvrf.tester V/gvrf: UniformBlock: u_opacity offset=76 size=4
05-12 17:03:46.035 12404-12419/org.gearvrf.tester V/gvrf: UniformBlock: specular_exponent offset=80 size=4
05-12 17:03:46.035 12404-12419/org.gearvrf.tester V/gvrf: UniformBlock: line_width offset=84 size=4
05-12 17:03:46.035 12404-12419/org.gearvrf.tester V/gvrf: UniformBlock: allocating uniform block Material_ubo of 96  bytes
05-12 17:03:46.036 12404-12419/org.gearvrf.tester E/gvrf: setting descriptor float3 a_position, float3 a_normal, float2 a_texcoord
05-12 17:03:46.036 12404-12419/org.gearvrf.tester V/gvrf: UniformBlock: a_position offset=0 size=12
05-12 17:03:46.036 12404-12419/org.gearvrf.tester V/gvrf: UniformBlock: a_normal offset=12 size=12
05-12 17:03:46.036 12404-12419/org.gearvrf.tester V/gvrf: UniformBlock: a_texcoord offset=24 size=8
05-12 17:03:46.036 12404-12419/org.gearvrf.tester V/gvrf: VertexBuffer: a_position index=0 offset=0 size=12
05-12 17:03:46.036 12404-12419/org.gearvrf.tester V/gvrf: VertexBuffer: a_normal index=1 offset=12 size=12
05-12 17:03:46.036 12404-12419/org.gearvrf.tester V/gvrf: VertexBuffer: a_texcoord index=2 offset=24 size=8
05-12 17:03:46.037 12404-12419/org.gearvrf.tester V/gvrf: Renderer::createIndexBuffer(2, 0) = 0xd9c83e40
05-12 17:03:46.037 12404-12419/org.gearvrf.tester D/gvrf: Mesh::ctorBuffer vertices = 0xdb07f420, indices = 0xd9c83e40
05-12 17:03:46.037 12404-12419/org.gearvrf.tester D/gvrf: VertexBuffer::setFloatVec a_position 72
05-12 17:03:46.038 12404-12419/org.gearvrf.tester V/gvrf: VertexBuffer: allocating vertex buffer of 768 bytes with 24 vertices
05-12 17:03:46.038 12404-12419/org.gearvrf.tester D/gvrf: VertexBuffer::setFloatVec a_normal 72
05-12 17:03:46.038 12404-12419/org.gearvrf.tester D/gvrf: VertexBuffer::setFloatVec a_texcoord 48
05-12 17:03:46.038 12404-12419/org.gearvrf.tester V/gvrf: IndexBuffer: 0xd9c83e40 allocating index buffer of 72 bytes
05-12 17:03:46.039 12404-12419/org.gearvrf.tester D/gvrf: SHADER: RenderPass: NativeRenderData_addPass(0xdb0fb340[0xc1cd6f30])
05-12 17:03:46.039 12404-12419/org.gearvrf.tester D/GVRTestUtils: Waiting for OnAssetLoaded
05-12 17:03:46.070 3676-3676/system_process D/CustomFrequencyManagerService: FrequencyrequestList.getIndex:: i = 4
05-12 17:03:46.070 3676-3676/system_process D/CustomFrequencyManagerService: FrequencyrequestList.removeRequest:: index = 4
05-12 17:03:46.070 3676-3676/system_process D/CustomFrequencyManagerService: enableCPUCState, Current CState disable request has asked for release
05-12 17:03:46.070 3676-3676/system_process D/CustomFrequencyManagerService: enableCPUCState, No Pending requests, reverting CState disable to default
05-12 17:03:46.071 3676-3676/system_process D/SSRM:GenericFalImpl: writeSysfs:: path = /sys/module/cpuidle/parameters/off, value = 0
05-12 17:03:46.073 3676-3676/system_process D/CustomFrequencyManagerService: releaseDVFSLockLocked : Getting Lock type frm List : DVFS_MIN_LIMIT  frequency : 1768000  uid : 1000  pid : 3676  tag : AMS_RESUME_TAIL@CPU_MIN@13
05-12 17:03:46.082 12404-12449/org.gearvrf.tester W/TimeWarp: VSync 11263138: eye=1,late=0.0ms,over=0.1ms,CPU=0.6ms,GPU>=7.8
05-12 17:03:46.094 12404-12469/org.gearvrf.tester D/skia: Decode Result=[512x512:4:4]
05-12 17:03:46.101 12404-12469/org.gearvrf.tester D/skia: EncodedFormat=5
05-12 17:03:46.177 12404-12469/org.gearvrf.tester D/skia: Decode Result=[512x512:4:4]
05-12 17:03:46.178 12404-12469/org.gearvrf.tester D/skia: EncodedFormat=5
05-12 17:03:46.182 12404-12449/org.gearvrf.tester W/TimeWarp: VSync 11263144: eye=1,late=0.0ms,over=0.1ms,CPU=0.7ms,GPU>=7.6
05-12 17:03:46.249 12404-12449/org.gearvrf.tester W/TimeWarp: VSync 11263148: eye=1,late=0.0ms,over=0.1ms,CPU=0.9ms,GPU>=7.4
05-12 17:03:46.265 12404-12469/org.gearvrf.tester D/skia: Decode Result=[512x512:4:4]
05-12 17:03:46.265 12404-12449/org.gearvrf.tester W/TimeWarp: VSync 11263149: eye=1,late=0.0ms,over=0.2ms,CPU=0.8ms,GPU>=7.4
05-12 17:03:46.271 12404-12404/org.gearvrf.tester I/Vsync: Choreographer doFrame callback delayed by 6.1 milliseconds
05-12 17:03:46.272 12404-12469/org.gearvrf.tester D/skia: EncodedFormat=5
05-12 17:03:46.330 12404-12450/org.gearvrf.tester I/OVR: SFUSION IMU DELAYED: prediction dt: 190900.860976. Time requested: 190900.860976. Last time processed: 0.000000
05-12 17:03:46.331 12404-12450/org.gearvrf.tester I/VrApi: FPS=0,Prd=0ms,Tear=0,Early=0,Stale=0,VSnc=1,Lat=0,CPU4/GPU=-1/-1,1248/338MHz,OC=FF,TA=F0/F0/0/0,SP=F/F/N/N,Mem=1014MHz,Free=880MB,PSM=0,PLS=0,Temp=30.4C/30.0C
05-12 17:03:46.332 3676-3676/system_process D/CustomFrequencyManagerService: FrequencyrequestList.getIndex:: i = 1
05-12 17:03:46.332 3676-3676/system_process D/CustomFrequencyManagerService: FrequencyrequestList.removeRequest:: index = 1
05-12 17:03:46.335 3676-3676/system_process D/CustomFrequencyManagerService: releaseDVFSLockLocked : Getting Lock type frm List : DVFS_MIN_LIMIT  frequency : 2600000  uid : 1000  pid : 3676  tag : PWM_ROTATION@CPU_MIN@49
05-12 17:03:46.336 3676-3676/system_process D/CustomFrequencyManagerService: releaseDVFSLockLocked : remain FREQUENCY_CPU_TYPE_BOOST_MIN_LIMIT : next : 318500
05-12 17:03:46.336 3676-3676/system_process D/SSRM:CustomFrequencyManagerService: writeSysfs:: path = /sys/power/cpufreq_min_limit, value = 318500
05-12 17:03:46.357 12404-12469/org.gearvrf.tester D/skia: Decode Result=[512x512:4:4]
05-12 17:03:46.359 12404-12469/org.gearvrf.tester D/skia: EncodedFormat=5
05-12 17:03:46.419 3200-3328/? I/SurfaceFlinger: id=7461 Removed ScreenshotSurface (8/12)
05-12 17:03:46.421 3200-3264/? I/SurfaceFlinger: id=7461 Removed ScreenshotSurface (-2/12)
05-12 17:03:46.421 3200-4122/? I/SurfaceFlinger: id=7466 Removed BlackSurface (8/11)
05-12 17:03:46.422 3200-4121/? I/SurfaceFlinger: id=7467 Removed BlackSurface (8/10)
05-12 17:03:46.422 3200-3328/? I/SurfaceFlinger: id=7466 Removed BlackSurface (-2/10)
05-12 17:03:46.423 3200-4122/? I/SurfaceFlinger: id=7467 Removed BlackSurface (-2/10)
05-12 17:03:46.424 3200-4122/? I/SurfaceFlinger: id=7468 Removed BlackSurface (8/9)
05-12 17:03:46.425 3200-4121/? I/SurfaceFlinger: id=7468 Removed BlackSurface (-2/9)
05-12 17:03:46.425 3200-3328/? I/SurfaceFlinger: id=7469 Removed BlackSurface (8/8)
05-12 17:03:46.425 3200-3264/? I/SurfaceFlinger: id=7469 Removed BlackSurface (-2/8)
05-12 17:03:46.428 3676-3794/system_process D/LockSettingsStorage: mSKTLockState = 2
05-12 17:03:46.432 12404-12469/org.gearvrf.tester D/skia: Decode Result=[512x512:4:4]
05-12 17:03:46.433 12404-12469/org.gearvrf.tester D/skia: EncodedFormat=5
05-12 17:03:46.435 3676-3794/system_process V/WindowOrientationListener: OrientationSensorJudge.getProposedRotation, Rotation: 1
05-12 17:03:46.436 3676-3794/system_process V/WindowOrientationListener: OrientationSensorJudge.getProposedRotation, Rotation: 1
05-12 17:03:46.436 3676-3794/system_process V/WindowManager: rotationForOrientationLw(orient=0, last=1); user=0  sensorRotation=1 mLidState=-1 mDockMode=0 mHdmiPlugged=false
05-12 17:03:46.524 12404-12469/org.gearvrf.tester D/skia: Decode Result=[512x512:4:4]
05-12 17:03:46.526 12404-12469/org.gearvrf.tester D/gvrf: Texture: UPDATE_PENDING 
05-12 17:03:46.526 12404-12469/org.gearvrf.tester V/gvrf: Texture: CubemapImage::update(bitmapArray)
05-12 17:03:46.526 12404-12469/org.gearvrf.tester V/ASSET: Texture: loaded resource beach.zip
05-12 17:03:46.527 12404-12469/org.gearvrf.tester D/ResourceCache: put resource CLOSED { beach.zip 7f050001 null } to cache
05-12 17:03:46.527 12404-12469/org.gearvrf.tester D/ResourceCacheBase: put resource CLOSED { beach.zip 7f050001 null } to cache
05-12 17:03:46.527 12404-12469/org.gearvrf.tester V/gvrf: Texture::setImage
05-12 17:03:46.528 12404-12469/org.gearvrf.tester D/GVRTestUtils: OnAssetLoaded Called
05-12 17:03:46.528 12404-12419/org.gearvrf.tester E/gvrf: setting descriptor float3 a_position, float3 a_normal, float2 a_texcoord
05-12 17:03:46.529 12404-12419/org.gearvrf.tester V/gvrf: UniformBlock: a_position offset=0 size=12
05-12 17:03:46.529 12404-12419/org.gearvrf.tester V/gvrf: UniformBlock: a_normal offset=12 size=12
05-12 17:03:46.529 12404-12419/org.gearvrf.tester V/gvrf: UniformBlock: a_texcoord offset=24 size=8
05-12 17:03:46.529 12404-12419/org.gearvrf.tester V/gvrf: VertexBuffer: a_position index=0 offset=0 size=12
05-12 17:03:46.529 12404-12419/org.gearvrf.tester V/gvrf: VertexBuffer: a_normal index=1 offset=12 size=12
05-12 17:03:46.529 12404-12419/org.gearvrf.tester V/gvrf: VertexBuffer: a_texcoord index=2 offset=24 size=8
05-12 17:03:46.529 12404-12419/org.gearvrf.tester V/gvrf: Renderer::createIndexBuffer(2, 0) = 0xd9c83e60
05-12 17:03:46.529 12404-12419/org.gearvrf.tester D/gvrf: Mesh::ctorBuffer vertices = 0xdb07d260, indices = 0xd9c83e60
05-12 17:03:46.530 12404-12419/org.gearvrf.tester D/gvrf: VertexBuffer::setFloatVec a_position 72
05-12 17:03:46.530 12404-12419/org.gearvrf.tester V/gvrf: VertexBuffer: allocating vertex buffer of 768 bytes with 24 vertices
05-12 17:03:46.530 12404-12419/org.gearvrf.tester D/gvrf: VertexBuffer::setFloatVec a_normal 72
05-12 17:03:46.530 12404-12419/org.gearvrf.tester D/gvrf: VertexBuffer::setFloatVec a_texcoord 48
05-12 17:03:46.530 12404-12419/org.gearvrf.tester V/gvrf: IndexBuffer: 0xd9c83e60 allocating index buffer of 72 bytes
05-12 17:03:46.530 12404-12419/org.gearvrf.tester D/gvrf: SHADER: RenderPass: NativeRenderData_addPass(0xdb0fb4c0[0xc1cd6f60])
05-12 17:03:46.530 12404-12419/org.gearvrf.tester E/gvrf: setting descriptor float3 a_position, float3 a_normal, float2 a_texcoord
05-12 17:03:46.531 12404-12419/org.gearvrf.tester V/gvrf: UniformBlock: a_position offset=0 size=12
05-12 17:03:46.531 12404-12419/org.gearvrf.tester V/gvrf: UniformBlock: a_normal offset=12 size=12
05-12 17:03:46.531 12404-12419/org.gearvrf.tester V/gvrf: UniformBlock: a_texcoord offset=24 size=8
05-12 17:03:46.531 12404-12419/org.gearvrf.tester V/gvrf: VertexBuffer: a_position index=0 offset=0 size=12
05-12 17:03:46.531 12404-12419/org.gearvrf.tester V/gvrf: VertexBuffer: a_normal index=1 offset=12 size=12
05-12 17:03:46.531 12404-12419/org.gearvrf.tester V/gvrf: VertexBuffer: a_texcoord index=2 offset=24 size=8
05-12 17:03:46.531 12404-12419/org.gearvrf.tester V/gvrf: Renderer::createIndexBuffer(2, 0) = 0xd9c83e80
05-12 17:03:46.531 12404-12419/org.gearvrf.tester D/gvrf: Mesh::ctorBuffer vertices = 0xdb07d3a0, indices = 0xd9c83e80
05-12 17:03:46.531 12404-12419/org.gearvrf.tester D/gvrf: VertexBuffer::setFloatVec a_position 72
05-12 17:03:46.531 12404-12419/org.gearvrf.tester V/gvrf: VertexBuffer: allocating vertex buffer of 768 bytes with 24 vertices
05-12 17:03:46.532 12404-12419/org.gearvrf.tester D/gvrf: VertexBuffer::setFloatVec a_normal 72
05-12 17:03:46.532 12404-12419/org.gearvrf.tester D/gvrf: VertexBuffer::setFloatVec a_texcoord 48
05-12 17:03:46.533 12404-12419/org.gearvrf.tester V/gvrf: IndexBuffer: 0xd9c83e80 allocating index buffer of 72 bytes
05-12 17:03:46.533 12404-12419/org.gearvrf.tester D/gvrf: SHADER: RenderPass: NativeRenderData_addPass(0xdb0fb640[0xc1cd6fc0])
05-12 17:03:46.541 12404-12440/org.gearvrf.tester D/gvrf: SHADER: Calling GVRRenderData.bindShaderNative(0xdb0fb4c0)
05-12 17:03:46.552 12404-12440/org.gearvrf.tester D/gvrf: SHADER: before add shader 2 GVRPhongShader$a_texcoord
05-12 17:03:46.552 12404-12440/org.gearvrf.tester E/gvrf: setting descriptor float4 ambient_color float4 diffuse_color float4 specular_color float4 emissive_color float u_opacity float specular_exponent float line_width 
05-12 17:03:46.553 12404-12440/org.gearvrf.tester V/gvrf: UniformBlock: ambient_color offset=0 size=16
05-12 17:03:46.553 12404-12440/org.gearvrf.tester V/gvrf: UniformBlock: diffuse_color offset=16 size=16
05-12 17:03:46.553 12404-12440/org.gearvrf.tester V/gvrf: UniformBlock: specular_color offset=32 size=16
05-12 17:03:46.553 12404-12440/org.gearvrf.tester V/gvrf: UniformBlock: emissive_color offset=48 size=16
05-12 17:03:46.553 12404-12440/org.gearvrf.tester V/gvrf: UniformBlock: u_opacity offset=64 size=4
05-12 17:03:46.554 12404-12440/org.gearvrf.tester V/gvrf: UniformBlock: specular_exponent offset=68 size=4
05-12 17:03:46.554 12404-12440/org.gearvrf.tester V/gvrf: UniformBlock: line_width offset=72 size=4
05-12 17:03:46.554 12404-12440/org.gearvrf.tester E/gvrf: setting descriptor float3 a_position float3 a_normal float2 a_texcoord 
05-12 17:03:46.554 12404-12440/org.gearvrf.tester V/gvrf: UniformBlock: a_position offset=0 size=12
05-12 17:03:46.554 12404-12440/org.gearvrf.tester V/gvrf: UniformBlock: a_normal offset=12 size=12
05-12 17:03:46.554 12404-12440/org.gearvrf.tester V/gvrf: UniformBlock: a_texcoord offset=24 size=8
05-12 17:03:46.554 12404-12440/org.gearvrf.tester D/gvrf: SHADER: after obj creation shader 2 GVRPhongShader$a_texcoord
05-12 17:03:46.554 12404-12440/org.gearvrf.tester D/gvrf: SHADER: added shader 2 GVRPhongShader$a_texcoord
05-12 17:03:46.571 12404-12440/org.gearvrf.tester E/GVRShaderTemplate: SHADER: generated shader #2 GVRPhongShader$a_texcoord
05-12 17:03:46.572 12404-12440/org.gearvrf.tester D/gvrf: SHADER: RenderPass: NativeRenderPass_setShader(0xc1cd6f60)
05-12 17:03:46.572 12404-12440/org.gearvrf.tester D/gvrf: SHADER: Calling GVRRenderData.bindShaderNative(0xdb0fb640)
05-12 17:03:46.572 12404-12440/org.gearvrf.tester V/gvrf: SHADER: findShader GVRCubemapShader -> 1
05-12 17:03:46.573 12404-12440/org.gearvrf.tester D/gvrf: SHADER: RenderPass: NativeRenderPass_setShader(0xc1cd6fc0)
05-12 17:03:46.591 12404-12440/org.gearvrf.tester V/gvrf: SHADER: getShader 1 -> GVRCubemapShader
05-12 17:03:46.592 12404-12440/org.gearvrf.tester V/gvrf: GLImage: texture id created is 11
05-12 17:03:46.592 12404-12440/org.gearvrf.tester V/gvrf: GLImage: update texparams for 11
05-12 17:03:46.592 12404-12440/org.gearvrf.tester V/gvrf: Texture: Image::checkForUpdate 0xdf9dd838 11 beach.zip UPDATE_PENDING
05-12 17:03:46.599 12404-12449/org.gearvrf.tester W/TimeWarp: VSync 11263169: eye=1,late=0.0ms,over=0.2ms,CPU=0.4ms,GPU>=7.9
05-12 17:03:46.615 12404-12449/org.gearvrf.tester W/TimeWarp: VSync 11263170: eye=1,late=0.0ms,over=0.2ms,CPU=5.3ms,GPU>=2.9
05-12 17:03:46.636 12404-12440/org.gearvrf.tester V/gvrf: Texture: GLCubemapImage::update(11, bitmaps)
05-12 17:03:46.636 12404-12440/org.gearvrf.tester D/gvrf: Texture: UPDATE_COMPLETE beach.zip
05-12 17:03:46.636 12404-12440/org.gearvrf.tester V/gvrf: ShaderData::updateGPU u_texture is ready
05-12 17:03:46.636 12404-12440/org.gearvrf.tester V/gvrf: UniformBlock::updateGPU Material_ubo size 16
05-12 17:03:46.637 12404-12440/org.gearvrf.tester V/gvrf: UniformBlock::updateGPU Transform_ubo size 400
05-12 17:03:46.637 12404-12440/org.gearvrf.tester D/gvrf: VertexBuffer::updateGPU creating vertex array 1
05-12 17:03:46.637 12404-12440/org.gearvrf.tester V/gvrf: VertexBuffer::updateGPU created vertex buffer 9 with 24 vertices
05-12 17:03:46.637 12404-12440/org.gearvrf.tester V/gvrf: VertexBuffer::updateGPU updated vertex buffer 9
05-12 17:03:46.637 12404-12440/org.gearvrf.tester V/gvrf: IndexBuffer::updateGPU created index buffer 10 with 36 indices
05-12 17:03:46.637 12404-12440/org.gearvrf.tester V/gvrf: IndexBuffer::updateGPU updated index buffer 10
05-12 17:03:46.637 12404-12440/org.gearvrf.tester W/gvrf: createProgram attaching shaders
05-12 17:03:46.638 12404-12440/org.gearvrf.tester V/gvrf: SHADER: rendering with program 6
05-12 17:03:46.638 12404-12440/org.gearvrf.tester V/gvrf: SHADER: program 6 texture u_texture loc 0
05-12 17:03:46.639 12404-12440/org.gearvrf.tester V/gvrf: GLMaterial::bindTexture index=0 loc=0 id=11
05-12 17:03:46.639 12404-12440/org.gearvrf.tester V/gvrf: UniformBlock::bindBuffer Material_ubo bind at 1 index = 1
05-12 17:03:46.639 12404-12440/org.gearvrf.tester V/gvrf: UniformBlock::bindBuffer Transform_ubo bind at 0 index = 0
05-12 17:03:46.639 12404-12440/org.gearvrf.tester V/gvrf: VertexBuffer::bindBuffer 1 9
05-12 17:03:46.639 12404-12440/org.gearvrf.tester V/gvrf: VertexBuffer::bindToShader bind buffer 9 to shader 6
05-12 17:03:46.639 12404-12440/org.gearvrf.tester V/gvrf: VertexBuffer: vertex attrib #0 a_position loc 0 ofs 0
05-12 17:03:46.639 12404-12440/org.gearvrf.tester E/gvrf: SHADER: vertex attribute a_texcoord has no location in shader
05-12 17:03:46.639 12404-12440/org.gearvrf.tester V/gvrf: IndexBuffer::bindBuffer 10
05-12 17:03:46.639 12404-12440/org.gearvrf.tester V/gvrf: SHADER: binding vertex arrays to program 6 0xdb0fb640 24 vertices, 36 indices mode = 4
05-12 17:03:46.640 12404-12440/org.gearvrf.tester V/gvrf: SHADER: getShader 2 -> GVRPhongShader$a_texcoord
05-12 17:03:46.640 12404-12440/org.gearvrf.tester V/gvrf: UniformBlock::updateGPU Material_ubo size 96
05-12 17:03:46.640 12404-12440/org.gearvrf.tester V/gvrf: UniformBlock::updateGPU Transform_ubo size 400
05-12 17:03:46.640 12404-12440/org.gearvrf.tester D/gvrf: VertexBuffer::updateGPU creating vertex array 2
05-12 17:03:46.640 12404-12440/org.gearvrf.tester V/gvrf: VertexBuffer::updateGPU created vertex buffer 12 with 24 vertices
05-12 17:03:46.640 12404-12440/org.gearvrf.tester V/gvrf: VertexBuffer::updateGPU updated vertex buffer 12
05-12 17:03:46.641 12404-12440/org.gearvrf.tester V/gvrf: IndexBuffer::updateGPU created index buffer 13 with 36 indices
05-12 17:03:46.642 12404-12440/org.gearvrf.tester V/gvrf: IndexBuffer::updateGPU updated index buffer 13
05-12 17:03:46.643 12404-12440/org.gearvrf.tester W/gvrf: createProgram attaching shaders
05-12 17:03:46.644 12404-12440/org.gearvrf.tester V/gvrf: SHADER: rendering with program 9
05-12 17:03:46.644 12404-12440/org.gearvrf.tester V/gvrf: UniformBlock::bindBuffer Material_ubo bind at 1 index = 1
05-12 17:03:46.644 12404-12440/org.gearvrf.tester V/gvrf: UniformBlock::bindBuffer Transform_ubo bind at 0 index = 0
05-12 17:03:46.644 12404-12440/org.gearvrf.tester V/gvrf: VertexBuffer::bindBuffer 2 12
05-12 17:03:46.644 12404-12440/org.gearvrf.tester V/gvrf: VertexBuffer::bindToShader bind buffer 12 to shader 9
05-12 17:03:46.644 12404-12440/org.gearvrf.tester V/gvrf: VertexBuffer: vertex attrib #0 a_position loc 0 ofs 0
05-12 17:03:46.644 12404-12440/org.gearvrf.tester E/gvrf: SHADER: vertex attribute a_normal has no location in shader
05-12 17:03:46.644 12404-12440/org.gearvrf.tester E/gvrf: SHADER: vertex attribute a_texcoord has no location in shader
05-12 17:03:46.645 12404-12440/org.gearvrf.tester V/gvrf: IndexBuffer::bindBuffer 13
05-12 17:03:46.645 12404-12440/org.gearvrf.tester V/gvrf: SHADER: binding vertex arrays to program 9 0xdb0fb4c0 24 vertices, 36 indices mode = 4
05-12 17:03:46.646 12404-12440/org.gearvrf.tester V/gvrf: SHADER: getShader 1 -> GVRCubemapShader
05-12 17:03:46.646 12404-12440/org.gearvrf.tester V/gvrf: Texture: Image::checkForUpdate 0xdf9dd838 11 beach.zip HAS_DATA
05-12 17:03:46.646 12404-12440/org.gearvrf.tester V/gvrf: ShaderData::updateGPU u_texture is ready
05-12 17:03:46.646 12404-12440/org.gearvrf.tester V/gvrf: UniformBlock::updateGPU Transform_ubo size 400
05-12 17:03:46.646 12404-12440/org.gearvrf.tester V/gvrf: SHADER: rendering with program 6
05-12 17:03:46.646 12404-12440/org.gearvrf.tester V/gvrf: GLMaterial::bindTexture index=0 loc=0 id=11
05-12 17:03:46.646 12404-12440/org.gearvrf.tester V/gvrf: UniformBlock::bindBuffer Material_ubo bind at 1 index = 1
05-12 17:03:46.646 12404-12440/org.gearvrf.tester V/gvrf: UniformBlock::bindBuffer Transform_ubo bind at 0 index = 0
05-12 17:03:46.646 12404-12440/org.gearvrf.tester V/gvrf: VertexBuffer::bindBuffer 1 9
05-12 17:03:46.646 12404-12440/org.gearvrf.tester V/gvrf: IndexBuffer::bindBuffer 10
05-12 17:03:46.647 12404-12440/org.gearvrf.tester V/gvrf: SHADER: binding vertex arrays to program 6 0xdb0fb640 24 vertices, 36 indices mode = 4
05-12 17:03:46.647 12404-12440/org.gearvrf.tester V/gvrf: SHADER: getShader 2 -> GVRPhongShader$a_texcoord
05-12 17:03:46.647 12404-12440/org.gearvrf.tester V/gvrf: UniformBlock::updateGPU Transform_ubo size 400
05-12 17:03:46.647 12404-12440/org.gearvrf.tester V/gvrf: SHADER: rendering with program 9
05-12 17:03:46.647 12404-12440/org.gearvrf.tester V/gvrf: UniformBlock::bindBuffer Material_ubo bind at 1 index = 1
05-12 17:03:46.647 12404-12440/org.gearvrf.tester V/gvrf: UniformBlock::bindBuffer Transform_ubo bind at 0 index = 0
05-12 17:03:46.647 12404-12440/org.gearvrf.tester V/gvrf: VertexBuffer::bindBuffer 2 12
05-12 17:03:46.647 12404-12440/org.gearvrf.tester V/gvrf: IndexBuffer::bindBuffer 13
05-12 17:03:46.647 12404-12440/org.gearvrf.tester V/gvrf: SHADER: binding vertex arrays to program 9 0xdb0fb4c0 24 vertices, 36 indices mode = 4
05-12 17:03:46.658 12404-12440/org.gearvrf.tester V/gvrf: SHADER: getShader 1 -> GVRCubemapShader
05-12 17:03:46.658 12404-12440/org.gearvrf.tester V/gvrf: Texture: Image::checkForUpdate 0xdf9dd838 11 beach.zip HAS_DATA
05-12 17:03:46.658 12404-12440/org.gearvrf.tester V/gvrf: ShaderData::updateGPU u_texture is ready
05-12 17:03:46.658 12404-12440/org.gearvrf.tester V/gvrf: UniformBlock::updateGPU Transform_ubo size 400
05-12 17:03:46.658 12404-12440/org.gearvrf.tester V/gvrf: SHADER: rendering with program 6
05-12 17:03:46.658 12404-12440/org.gearvrf.tester V/gvrf: GLMaterial::bindTexture index=0 loc=0 id=11
05-12 17:03:46.658 12404-12440/org.gearvrf.tester V/gvrf: UniformBlock::bindBuffer Material_ubo bind at 1 index = 1
05-12 17:03:46.658 12404-12440/org.gearvrf.tester V/gvrf: UniformBlock::bindBuffer Transform_ubo bind at 0 index = 0
05-12 17:03:46.658 12404-12440/org.gearvrf.tester V/gvrf: VertexBuffer::bindBuffer 1 9
05-12 17:03:46.658 12404-12440/org.gearvrf.tester V/gvrf: IndexBuffer::bindBuffer 10
05-12 17:03:46.659 12404-12440/org.gearvrf.tester V/gvrf: SHADER: binding vertex arrays to program 6 0xdb0fb640 24 vertices, 36 indices mode = 4
05-12 17:03:46.659 12404-12440/org.gearvrf.tester V/gvrf: SHADER: getShader 2 -> GVRPhongShader$a_texcoord
05-12 17:03:46.659 12404-12440/org.gearvrf.tester V/gvrf: UniformBlock::updateGPU Transform_ubo size 400
05-12 17:03:46.659 12404-12440/org.gearvrf.tester V/gvrf: SHADER: rendering with program 9
05-12 17:03:46.659 12404-12440/org.gearvrf.tester V/gvrf: UniformBlock::bindBuffer Material_ubo bind at 1 index = 1
05-12 17:03:46.659 12404-12440/org.gearvrf.tester V/gvrf: UniformBlock::bindBuffer Transform_ubo bind at 0 index = 0
05-12 17:03:46.659 12404-12440/org.gearvrf.tester V/gvrf: VertexBuffer::bindBuffer 2 12
05-12 17:03:46.659 12404-12440/org.gearvrf.tester V/gvrf: IndexBuffer::bindBuffer 13
05-12 17:03:46.659 12404-12440/org.gearvrf.tester V/gvrf: SHADER: binding vertex arrays to program 9 0xdb0fb4c0 24 vertices, 36 indices mode = 4
05-12 17:03:46.733 12404-12440/org.gearvrf.tester V/gvrf: SHADER: getShader 1 -> GVRCubemapShader
05-12 17:03:46.733 12404-12440/org.gearvrf.tester V/gvrf: Texture: Image::checkForUpdate 0xdf9dd838 11 beach.zip HAS_DATA
05-12 17:03:46.733 12404-12440/org.gearvrf.tester V/gvrf: ShaderData::updateGPU u_texture is ready
05-12 17:03:46.733 12404-12440/org.gearvrf.tester V/gvrf: UniformBlock::updateGPU Transform_ubo size 400
05-12 17:03:46.733 12404-12440/org.gearvrf.tester V/gvrf: SHADER: rendering with program 6
05-12 17:03:46.733 12404-12440/org.gearvrf.tester V/gvrf: GLMaterial::bindTexture index=0 loc=0 id=11
05-12 17:03:46.733 12404-12440/org.gearvrf.tester V/gvrf: UniformBlock::bindBuffer Material_ubo bind at 1 index = 1
05-12 17:03:46.734 12404-12440/org.gearvrf.tester V/gvrf: UniformBlock::bindBuffer Transform_ubo bind at 0 index = 0
05-12 17:03:46.734 12404-12440/org.gearvrf.tester V/gvrf: VertexBuffer::bindBuffer 1 9
05-12 17:03:46.734 12404-12440/org.gearvrf.tester V/gvrf: IndexBuffer::bindBuffer 10
05-12 17:03:46.734 12404-12440/org.gearvrf.tester V/gvrf: SHADER: binding vertex arrays to program 6 0xdb0fb640 24 vertices, 36 indices mode = 4
05-12 17:03:46.734 12404-12440/org.gearvrf.tester V/gvrf: SHADER: getShader 2 -> GVRPhongShader$a_texcoord
05-12 17:03:46.734 12404-12440/org.gearvrf.tester V/gvrf: UniformBlock::updateGPU Transform_ubo size 400
05-12 17:03:46.734 12404-12440/org.gearvrf.tester V/gvrf: SHADER: rendering with program 9
05-12 17:03:46.734 12404-12440/org.gearvrf.tester V/gvrf: UniformBlock::bindBuffer Material_ubo bind at 1 index = 1
05-12 17:03:46.739 12404-12440/org.gearvrf.tester V/gvrf: UniformBlock::bindBuffer Transform_ubo bind at 0 index = 0
05-12 17:03:46.739 12404-12440/org.gearvrf.tester V/gvrf: VertexBuffer::bindBuffer 2 12
05-12 17:03:46.739 12404-12440/org.gearvrf.tester V/gvrf: IndexBuffer::bindBuffer 13
05-12 17:03:46.740 12404-12440/org.gearvrf.tester V/gvrf: SHADER: binding vertex arrays to program 9 0xdb0fb4c0 24 vertices, 36 indices mode = 4
05-12 17:03:46.741 12404-12440/org.gearvrf.tester V/gvrf: SHADER: getShader 1 -> GVRCubemapShader
05-12 17:03:46.741 12404-12440/org.gearvrf.tester V/gvrf: Texture: Image::checkForUpdate 0xdf9dd838 11 beach.zip HAS_DATA
05-12 17:03:46.741 12404-12440/org.gearvrf.tester V/gvrf: ShaderData::updateGPU u_texture is ready
05-12 17:03:46.741 12404-12440/org.gearvrf.tester V/gvrf: UniformBlock::updateGPU Transform_ubo size 400
05-12 17:03:46.741 12404-12440/org.gearvrf.tester V/gvrf: SHADER: rendering with program 6
05-12 17:03:46.741 12404-12440/org.gearvrf.tester V/gvrf: GLMaterial::bindTexture index=0 loc=0 id=11
05-12 17:03:46.741 12404-12440/org.gearvrf.tester V/gvrf: UniformBlock::bindBuffer Material_ubo bind at 1 index = 1
05-12 17:03:46.741 12404-12440/org.gearvrf.tester V/gvrf: UniformBlock::bindBuffer Transform_ubo bind at 0 index = 0
05-12 17:03:46.741 12404-12440/org.gearvrf.tester V/gvrf: VertexBuffer::bindBuffer 1 9
05-12 17:03:46.742 12404-12440/org.gearvrf.tester V/gvrf: IndexBuffer::bindBuffer 10
05-12 17:03:46.742 12404-12440/org.gearvrf.tester V/gvrf: SHADER: binding vertex arrays to program 6 0xdb0fb640 24 vertices, 36 indices mode = 4
05-12 17:03:46.742 12404-12440/org.gearvrf.tester V/gvrf: SHADER: getShader 2 -> GVRPhongShader$a_texcoord
05-12 17:03:46.742 12404-12440/org.gearvrf.tester V/gvrf: UniformBlock::updateGPU Transform_ubo size 400
05-12 17:03:46.742 12404-12440/org.gearvrf.tester V/gvrf: SHADER: rendering with program 9
05-12 17:03:46.742 12404-12440/org.gearvrf.tester V/gvrf: UniformBlock::bindBuffer Material_ubo bind at 1 index = 1
05-12 17:03:46.742 12404-12440/org.gearvrf.tester V/gvrf: UniformBlock::bindBuffer Transform_ubo bind at 0 index = 0
05-12 17:03:46.742 12404-12440/org.gearvrf.tester V/gvrf: VertexBuffer::bindBuffer 2 12
05-12 17:03:46.742 12404-12440/org.gearvrf.tester V/gvrf: IndexBuffer::bindBuffer 13
05-12 17:03:46.742 12404-12440/org.gearvrf.tester V/gvrf: SHADER: binding vertex arrays to program 9 0xdb0fb4c0 24 vertices, 36 indices mode = 4
05-12 17:03:46.748 12404-12449/org.gearvrf.tester W/TimeWarp: VSync 11263178: eye=1,late=0.0ms,over=0.1ms,CPU=0.9ms,GPU>=7.4
05-12 17:03:46.757 12404-12440/org.gearvrf.tester V/gvrf: SHADER: getShader 1 -> GVRCubemapShader
05-12 17:03:46.758 12404-12440/org.gearvrf.tester V/gvrf: Texture: Image::checkForUpdate 0xdf9dd838 11 beach.zip HAS_DATA
05-12 17:03:46.758 12404-12440/org.gearvrf.tester V/gvrf: ShaderData::updateGPU u_texture is ready
05-12 17:03:46.758 12404-12440/org.gearvrf.tester V/gvrf: UniformBlock::updateGPU Transform_ubo size 400
05-12 17:03:46.758 12404-12440/org.gearvrf.tester V/gvrf: SHADER: rendering with program 6
05-12 17:03:46.758 12404-12440/org.gearvrf.tester V/gvrf: GLMaterial::bindTexture index=0 loc=0 id=11
05-12 17:03:46.758 12404-12440/org.gearvrf.tester V/gvrf: UniformBlock::bindBuffer Material_ubo bind at 1 index = 1
05-12 17:03:46.758 12404-12440/org.gearvrf.tester V/gvrf: UniformBlock::bindBuffer Transform_ubo bind at 0 index = 0
05-12 17:03:46.758 12404-12440/org.gearvrf.tester V/gvrf: VertexBuffer::bindBuffer 1 9
05-12 17:03:46.758 12404-12440/org.gearvrf.tester V/gvrf: IndexBuffer::bindBuffer 10
05-12 17:03:46.758 12404-12440/org.gearvrf.tester V/gvrf: SHADER: binding vertex arrays to program 6 0xdb0fb640 24 vertices, 36 indices mode = 4
05-12 17:03:46.759 12404-12440/org.gearvrf.tester V/gvrf: SHADER: getShader 2 -> GVRPhongShader$a_texcoord
05-12 17:03:46.759 12404-12440/org.gearvrf.tester V/gvrf: UniformBlock::updateGPU Transform_ubo size 400
05-12 17:03:46.759 12404-12440/org.gearvrf.tester V/gvrf: SHADER: rendering with program 9
05-12 17:03:46.759 12404-12440/org.gearvrf.tester V/gvrf: UniformBlock::bindBuffer Material_ubo bind at 1 index = 1
05-12 17:03:46.759 12404-12440/org.gearvrf.tester V/gvrf: UniformBlock::bindBuffer Transform_ubo bind at 0 index = 0
05-12 17:03:46.759 12404-12440/org.gearvrf.tester V/gvrf: VertexBuffer::bindBuffer 2 12
05-12 17:03:46.759 12404-12440/org.gearvrf.tester V/gvrf: IndexBuffer::bindBuffer 13
05-12 17:03:46.759 12404-12440/org.gearvrf.tester V/gvrf: SHADER: binding vertex arrays to program 9 0xdb0fb4c0 24 vertices, 36 indices mode = 4
05-12 17:03:46.766 12404-12440/org.gearvrf.tester V/gvrf: SHADER: getShader 1 -> GVRCubemapShader
05-12 17:03:46.766 12404-12440/org.gearvrf.tester V/gvrf: Texture: Image::checkForUpdate 0xdf9dd838 11 beach.zip HAS_DATA
05-12 17:03:46.766 12404-12440/org.gearvrf.tester V/gvrf: ShaderData::updateGPU u_texture is ready
05-12 17:03:46.766 12404-12440/org.gearvrf.tester V/gvrf: UniformBlock::updateGPU Transform_ubo size 400
05-12 17:03:46.766 12404-12440/org.gearvrf.tester V/gvrf: SHADER: rendering with program 6
05-12 17:03:46.766 12404-12440/org.gearvrf.tester V/gvrf: GLMaterial::bindTexture index=0 loc=0 id=11
05-12 17:03:46.766 12404-12440/org.gearvrf.tester V/gvrf: UniformBlock::bindBuffer Material_ubo bind at 1 index = 1
05-12 17:03:46.766 12404-12440/org.gearvrf.tester V/gvrf: UniformBlock::bindBuffer Transform_ubo bind at 0 index = 0
05-12 17:03:46.766 12404-12440/org.gearvrf.tester V/gvrf: VertexBuffer::bindBuffer 1 9
05-12 17:03:46.767 12404-12440/org.gearvrf.tester V/gvrf: IndexBuffer::bindBuffer 10
