05-12 17:03:47.295 12404-12440/org.gearvrf.tester V/gvrf: IndexBuffer::bindBuffer 13
05-12 17:03:47.295 12404-12440/org.gearvrf.tester V/gvrf: SHADER: binding vertex arrays to program 9 0xdb0fb4c0 24 vertices, 36 indices mode = 4
05-12 17:03:47.307 12404-12440/org.gearvrf.tester V/gvrf: SHADER: getShader 1 -> GVRCubemapShader
05-12 17:03:47.307 12404-12440/org.gearvrf.tester V/gvrf: Texture: Image::checkForUpdate 0xdf9dd838 11 beach.zip HAS_DATA
05-12 17:03:47.307 12404-12440/org.gearvrf.tester V/gvrf: ShaderData::updateGPU u_texture is ready
05-12 17:03:47.307 12404-12440/org.gearvrf.tester V/gvrf: UniformBlock::updateGPU Transform_ubo size 400
05-12 17:03:47.307 12404-12440/org.gearvrf.tester V/gvrf: SHADER: rendering with program 6
05-12 17:03:47.307 12404-12440/org.gearvrf.tester V/gvrf: GLMaterial::bindTexture index=0 loc=0 id=11
05-12 17:03:47.307 12404-12440/org.gearvrf.tester V/gvrf: UniformBlock::bindBuffer Material_ubo bind at 1 index = 1
05-12 17:03:47.308 12404-12440/org.gearvrf.tester V/gvrf: UniformBlock::bindBuffer Transform_ubo bind at 0 index = 0
05-12 17:03:47.308 12404-12440/org.gearvrf.tester V/gvrf: VertexBuffer::bindBuffer 1 9
05-12 17:03:47.308 12404-12440/org.gearvrf.tester V/gvrf: IndexBuffer::bindBuffer 10
05-12 17:03:47.308 12404-12440/org.gearvrf.tester V/gvrf: SHADER: binding vertex arrays to program 6 0xdb0fb640 24 vertices, 36 indices mode = 4
05-12 17:03:47.308 12404-12440/org.gearvrf.tester V/gvrf: SHADER: getShader 2 -> GVRPhongShader$a_texcoord
05-12 17:03:47.308 12404-12440/org.gearvrf.tester V/gvrf: UniformBlock::updateGPU Transform_ubo size 400
05-12 17:03:47.308 12404-12440/org.gearvrf.tester V/gvrf: SHADER: rendering with program 9
05-12 17:03:47.308 12404-12440/org.gearvrf.tester V/gvrf: UniformBlock::bindBuffer Material_ubo bind at 1 index = 1
05-12 17:03:47.308 12404-12440/org.gearvrf.tester V/gvrf: UniformBlock::bindBuffer Transform_ubo bind at 0 index = 0
05-12 17:03:47.308 12404-12440/org.gearvrf.tester V/gvrf: VertexBuffer::bindBuffer 2 12
05-12 17:03:47.309 12404-12440/org.gearvrf.tester V/gvrf: IndexBuffer::bindBuffer 13
05-12 17:03:47.309 12404-12440/org.gearvrf.tester V/gvrf: SHADER: binding vertex arrays to program 9 0xdb0fb4c0 24 vertices, 36 indices mode = 4
05-12 17:03:47.309 12404-12440/org.gearvrf.tester V/gvrf: SHADER: getShader 1 -> GVRCubemapShader
05-12 17:03:47.310 12404-12440/org.gearvrf.tester V/gvrf: Texture: Image::checkForUpdate 0xdf9dd838 11 beach.zip HAS_DATA
05-12 17:03:47.310 12404-12440/org.gearvrf.tester V/gvrf: ShaderData::updateGPU u_texture is ready
05-12 17:03:47.310 12404-12440/org.gearvrf.tester V/gvrf: UniformBlock::updateGPU Transform_ubo size 400
05-12 17:03:47.310 12404-12440/org.gearvrf.tester V/gvrf: SHADER: rendering with program 6
05-12 17:03:47.310 12404-12440/org.gearvrf.tester V/gvrf: GLMaterial::bindTexture index=0 loc=0 id=11
05-12 17:03:47.310 12404-12440/org.gearvrf.tester V/gvrf: UniformBlock::bindBuffer Material_ubo bind at 1 index = 1
05-12 17:03:47.310 12404-12440/org.gearvrf.tester V/gvrf: UniformBlock::bindBuffer Transform_ubo bind at 0 index = 0
05-12 17:03:47.310 12404-12440/org.gearvrf.tester V/gvrf: VertexBuffer::bindBuffer 1 9
05-12 17:03:47.310 12404-12440/org.gearvrf.tester V/gvrf: IndexBuffer::bindBuffer 10
05-12 17:03:47.310 12404-12440/org.gearvrf.tester V/gvrf: SHADER: binding vertex arrays to program 6 0xdb0fb640 24 vertices, 36 indices mode = 4
05-12 17:03:47.311 12404-12440/org.gearvrf.tester V/gvrf: SHADER: getShader 2 -> GVRPhongShader$a_texcoord
05-12 17:03:47.311 12404-12440/org.gearvrf.tester V/gvrf: UniformBlock::updateGPU Transform_ubo size 400
05-12 17:03:47.311 12404-12440/org.gearvrf.tester V/gvrf: SHADER: rendering with program 9
05-12 17:03:47.311 12404-12440/org.gearvrf.tester V/gvrf: UniformBlock::bindBuffer Material_ubo bind at 1 index = 1
05-12 17:03:47.311 12404-12440/org.gearvrf.tester V/gvrf: UniformBlock::bindBuffer Transform_ubo bind at 0 index = 0
05-12 17:03:47.311 12404-12440/org.gearvrf.tester V/gvrf: VertexBuffer::bindBuffer 2 12
05-12 17:03:47.311 12404-12440/org.gearvrf.tester V/gvrf: IndexBuffer::bindBuffer 13
05-12 17:03:47.311 12404-12440/org.gearvrf.tester V/gvrf: SHADER: binding vertex arrays to program 9 0xdb0fb4c0 24 vertices, 36 indices mode = 4
05-12 17:03:47.317 12404-12404/org.gearvrf.tester I/Vsync: Choreographer doFrame callback delayed by 3.1 milliseconds
05-12 17:03:47.324 12404-12440/org.gearvrf.tester V/gvrf: SHADER: getShader 1 -> GVRCubemapShader
05-12 17:03:47.324 12404-12440/org.gearvrf.tester V/gvrf: Texture: Image::checkForUpdate 0xdf9dd838 11 beach.zip HAS_DATA
05-12 17:03:47.324 12404-12440/org.gearvrf.tester V/gvrf: ShaderData::updateGPU u_texture is ready
05-12 17:03:47.324 12404-12440/org.gearvrf.tester V/gvrf: UniformBlock::updateGPU Transform_ubo size 400
05-12 17:03:47.324 12404-12440/org.gearvrf.tester V/gvrf: SHADER: rendering with program 6
05-12 17:03:47.324 12404-12440/org.gearvrf.tester V/gvrf: GLMaterial::bindTexture index=0 loc=0 id=11
05-12 17:03:47.325 12404-12440/org.gearvrf.tester V/gvrf: UniformBlock::bindBuffer Material_ubo bind at 1 index = 1
05-12 17:03:47.325 12404-12440/org.gearvrf.tester V/gvrf: UniformBlock::bindBuffer Transform_ubo bind at 0 index = 0
05-12 17:03:47.325 12404-12440/org.gearvrf.tester V/gvrf: VertexBuffer::bindBuffer 1 9
05-12 17:03:47.325 12404-12440/org.gearvrf.tester V/gvrf: IndexBuffer::bindBuffer 10
05-12 17:03:47.325 12404-12440/org.gearvrf.tester V/gvrf: SHADER: binding vertex arrays to program 6 0xdb0fb640 24 vertices, 36 indices mode = 4
05-12 17:03:47.325 12404-12440/org.gearvrf.tester V/gvrf: SHADER: getShader 2 -> GVRPhongShader$a_texcoord
05-12 17:03:47.325 12404-12440/org.gearvrf.tester V/gvrf: UniformBlock::updateGPU Transform_ubo size 400
05-12 17:03:47.325 12404-12440/org.gearvrf.tester V/gvrf: SHADER: rendering with program 9
05-12 17:03:47.325 12404-12440/org.gearvrf.tester V/gvrf: UniformBlock::bindBuffer Material_ubo bind at 1 index = 1
05-12 17:03:47.325 12404-12440/org.gearvrf.tester V/gvrf: UniformBlock::bindBuffer Transform_ubo bind at 0 index = 0
05-12 17:03:47.325 12404-12440/org.gearvrf.tester V/gvrf: VertexBuffer::bindBuffer 2 12
05-12 17:03:47.325 12404-12440/org.gearvrf.tester V/gvrf: IndexBuffer::bindBuffer 13
05-12 17:03:47.325 12404-12440/org.gearvrf.tester V/gvrf: SHADER: binding vertex arrays to program 9 0xdb0fb4c0 24 vertices, 36 indices mode = 4
05-12 17:03:47.327 12470-12470/? D/ICU: No timezone override file found: /data/misc/zoneinfo/current/icu/icu_tzdata.dat
05-12 17:03:47.331 12404-12415/org.gearvrf.tester W/art: Suspending all threads took: 6.428ms
05-12 17:03:47.342 12404-12440/org.gearvrf.tester V/gvrf: SHADER: getShader 1 -> GVRCubemapShader
05-12 17:03:47.342 12404-12440/org.gearvrf.tester V/gvrf: Texture: Image::checkForUpdate 0xdf9dd838 11 beach.zip HAS_DATA
05-12 17:03:47.342 12404-12440/org.gearvrf.tester V/gvrf: ShaderData::updateGPU u_texture is ready
05-12 17:03:47.342 12404-12440/org.gearvrf.tester V/gvrf: UniformBlock::updateGPU Transform_ubo size 400
05-12 17:03:47.343 12404-12440/org.gearvrf.tester V/gvrf: SHADER: rendering with program 6
05-12 17:03:47.343 12404-12440/org.gearvrf.tester V/gvrf: GLMaterial::bindTexture index=0 loc=0 id=11
05-12 17:03:47.343 12404-12440/org.gearvrf.tester V/gvrf: UniformBlock::bindBuffer Material_ubo bind at 1 index = 1
05-12 17:03:47.343 12404-12440/org.gearvrf.tester V/gvrf: UniformBlock::bindBuffer Transform_ubo bind at 0 index = 0
05-12 17:03:47.343 12404-12440/org.gearvrf.tester V/gvrf: VertexBuffer::bindBuffer 1 9
05-12 17:03:47.343 12404-12440/org.gearvrf.tester V/gvrf: IndexBuffer::bindBuffer 10
05-12 17:03:47.343 12404-12440/org.gearvrf.tester V/gvrf: SHADER: binding vertex arrays to program 6 0xdb0fb640 24 vertices, 36 indices mode = 4
05-12 17:03:47.343 12404-12440/org.gearvrf.tester V/gvrf: SHADER: getShader 2 -> GVRPhongShader$a_texcoord
05-12 17:03:47.344 12404-12440/org.gearvrf.tester V/gvrf: UniformBlock::updateGPU Transform_ubo size 400
05-12 17:03:47.344 12404-12440/org.gearvrf.tester V/gvrf: SHADER: rendering with program 9
05-12 17:03:47.344 12404-12440/org.gearvrf.tester V/gvrf: UniformBlock::bindBuffer Material_ubo bind at 1 index = 1
05-12 17:03:47.344 12404-12440/org.gearvrf.tester V/gvrf: UniformBlock::bindBuffer Transform_ubo bind at 0 index = 0
05-12 17:03:47.344 12404-12440/org.gearvrf.tester V/gvrf: VertexBuffer::bindBuffer 2 12
05-12 17:03:47.344 12404-12440/org.gearvrf.tester V/gvrf: IndexBuffer::bindBuffer 13
05-12 17:03:47.344 12404-12440/org.gearvrf.tester V/gvrf: SHADER: binding vertex arrays to program 9 0xdb0fb4c0 24 vertices, 36 indices mode = 4
05-12 17:03:47.347 12404-12449/org.gearvrf.tester W/TimeWarp: VSync 11263214: eye=1,late=0.0ms,over=0.1ms,CPU=0.7ms,GPU>=7.7
05-12 17:03:47.352 12404-12415/org.gearvrf.tester I/art: Background partial concurrent mark sweep GC freed 26(816B) AllocSpace objects, 1(4MB) LOS objects, 40% free, 22MB/37MB, paused 7.631ms total 53.380ms
05-12 17:03:47.356 12404-12450/org.gearvrf.tester I/OVR: SFUSION IMU DELAYED: prediction dt: 190901.887029. Time requested: 190901.887029. Last time processed: 0.000000
05-12 17:03:47.357 12404-12450/org.gearvrf.tester I/VrApi: FPS=0,Prd=0ms,Tear=0,Early=0,Stale=0,VSnc=0,Lat=0,CPU4/GPU=2/2,1248/0MHz,OC=FF,TA=F0/F0/0/0,SP=F/F/N/N,Mem=1014MHz,Free=847MB,PSM=0,PLS=0,Temp=30.4C/30.0C
05-12 17:03:47.357 12404-12440/org.gearvrf.tester V/gvrf: SHADER: getShader 1 -> GVRCubemapShader
05-12 17:03:47.357 12404-12440/org.gearvrf.tester V/gvrf: Texture: Image::checkForUpdate 0xdf9dd838 11 beach.zip HAS_DATA
05-12 17:03:47.357 12404-12440/org.gearvrf.tester V/gvrf: ShaderData::updateGPU u_texture is ready
05-12 17:03:47.357 12404-12440/org.gearvrf.tester V/gvrf: UniformBlock::updateGPU Transform_ubo size 400
05-12 17:03:47.357 12404-12440/org.gearvrf.tester V/gvrf: SHADER: rendering with program 6
05-12 17:03:47.358 12404-12440/org.gearvrf.tester V/gvrf: GLMaterial::bindTexture index=0 loc=0 id=11
05-12 17:03:47.358 12404-12440/org.gearvrf.tester V/gvrf: UniformBlock::bindBuffer Material_ubo bind at 1 index = 1
05-12 17:03:47.358 12404-12440/org.gearvrf.tester V/gvrf: UniformBlock::bindBuffer Transform_ubo bind at 0 index = 0
05-12 17:03:47.358 12404-12440/org.gearvrf.tester V/gvrf: VertexBuffer::bindBuffer 1 9
05-12 17:03:47.358 12404-12440/org.gearvrf.tester V/gvrf: IndexBuffer::bindBuffer 10
05-12 17:03:47.358 12404-12440/org.gearvrf.tester V/gvrf: SHADER: binding vertex arrays to program 6 0xdb0fb640 24 vertices, 36 indices mode = 4
05-12 17:03:47.358 12404-12440/org.gearvrf.tester V/gvrf: SHADER: getShader 2 -> GVRPhongShader$a_texcoord
05-12 17:03:47.359 12404-12440/org.gearvrf.tester V/gvrf: UniformBlock::updateGPU Transform_ubo size 400
05-12 17:03:47.359 12404-12440/org.gearvrf.tester V/gvrf: SHADER: rendering with program 9
05-12 17:03:47.359 12404-12440/org.gearvrf.tester V/gvrf: UniformBlock::bindBuffer Material_ubo bind at 1 index = 1
05-12 17:03:47.359 12404-12440/org.gearvrf.tester V/gvrf: UniformBlock::bindBuffer Transform_ubo bind at 0 index = 0
05-12 17:03:47.359 12404-12440/org.gearvrf.tester V/gvrf: VertexBuffer::bindBuffer 2 12
05-12 17:03:47.359 12404-12440/org.gearvrf.tester V/gvrf: IndexBuffer::bindBuffer 13
05-12 17:03:47.360 12404-12440/org.gearvrf.tester V/gvrf: SHADER: binding vertex arrays to program 9 0xdb0fb4c0 24 vertices, 36 indices mode = 4
05-12 17:03:47.361 12404-12440/org.gearvrf.tester V/gvrf: SHADER: getShader 1 -> GVRCubemapShader
05-12 17:03:47.361 12404-12440/org.gearvrf.tester V/gvrf: Texture: Image::checkForUpdate 0xdf9dd838 11 beach.zip HAS_DATA
05-12 17:03:47.361 12404-12440/org.gearvrf.tester V/gvrf: ShaderData::updateGPU u_texture is ready
05-12 17:03:47.361 12404-12440/org.gearvrf.tester V/gvrf: UniformBlock::updateGPU Transform_ubo size 400
05-12 17:03:47.362 12404-12440/org.gearvrf.tester V/gvrf: SHADER: rendering with program 6
05-12 17:03:47.362 12404-12440/org.gearvrf.tester V/gvrf: GLMaterial::bindTexture index=0 loc=0 id=11
05-12 17:03:47.362 12404-12440/org.gearvrf.tester V/gvrf: UniformBlock::bindBuffer Material_ubo bind at 1 index = 1
05-12 17:03:47.363 12404-12440/org.gearvrf.tester V/gvrf: UniformBlock::bindBuffer Transform_ubo bind at 0 index = 0
05-12 17:03:47.363 12404-12440/org.gearvrf.tester V/gvrf: VertexBuffer::bindBuffer 1 9
05-12 17:03:47.363 12404-12440/org.gearvrf.tester V/gvrf: IndexBuffer::bindBuffer 10
05-12 17:03:47.363 12404-12440/org.gearvrf.tester V/gvrf: SHADER: binding vertex arrays to program 6 0xdb0fb640 24 vertices, 36 indices mode = 4
05-12 17:03:47.363 12404-12440/org.gearvrf.tester V/gvrf: SHADER: getShader 2 -> GVRPhongShader$a_texcoord
05-12 17:03:47.364 12404-12440/org.gearvrf.tester V/gvrf: UniformBlock::updateGPU Transform_ubo size 400
05-12 17:03:47.364 12404-12440/org.gearvrf.tester V/gvrf: SHADER: rendering with program 9
05-12 17:03:47.365 12404-12440/org.gearvrf.tester V/gvrf: UniformBlock::bindBuffer Material_ubo bind at 1 index = 1
05-12 17:03:47.365 12404-12440/org.gearvrf.tester V/gvrf: UniformBlock::bindBuffer Transform_ubo bind at 0 index = 0
05-12 17:03:47.365 12404-12440/org.gearvrf.tester V/gvrf: VertexBuffer::bindBuffer 2 12
05-12 17:03:47.365 12404-12440/org.gearvrf.tester V/gvrf: IndexBuffer::bindBuffer 13
05-12 17:03:47.366 12404-12440/org.gearvrf.tester V/gvrf: SHADER: binding vertex arrays to program 9 0xdb0fb4c0 24 vertices, 36 indices mode = 4
05-12 17:03:47.374 12404-12440/org.gearvrf.tester V/gvrf: SHADER: getShader 1 -> GVRCubemapShader
05-12 17:03:47.374 12404-12440/org.gearvrf.tester V/gvrf: Texture: Image::checkForUpdate 0xdf9dd838 11 beach.zip HAS_DATA
05-12 17:03:47.374 12404-12440/org.gearvrf.tester V/gvrf: ShaderData::updateGPU u_texture is ready
05-12 17:03:47.374 12404-12440/org.gearvrf.tester V/gvrf: UniformBlock::updateGPU Transform_ubo size 400
05-12 17:03:47.374 12404-12440/org.gearvrf.tester V/gvrf: SHADER: rendering with program 6
05-12 17:03:47.374 12404-12440/org.gearvrf.tester V/gvrf: GLMaterial::bindTexture index=0 loc=0 id=11
05-12 17:03:47.374 12404-12440/org.gearvrf.tester V/gvrf: UniformBlock::bindBuffer Material_ubo bind at 1 index = 1
05-12 17:03:47.374 12404-12440/org.gearvrf.tester V/gvrf: UniformBlock::bindBuffer Transform_ubo bind at 0 index = 0
05-12 17:03:47.374 12404-12440/org.gearvrf.tester V/gvrf: VertexBuffer::bindBuffer 1 9
05-12 17:03:47.374 12404-12440/org.gearvrf.tester V/gvrf: IndexBuffer::bindBuffer 10
05-12 17:03:47.375 12404-12440/org.gearvrf.tester V/gvrf: SHADER: binding vertex arrays to program 6 0xdb0fb640 24 vertices, 36 indices mode = 4
05-12 17:03:47.375 12404-12440/org.gearvrf.tester V/gvrf: SHADER: getShader 2 -> GVRPhongShader$a_texcoord
05-12 17:03:47.375 12404-12440/org.gearvrf.tester V/gvrf: UniformBlock::updateGPU Transform_ubo size 400
05-12 17:03:47.375 12404-12440/org.gearvrf.tester V/gvrf: SHADER: rendering with program 9
05-12 17:03:47.375 12404-12440/org.gearvrf.tester V/gvrf: UniformBlock::bindBuffer Material_ubo bind at 1 index = 1
05-12 17:03:47.375 12404-12440/org.gearvrf.tester V/gvrf: UniformBlock::bindBuffer Transform_ubo bind at 0 index = 0
05-12 17:03:47.375 12404-12440/org.gearvrf.tester V/gvrf: VertexBuffer::bindBuffer 2 12
05-12 17:03:47.376 12404-12440/org.gearvrf.tester V/gvrf: IndexBuffer::bindBuffer 13
05-12 17:03:47.376 12404-12440/org.gearvrf.tester V/gvrf: SHADER: binding vertex arrays to program 9 0xdb0fb4c0 24 vertices, 36 indices mode = 4
05-12 17:03:47.377 12404-12440/org.gearvrf.tester V/gvrf: SHADER: getShader 1 -> GVRCubemapShader
05-12 17:03:47.377 12404-12440/org.gearvrf.tester V/gvrf: Texture: Image::checkForUpdate 0xdf9dd838 11 beach.zip HAS_DATA
05-12 17:03:47.377 12404-12440/org.gearvrf.tester V/gvrf: ShaderData::updateGPU u_texture is ready
05-12 17:03:47.378 12404-12440/org.gearvrf.tester V/gvrf: UniformBlock::updateGPU Transform_ubo size 400
05-12 17:03:47.378 12404-12440/org.gearvrf.tester V/gvrf: SHADER: rendering with program 6
05-12 17:03:47.378 12404-12440/org.gearvrf.tester V/gvrf: GLMaterial::bindTexture index=0 loc=0 id=11
05-12 17:03:47.378 12404-12440/org.gearvrf.tester V/gvrf: UniformBlock::bindBuffer Material_ubo bind at 1 index = 1
05-12 17:03:47.379 12404-12440/org.gearvrf.tester V/gvrf: UniformBlock::bindBuffer Transform_ubo bind at 0 index = 0
05-12 17:03:47.379 12404-12440/org.gearvrf.tester V/gvrf: VertexBuffer::bindBuffer 1 9
05-12 17:03:47.379 12404-12440/org.gearvrf.tester V/gvrf: IndexBuffer::bindBuffer 10
05-12 17:03:47.379 12404-12440/org.gearvrf.tester V/gvrf: SHADER: binding vertex arrays to program 6 0xdb0fb640 24 vertices, 36 indices mode = 4
05-12 17:03:47.379 12404-12440/org.gearvrf.tester V/gvrf: SHADER: getShader 2 -> GVRPhongShader$a_texcoord
05-12 17:03:47.380 12404-12440/org.gearvrf.tester V/gvrf: UniformBlock::updateGPU Transform_ubo size 400
05-12 17:03:47.380 12404-12440/org.gearvrf.tester V/gvrf: SHADER: rendering with program 9
05-12 17:03:47.380 12404-12440/org.gearvrf.tester V/gvrf: UniformBlock::bindBuffer Material_ubo bind at 1 index = 1
05-12 17:03:47.380 12404-12440/org.gearvrf.tester V/gvrf: UniformBlock::bindBuffer Transform_ubo bind at 0 index = 0
05-12 17:03:47.380 12404-12440/org.gearvrf.tester V/gvrf: VertexBuffer::bindBuffer 2 12
05-12 17:03:47.380 12404-12440/org.gearvrf.tester V/gvrf: IndexBuffer::bindBuffer 13
05-12 17:03:47.380 12404-12440/org.gearvrf.tester V/gvrf: SHADER: binding vertex arrays to program 9 0xdb0fb4c0 24 vertices, 36 indices mode = 4
05-12 17:03:47.391 12404-12440/org.gearvrf.tester V/gvrf: SHADER: getShader 1 -> GVRCubemapShader
05-12 17:03:47.391 12404-12440/org.gearvrf.tester V/gvrf: Texture: Image::checkForUpdate 0xdf9dd838 11 beach.zip HAS_DATA
05-12 17:03:47.391 12404-12440/org.gearvrf.tester V/gvrf: ShaderData::updateGPU u_texture is ready
05-12 17:03:47.391 12404-12440/org.gearvrf.tester V/gvrf: UniformBlock::updateGPU Transform_ubo size 400
05-12 17:03:47.391 12404-12440/org.gearvrf.tester V/gvrf: SHADER: rendering with program 6
05-12 17:03:47.391 12404-12440/org.gearvrf.tester V/gvrf: GLMaterial::bindTexture index=0 loc=0 id=11
05-12 17:03:47.392 12404-12440/org.gearvrf.tester V/gvrf: UniformBlock::bindBuffer Material_ubo bind at 1 index = 1
05-12 17:03:47.392 12404-12440/org.gearvrf.tester V/gvrf: UniformBlock::bindBuffer Transform_ubo bind at 0 index = 0
05-12 17:03:47.392 12404-12440/org.gearvrf.tester V/gvrf: VertexBuffer::bindBuffer 1 9
05-12 17:03:47.392 12404-12440/org.gearvrf.tester V/gvrf: IndexBuffer::bindBuffer 10
05-12 17:03:47.392 12404-12440/org.gearvrf.tester V/gvrf: SHADER: binding vertex arrays to program 6 0xdb0fb640 24 vertices, 36 indices mode = 4
05-12 17:03:47.392 12404-12440/org.gearvrf.tester V/gvrf: SHADER: getShader 2 -> GVRPhongShader$a_texcoord
05-12 17:03:47.394 12404-12440/org.gearvrf.tester V/gvrf: UniformBlock::updateGPU Transform_ubo size 400
05-12 17:03:47.394 12404-12440/org.gearvrf.tester V/gvrf: SHADER: rendering with program 9
05-12 17:03:47.394 12404-12440/org.gearvrf.tester V/gvrf: UniformBlock::bindBuffer Material_ubo bind at 1 index = 1
05-12 17:03:47.394 12404-12440/org.gearvrf.tester V/gvrf: UniformBlock::bindBuffer Transform_ubo bind at 0 index = 0
05-12 17:03:47.394 12404-12440/org.gearvrf.tester V/gvrf: VertexBuffer::bindBuffer 2 12
05-12 17:03:47.395 12404-12440/org.gearvrf.tester V/gvrf: IndexBuffer::bindBuffer 13
05-12 17:03:47.395 12404-12440/org.gearvrf.tester V/gvrf: SHADER: binding vertex arrays to program 9 0xdb0fb4c0 24 vertices, 36 indices mode = 4
05-12 17:03:47.396 12404-12440/org.gearvrf.tester V/gvrf: SHADER: getShader 1 -> GVRCubemapShader
05-12 17:03:47.396 12404-12440/org.gearvrf.tester V/gvrf: Texture: Image::checkForUpdate 0xdf9dd838 11 beach.zip HAS_DATA
05-12 17:03:47.396 12404-12440/org.gearvrf.tester V/gvrf: ShaderData::updateGPU u_texture is ready
05-12 17:03:47.396 12404-12440/org.gearvrf.tester V/gvrf: UniformBlock::updateGPU Transform_ubo size 400
05-12 17:03:47.396 12404-12440/org.gearvrf.tester V/gvrf: SHADER: rendering with program 6
05-12 17:03:47.396 12404-12440/org.gearvrf.tester V/gvrf: GLMaterial::bindTexture index=0 loc=0 id=11
05-12 17:03:47.396 12404-12440/org.gearvrf.tester V/gvrf: UniformBlock::bindBuffer Material_ubo bind at 1 index = 1
05-12 17:03:47.396 12404-12440/org.gearvrf.tester V/gvrf: UniformBlock::bindBuffer Transform_ubo bind at 0 index = 0
05-12 17:03:47.397 12404-12440/org.gearvrf.tester V/gvrf: VertexBuffer::bindBuffer 1 9
05-12 17:03:47.397 12404-12440/org.gearvrf.tester V/gvrf: IndexBuffer::bindBuffer 10
05-12 17:03:47.397 12404-12440/org.gearvrf.tester V/gvrf: SHADER: binding vertex arrays to program 6 0xdb0fb640 24 vertices, 36 indices mode = 4
05-12 17:03:47.397 12470-12470/? I/Enhanced Zygote ASLR: DISABLED!
05-12 17:03:47.397 12404-12440/org.gearvrf.tester V/gvrf: SHADER: getShader 2 -> GVRPhongShader$a_texcoord
05-12 17:03:47.397 12404-12440/org.gearvrf.tester V/gvrf: UniformBlock::updateGPU Transform_ubo size 400
05-12 17:03:47.397 12404-12440/org.gearvrf.tester V/gvrf: SHADER: rendering with program 9
05-12 17:03:47.398 12404-12440/org.gearvrf.tester V/gvrf: UniformBlock::bindBuffer Material_ubo bind at 1 index = 1
05-12 17:03:47.398 12404-12440/org.gearvrf.tester V/gvrf: UniformBlock::bindBuffer Transform_ubo bind at 0 index = 0
05-12 17:03:47.398 12404-12440/org.gearvrf.tester V/gvrf: VertexBuffer::bindBuffer 2 12
05-12 17:03:47.398 12404-12440/org.gearvrf.tester V/gvrf: IndexBuffer::bindBuffer 13
05-12 17:03:47.398 12404-12440/org.gearvrf.tester V/gvrf: SHADER: binding vertex arrays to program 9 0xdb0fb4c0 24 vertices, 36 indices mode = 4
05-12 17:03:47.399 12470-12470/? I/Radio-JNI: register_android_hardware_Radio DONE
05-12 17:03:47.401 12404-12404/org.gearvrf.tester I/Vsync: Choreographer doFrame callback delayed by 3.3 milliseconds
05-12 17:03:47.406 12404-12440/org.gearvrf.tester V/gvrf: SHADER: getShader 1 -> GVRCubemapShader
05-12 17:03:47.407 12404-12440/org.gearvrf.tester V/gvrf: Texture: Image::checkForUpdate 0xdf9dd838 11 beach.zip HAS_DATA
05-12 17:03:47.407 12404-12440/org.gearvrf.tester V/gvrf: ShaderData::updateGPU u_texture is ready
05-12 17:03:47.407 12404-12440/org.gearvrf.tester V/gvrf: UniformBlock::updateGPU Transform_ubo size 400
05-12 17:03:47.407 12404-12440/org.gearvrf.tester V/gvrf: SHADER: rendering with program 6
05-12 17:03:47.407 12404-12440/org.gearvrf.tester V/gvrf: GLMaterial::bindTexture index=0 loc=0 id=11
05-12 17:03:47.407 12404-12440/org.gearvrf.tester V/gvrf: UniformBlock::bindBuffer Material_ubo bind at 1 index = 1
05-12 17:03:47.407 12404-12440/org.gearvrf.tester V/gvrf: UniformBlock::bindBuffer Transform_ubo bind at 0 index = 0
05-12 17:03:47.407 12404-12440/org.gearvrf.tester V/gvrf: VertexBuffer::bindBuffer 1 9
05-12 17:03:47.407 12404-12440/org.gearvrf.tester V/gvrf: IndexBuffer::bindBuffer 10
05-12 17:03:47.407 12404-12440/org.gearvrf.tester V/gvrf: SHADER: binding vertex arrays to program 6 0xdb0fb640 24 vertices, 36 indices mode = 4
05-12 17:03:47.407 12470-12470/? D/ReflectionHelper: loadKlass() : caller=android.app.Activity.<clinit>:7525 <bottom of call stack> 
05-12 17:03:47.408 12404-12440/org.gearvrf.tester V/gvrf: SHADER: getShader 2 -> GVRPhongShader$a_texcoord
05-12 17:03:47.408 12404-12440/org.gearvrf.tester V/gvrf: UniformBlock::updateGPU Transform_ubo size 400
05-12 17:03:47.408 12470-12470/? D/ReflectionHelper: Reflecting method.....  class <onScreenChanged>
05-12 17:03:47.408 12404-12440/org.gearvrf.tester V/gvrf: SHADER: rendering with program 9
05-12 17:03:47.408 12404-12440/org.gearvrf.tester V/gvrf: UniformBlock::bindBuffer Material_ubo bind at 1 index = 1
05-12 17:03:47.408 12404-12440/org.gearvrf.tester V/gvrf: UniformBlock::bindBuffer Transform_ubo bind at 0 index = 0
05-12 17:03:47.408 12404-12440/org.gearvrf.tester V/gvrf: VertexBuffer::bindBuffer 2 12
05-12 17:03:47.409 12404-12440/org.gearvrf.tester V/gvrf: IndexBuffer::bindBuffer 13
05-12 17:03:47.409 12404-12440/org.gearvrf.tester V/gvrf: SHADER: binding vertex arrays to program 9 0xdb0fb4c0 24 vertices, 36 indices mode = 4
05-12 17:03:47.409 12404-12440/org.gearvrf.tester V/gvrf: SHADER: getShader 1 -> GVRCubemapShader
05-12 17:03:47.410 12404-12440/org.gearvrf.tester V/gvrf: Texture: Image::checkForUpdate 0xdf9dd838 11 beach.zip HAS_DATA
05-12 17:03:47.410 12404-12440/org.gearvrf.tester V/gvrf: ShaderData::updateGPU u_texture is ready
05-12 17:03:47.410 12404-12440/org.gearvrf.tester V/gvrf: UniformBlock::updateGPU Transform_ubo size 400
05-12 17:03:47.410 12404-12440/org.gearvrf.tester V/gvrf: SHADER: rendering with program 6
05-12 17:03:47.410 12404-12440/org.gearvrf.tester V/gvrf: GLMaterial::bindTexture index=0 loc=0 id=11
05-12 17:03:47.410 12404-12440/org.gearvrf.tester V/gvrf: UniformBlock::bindBuffer Material_ubo bind at 1 index = 1
05-12 17:03:47.410 12404-12440/org.gearvrf.tester V/gvrf: UniformBlock::bindBuffer Transform_ubo bind at 0 index = 0
05-12 17:03:47.410 12404-12440/org.gearvrf.tester V/gvrf: VertexBuffer::bindBuffer 1 9
05-12 17:03:47.410 12404-12440/org.gearvrf.tester V/gvrf: IndexBuffer::bindBuffer 10
05-12 17:03:47.410 12404-12440/org.gearvrf.tester V/gvrf: SHADER: binding vertex arrays to program 6 0xdb0fb640 24 vertices, 36 indices mode = 4
05-12 17:03:47.410 12470-12470/? E/SemAffinityControl: SemAffinityControl: registerfunction enter
05-12 17:03:47.410 12404-12440/org.gearvrf.tester V/gvrf: SHADER: getShader 2 -> GVRPhongShader$a_texcoord
05-12 17:03:47.411 12404-12440/org.gearvrf.tester V/gvrf: UniformBlock::updateGPU Transform_ubo size 400
05-12 17:03:47.411 12404-12440/org.gearvrf.tester V/gvrf: SHADER: rendering with program 9
05-12 17:03:47.411 12404-12440/org.gearvrf.tester V/gvrf: UniformBlock::bindBuffer Material_ubo bind at 1 index = 1
05-12 17:03:47.411 12404-12440/org.gearvrf.tester V/gvrf: UniformBlock::bindBuffer Transform_ubo bind at 0 index = 0
05-12 17:03:47.411 12404-12440/org.gearvrf.tester V/gvrf: VertexBuffer::bindBuffer 2 12
05-12 17:03:47.411 12404-12440/org.gearvrf.tester V/gvrf: IndexBuffer::bindBuffer 13
05-12 17:03:47.411 12404-12440/org.gearvrf.tester V/gvrf: SHADER: binding vertex arrays to program 9 0xdb0fb4c0 24 vertices, 36 indices mode = 4
05-12 17:03:47.423 12404-12440/org.gearvrf.tester V/gvrf: SHADER: getShader 1 -> GVRCubemapShader
05-12 17:03:47.423 12404-12440/org.gearvrf.tester V/gvrf: Texture: Image::checkForUpdate 0xdf9dd838 11 beach.zip HAS_DATA
05-12 17:03:47.423 12404-12440/org.gearvrf.tester V/gvrf: ShaderData::updateGPU u_texture is ready
05-12 17:03:47.424 12404-12440/org.gearvrf.tester V/gvrf: UniformBlock::updateGPU Transform_ubo size 400
05-12 17:03:47.424 12404-12440/org.gearvrf.tester V/gvrf: SHADER: rendering with program 6
05-12 17:03:47.424 12404-12440/org.gearvrf.tester V/gvrf: GLMaterial::bindTexture index=0 loc=0 id=11
05-12 17:03:47.424 12404-12440/org.gearvrf.tester V/gvrf: UniformBlock::bindBuffer Material_ubo bind at 1 index = 1
05-12 17:03:47.424 12404-12440/org.gearvrf.tester V/gvrf: UniformBlock::bindBuffer Transform_ubo bind at 0 index = 0
05-12 17:03:47.424 12404-12440/org.gearvrf.tester V/gvrf: VertexBuffer::bindBuffer 1 9
05-12 17:03:47.424 12404-12440/org.gearvrf.tester V/gvrf: IndexBuffer::bindBuffer 10
05-12 17:03:47.424 12404-12440/org.gearvrf.tester V/gvrf: SHADER: binding vertex arrays to program 6 0xdb0fb640 24 vertices, 36 indices mode = 4
05-12 17:03:47.424 12404-12440/org.gearvrf.tester V/gvrf: SHADER: getShader 2 -> GVRPhongShader$a_texcoord
05-12 17:03:47.424 12404-12440/org.gearvrf.tester V/gvrf: UniformBlock::updateGPU Transform_ubo size 400
05-12 17:03:47.425 12404-12440/org.gearvrf.tester V/gvrf: SHADER: rendering with program 9
05-12 17:03:47.425 12404-12440/org.gearvrf.tester V/gvrf: UniformBlock::bindBuffer Material_ubo bind at 1 index = 1
05-12 17:03:47.425 12404-12440/org.gearvrf.tester V/gvrf: UniformBlock::bindBuffer Transform_ubo bind at 0 index = 0
05-12 17:03:47.425 12404-12440/org.gearvrf.tester V/gvrf: VertexBuffer::bindBuffer 2 12
05-12 17:03:47.425 12404-12440/org.gearvrf.tester V/gvrf: IndexBuffer::bindBuffer 13
05-12 17:03:47.425 12404-12440/org.gearvrf.tester V/gvrf: SHADER: binding vertex arrays to program 9 0xdb0fb4c0 24 vertices, 36 indices mode = 4
05-12 17:03:47.426 12404-12440/org.gearvrf.tester V/gvrf: SHADER: getShader 1 -> GVRCubemapShader
05-12 17:03:47.426 12404-12440/org.gearvrf.tester V/gvrf: Texture: Image::checkForUpdate 0xdf9dd838 11 beach.zip HAS_DATA
05-12 17:03:47.426 12404-12440/org.gearvrf.tester V/gvrf: ShaderData::updateGPU u_texture is ready
05-12 17:03:47.426 12404-12440/org.gearvrf.tester V/gvrf: UniformBlock::updateGPU Transform_ubo size 400
05-12 17:03:47.426 12404-12440/org.gearvrf.tester V/gvrf: SHADER: rendering with program 6
05-12 17:03:47.426 12404-12440/org.gearvrf.tester V/gvrf: GLMaterial::bindTexture index=0 loc=0 id=11
05-12 17:03:47.427 12404-12440/org.gearvrf.tester V/gvrf: UniformBlock::bindBuffer Material_ubo bind at 1 index = 1
05-12 17:03:47.427 12404-12440/org.gearvrf.tester V/gvrf: UniformBlock::bindBuffer Transform_ubo bind at 0 index = 0
05-12 17:03:47.427 12404-12440/org.gearvrf.tester V/gvrf: VertexBuffer::bindBuffer 1 9
05-12 17:03:47.427 12404-12440/org.gearvrf.tester V/gvrf: IndexBuffer::bindBuffer 10
05-12 17:03:47.427 12404-12440/org.gearvrf.tester V/gvrf: SHADER: binding vertex arrays to program 6 0xdb0fb640 24 vertices, 36 indices mode = 4
05-12 17:03:47.427 12404-12440/org.gearvrf.tester V/gvrf: SHADER: getShader 2 -> GVRPhongShader$a_texcoord
05-12 17:03:47.427 12404-12440/org.gearvrf.tester V/gvrf: UniformBlock::updateGPU Transform_ubo size 400
05-12 17:03:47.427 12404-12440/org.gearvrf.tester V/gvrf: SHADER: rendering with program 9
05-12 17:03:47.427 12404-12440/org.gearvrf.tester V/gvrf: UniformBlock::bindBuffer Material_ubo bind at 1 index = 1
05-12 17:03:47.428 12404-12440/org.gearvrf.tester V/gvrf: UniformBlock::bindBuffer Transform_ubo bind at 0 index = 0
05-12 17:03:47.428 12404-12440/org.gearvrf.tester V/gvrf: VertexBuffer::bindBuffer 2 12
05-12 17:03:47.428 12404-12440/org.gearvrf.tester V/gvrf: IndexBuffer::bindBuffer 13
05-12 17:03:47.428 12404-12440/org.gearvrf.tester V/gvrf: SHADER: binding vertex arrays to program 9 0xdb0fb4c0 24 vertices, 36 indices mode = 4
05-12 17:03:47.440 12404-12440/org.gearvrf.tester V/gvrf: SHADER: getShader 1 -> GVRCubemapShader
05-12 17:03:47.440 12404-12440/org.gearvrf.tester V/gvrf: Texture: Image::checkForUpdate 0xdf9dd838 11 beach.zip HAS_DATA
05-12 17:03:47.440 12404-12440/org.gearvrf.tester V/gvrf: ShaderData::updateGPU u_texture is ready
05-12 17:03:47.440 12404-12440/org.gearvrf.tester V/gvrf: UniformBlock::updateGPU Transform_ubo size 400
05-12 17:03:47.440 12404-12440/org.gearvrf.tester V/gvrf: SHADER: rendering with program 6
05-12 17:03:47.441 12404-12440/org.gearvrf.tester V/gvrf: GLMaterial::bindTexture index=0 loc=0 id=11
05-12 17:03:47.441 12404-12440/org.gearvrf.tester V/gvrf: UniformBlock::bindBuffer Material_ubo bind at 1 index = 1
05-12 17:03:47.441 12404-12440/org.gearvrf.tester V/gvrf: UniformBlock::bindBuffer Transform_ubo bind at 0 index = 0
05-12 17:03:47.441 12404-12440/org.gearvrf.tester V/gvrf: VertexBuffer::bindBuffer 1 9
05-12 17:03:47.441 12404-12440/org.gearvrf.tester V/gvrf: IndexBuffer::bindBuffer 10
05-12 17:03:47.441 12404-12440/org.gearvrf.tester V/gvrf: SHADER: binding vertex arrays to program 6 0xdb0fb640 24 vertices, 36 indices mode = 4
05-12 17:03:47.441 12404-12440/org.gearvrf.tester V/gvrf: SHADER: getShader 2 -> GVRPhongShader$a_texcoord
05-12 17:03:47.441 12404-12440/org.gearvrf.tester V/gvrf: UniformBlock::updateGPU Transform_ubo size 400
05-12 17:03:47.441 12404-12440/org.gearvrf.tester V/gvrf: SHADER: rendering with program 9
05-12 17:03:47.442 12404-12440/org.gearvrf.tester V/gvrf: UniformBlock::bindBuffer Material_ubo bind at 1 index = 1
05-12 17:03:47.442 12404-12440/org.gearvrf.tester V/gvrf: UniformBlock::bindBuffer Transform_ubo bind at 0 index = 0
05-12 17:03:47.442 12404-12440/org.gearvrf.tester V/gvrf: VertexBuffer::bindBuffer 2 12
05-12 17:03:47.442 12404-12440/org.gearvrf.tester V/gvrf: IndexBuffer::bindBuffer 13
05-12 17:03:47.442 12404-12440/org.gearvrf.tester V/gvrf: SHADER: binding vertex arrays to program 9 0xdb0fb4c0 24 vertices, 36 indices mode = 4
05-12 17:03:47.443 12404-12440/org.gearvrf.tester V/gvrf: SHADER: getShader 1 -> GVRCubemapShader
05-12 17:03:47.443 12404-12440/org.gearvrf.tester V/gvrf: Texture: Image::checkForUpdate 0xdf9dd838 11 beach.zip HAS_DATA
05-12 17:03:47.443 12404-12440/org.gearvrf.tester V/gvrf: ShaderData::updateGPU u_texture is ready
05-12 17:03:47.443 12404-12440/org.gearvrf.tester V/gvrf: UniformBlock::updateGPU Transform_ubo size 400
05-12 17:03:47.443 12404-12440/org.gearvrf.tester V/gvrf: SHADER: rendering with program 6
05-12 17:03:47.443 12404-12440/org.gearvrf.tester V/gvrf: GLMaterial::bindTexture index=0 loc=0 id=11
05-12 17:03:47.443 12470-12470/? D/AndroidRuntime: Calling main entry com.android.commands.am.Am
05-12 17:03:47.443 12404-12440/org.gearvrf.tester V/gvrf: UniformBlock::bindBuffer Material_ubo bind at 1 index = 1
05-12 17:03:47.444 12404-12440/org.gearvrf.tester V/gvrf: UniformBlock::bindBuffer Transform_ubo bind at 0 index = 0
05-12 17:03:47.444 12404-12440/org.gearvrf.tester V/gvrf: VertexBuffer::bindBuffer 1 9
05-12 17:03:47.444 12404-12440/org.gearvrf.tester V/gvrf: IndexBuffer::bindBuffer 10
05-12 17:03:47.444 12404-12440/org.gearvrf.tester V/gvrf: SHADER: binding vertex arrays to program 6 0xdb0fb640 24 vertices, 36 indices mode = 4
05-12 17:03:47.444 12404-12440/org.gearvrf.tester V/gvrf: SHADER: getShader 2 -> GVRPhongShader$a_texcoord
05-12 17:03:47.444 12404-12440/org.gearvrf.tester V/gvrf: UniformBlock::updateGPU Transform_ubo size 400
05-12 17:03:47.444 12404-12440/org.gearvrf.tester V/gvrf: SHADER: rendering with program 9
05-12 17:03:47.444 12404-12440/org.gearvrf.tester V/gvrf: UniformBlock::bindBuffer Material_ubo bind at 1 index = 1
05-12 17:03:47.444 12404-12440/org.gearvrf.tester V/gvrf: UniformBlock::bindBuffer Transform_ubo bind at 0 index = 0
05-12 17:03:47.445 12404-12440/org.gearvrf.tester V/gvrf: VertexBuffer::bindBuffer 2 12
05-12 17:03:47.445 12404-12440/org.gearvrf.tester V/gvrf: IndexBuffer::bindBuffer 13
05-12 17:03:47.445 12404-12440/org.gearvrf.tester V/gvrf: SHADER: binding vertex arrays to program 9 0xdb0fb4c0 24 vertices, 36 indices mode = 4
05-12 17:03:47.451 3676-4035/system_process I/ActivityManager: Force stopping org.gearvrf.tester appid=10226 user=0: from pid 12470
05-12 17:03:47.453 3676-4035/system_process I/ActivityManager: Killing 12404:org.gearvrf.tester/u0a226 (adj 0): stop org.gearvrf.tester
05-12 17:03:47.454 3676-4035/system_process D/ActivityManager: cleanUpApplicationRecord -- 12404
05-12 17:03:47.462 12451-12451/com.samsung.android.app.vr.input.service E/VRInputService[04/13/2017-07:23:27AM][2645264][/1.0.44/44]: at (SamsungVRInputService) [onUnbind() [0], intent=[Intent { cmp=com.samsung.android.app.vr.input.service/.SamsungVRInputService launchParam=MultiScreenLaunchParams { mDisplayId=0 mFlags=0 } }], uid=[10201], pName=[com.samsung.android.app.vr.input.service]]
05-12 17:03:47.463 3676-4035/system_process W/ActivityManager: Force removing ActivityRecord{87da4f5d0 u0 org.gearvrf.tester/org.gearvrf.unittestutils.GVRTestableActivity t509}: app died, no saved state
05-12 17:03:47.463 3676-4035/system_process W/MultiScreenManagerService: moveTaskBackToDisplayIfNeeded(): root is not base activity
05-12 17:03:47.465 3676-4035/system_process D/GameManagerService: sem_perfomance_mode: 0
05-12 17:03:47.469 3676-4035/system_process D/LockSettingsStorage: mSKTLockState = 2
05-12 17:03:47.470 3676-4035/system_process D/LockSettingsStorage: mSKTLockState = 2
05-12 17:03:47.474 3676-4035/system_process D/InputDispatcher: Focus left window: Window{7af073ed0 u0 org.gearvrf.tester/org.gearvrf.unittestutils.GVRTestableActivity}
05-12 17:03:47.476 3676-4035/system_process I/WindowManager: Destroying surface Surface(name=SurfaceView - org.gearvrf.tester/org.gearvrf.unittestutils.GVRTestableActivity) called by com.android.server.wm.WindowStateAnimator.destroySurface:2838 com.android.server.wm.WindowStateAnimator.destroySurfaceLocked:1069 com.android.server.wm.WindowState.removeLocked:1776 com.android.server.wm.WindowManagerService.removeWindowInnerLocked:2876 com.android.server.wm.WindowManagerService.removeWindowLocked:2816 com.android.server.wm.WindowManagerService.removeWindowLocked:2641 com.android.server.wm.AppWindowToken.removeAllWindows:596 com.android.server.wm.AppWindowToken.removeAppFromTaskLocked:358 
05-12 17:03:47.477 3200-3266/? I/SurfaceFlinger: id=7464 Removed SurfaceView - org.gearvrf.tester/org.gearvrf.unittestutils.GVRTestableActivity (3/7)
05-12 17:03:47.477 3200-3266/? I/SurfaceFlinger: id=7464 Removed SurfaceView - org.gearvrf.tester/org.gearvrf.unittestutils.GVRTestableActivity (-2/7)
05-12 17:03:47.478 3200-3266/? I/SurfaceFlinger: id=7465 Removed SurfaceView - org.gearvrf.tester/org.gearvrf.unittestutils.GVRTestableActivity (1/6)
05-12 17:03:47.481 3200-4121/? I/SurfaceFlinger: id=7465 Removed SurfaceView - org.gearvrf.tester/org.gearvrf.unittestutils.GVRTestableActivity (-2/6)
05-12 17:03:47.483 3676-4035/system_process D/LockSettingsStorage: mSKTLockState = 2
05-12 17:03:47.491 4916-4916/com.samsung.android.providers.context I/ContextFramework: AppUsageMonitor: app log inserted org.gearvrf.tester/org.gearvrf.unittestutils.GVRTestableActivity type 0
05-12 17:03:47.496 3676-4035/system_process V/EdgeWindowManager: requestCocktailRotationAnimation=false, Callers=com.android.server.wm.WindowManagerService.removeWindowLocked:2822 com.android.server.wm.WindowManagerService.removeWindowLocked:2641 com.android.server.wm.AppWindowToken.removeAllWindows:596 com.android.server.wm.AppWindowToken.removeAppFromTaskLocked:358 
05-12 17:03:47.498 3676-4035/system_process I/WindowManager: Destroying surface Surface(name=org.gearvrf.tester/org.gearvrf.unittestutils.GVRTestableActivity) called by com.android.server.wm.WindowStateAnimator.destroySurface:2838 com.android.server.wm.WindowStateAnimator.destroySurfaceLocked:1069 com.android.server.wm.WindowState.removeLocked:1776 com.android.server.wm.WindowManagerService.removeWindowInnerLocked:2876 com.android.server.wm.WindowManagerService.removeWindowLocked:2816 com.android.server.wm.WindowManagerService.removeWindowLocked:2641 com.android.server.wm.AppWindowToken.removeAllWindows:596 com.android.server.wm.AppWindowToken.removeAppFromTaskLocked:358 
05-12 17:03:47.499 3200-3328/? I/SurfaceFlinger: id=7463 Removed org.gearvrf.tester/org.gearvrf.unittestutils.GVRTestableActivity (2/5)
05-12 17:03:47.500 3676-4035/system_process D/LockSettingsStorage: mSKTLockState = 2
05-12 17:03:47.502 3676-4035/system_process D/InputTransport: Input channel destroyed: name='7af073e org.gearvrf.tester/org.gearvrf.unittestutils.GVRTestableActivity (server)', fd=484
05-12 17:03:47.503 3676-4035/system_process V/EdgeWindowManager: requestCocktailRotationAnimation=false, Callers=com.android.server.wm.WindowManagerService.removeWindowLocked:2822 com.android.server.wm.WindowManagerService.removeWindowLocked:2641 com.android.server.wm.AppWindowToken.removeAllWindows:596 com.android.server.wm.AppWindowToken.removeAppFromTaskLocked:358 
05-12 17:03:47.504 3676-4035/system_process D/InputDispatcher: Focused application released
05-12 17:03:47.506 3676-4035/system_process D/ActivityManager: moveToFront() : reason=appDied setFocusedActivity isAttached=true TaskRecord{c273d65d0 #328 A=com.sec.android.app.launcher U=0 StackId=0 sz=1}
05-12 17:03:47.506 3676-4035/system_process W/MultiScreenManagerService: failed to move task TaskRecord{f509b71d0 #509 A=org.gearvrf.tester U=0 StackId=1 sz=0}
05-12 17:03:47.507 3676-4035/system_process D/ActivityManager: setFocusStackUnchecked: reason=appDied setFocusedActivity focusCandidate=ActivityStack{e1e104ad0 stackId=0, 2 tasks} caller=com.android.server.am.ActivityStack.moveToFront:873 com.android.server.am.ActivityStackSupervisor.moveActivityStackToFront:1995 
05-12 17:03:47.512 3676-4035/system_process D/LockSettingsStorage: mSKTLockState = 2
05-12 17:03:47.514 3676-4035/system_process D/InputDispatcher: Focused application set to: AppWindowToken{2cc6ccf token=Token{297992e ActivityRecord{2224fa9d0 u0 com.sec.android.app.launcher/.activities.LauncherActivity t328}}}
05-12 17:03:47.515 3676-4035/system_process W/ActivityManager: Crash of app org.gearvrf.tester running instrumentation ComponentInfo{org.gearvrf.tester.test/android.support.test.runner.AndroidJUnitRunner}
05-12 17:03:47.515 3676-3676/system_process I/MultiWindowManagerService: NOTIFY_ACTIVITY_STACK_DETACHED, stackId=1, displayId=-1
05-12 17:03:47.516 3676-4035/system_process I/ActivityManager: Force stopping org.gearvrf.tester appid=10226 user=0: finished inst
05-12 17:03:47.519 12395-12395/? D/AndroidRuntime: Shutting down VM
05-12 17:03:47.532 3676-4035/system_process D/ActivityManager: resumeTopActivityInnerLocked() : #0 prevTask=null next=ActivityRecord{2224fa9d0 u0 com.sec.android.app.launcher/.activities.LauncherActivity t328} mFocusedStack=ActivityStack{e1e104ad0 stackId=0, 2 tasks}
05-12 17:03:47.533 3676-4035/system_process I/CustomFrequencyManager: newFrequencyRequest  - mFrequency = 0, mTimeoutMs = -1, mPkgName = AMS_RESUME@POWER_COLLAPSE@6
05-12 17:03:47.533 3676-4035/system_process I/CustomFrequencyManager: Boost Request from package = AMS_RESUME@POWER_COLLAPSE@6 frequency : 0 type = 12
05-12 17:03:47.533 3676-4035/system_process I/CustomFrequencyManager: !! pkgName = AMS_RESUME@POWER_COLLAPSE@6
05-12 17:03:47.533 3676-4035/system_process I/CustomFrequencyManager: CPUDisCStateRequest : doFrequencyRequest::  = 0 Timeout : -1
05-12 17:03:47.533 3676-4035/system_process D/CustomFrequencyManagerService: disableCPUCState:: package = AMS_RESUME@POWER_COLLAPSE@6, uid = 1000, pid = 3676
05-12 17:03:47.533 3676-4035/system_process D/CustomFrequencyManagerService: disableCPUCState, index: -1
05-12 17:03:47.533 3676-4035/system_process D/CustomFrequencyManagerService: FrequencyrequestList.addReqest:: insert new request.
05-12 17:03:47.533 3676-4035/system_process D/CustomFrequencyManagerService: disableCPUCState, index not found, new req added in list
05-12 17:03:47.533 3676-4035/system_process D/CustomFrequencyManagerService: disableCPUCState, Going to change the CState disable
05-12 17:03:47.534 3676-4035/system_process D/SSRM:GenericFalImpl: writeSysfs:: path = /sys/module/cpuidle/parameters/off, value = 1
05-12 17:03:47.535 3676-4035/system_process I/CustomFrequencyManager: newFrequencyRequest  - mFrequency = 1768000, mTimeoutMs = -1, mPkgName = AMS_RESUME@CPU_MIN@7
05-12 17:03:47.535 3676-4035/system_process I/CustomFrequencyManager: Boost Request from package = AMS_RESUME@CPU_MIN@7 frequency : 1768000 type = 6
05-12 17:03:47.535 3676-4035/system_process D/CustomFrequencyManagerService: checkCPUBoostRange : 1768000
05-12 17:03:47.535 3676-4035/system_process I/CustomFrequencyManager: !! pkgName = AMS_RESUME@CPU_MIN@7
05-12 17:03:47.535 3676-4035/system_process I/CustomFrequencyManager: CPUDVFSControlRequest : doFrequencyRequest::  = 1768000 Timeout : -1
05-12 17:03:47.535 3676-4035/system_process D/CustomFrequencyManagerService: acquireDVFSLockLocked : type : DVFS_MIN_LIMIT  frequency : 1768000  uid : 1000  pid : 3676  pkgName : AMS_RESUME@CPU_MIN@7
05-12 17:03:47.536 3676-4035/system_process D/SSRM:CustomFrequencyManagerService: writeSysfs:: path = /sys/power/cpufreq_min_limit, value = 1768000
05-12 17:03:47.537 3676-4035/system_process D/ActivityManager: mActivityResumeBooster.acquire()
05-12 17:03:47.541 3676-4035/system_process V/WindowOrientationListener: OrientationSensorJudge.getProposedRotation, Rotation: 1
05-12 17:03:47.541 3676-4035/system_process V/WindowOrientationListener: OrientationSensorJudge.getProposedRotation, Rotation: 1
05-12 17:03:47.541 3676-4035/system_process V/WindowManager: rotationForOrientationLw(orient=1, last=1); user=0  sensorRotation=1 mLidState=-1 mDockMode=0 mHdmiPlugged=false
05-12 17:03:47.542 3676-4035/system_process D/SamsungPhoneWindowManager: setRotationLw() : rotation=0
05-12 17:03:47.542 3676-4035/system_process D/SamsungPhoneWindowManager: semDvfsWakeupBooster.acquire()
05-12 17:03:47.542 3676-4035/system_process D/CustomFrequencyManagerService: releaseCPUCore, request not found, returning null
05-12 17:03:47.542 3676-4035/system_process I/CustomFrequencyManager: newFrequencyRequest  - mFrequency = 8, mTimeoutMs = 2000, mPkgName = PWM_ROTATION@CORE_NUM_MIN@46
05-12 17:03:47.542 3676-4035/system_process I/CustomFrequencyManager: Boost Request from package = PWM_ROTATION@CORE_NUM_MIN@46 frequency : 8 type = 4
05-12 17:03:47.542 3676-4035/system_process I/CustomFrequencyManager: !! pkgName = PWM_ROTATION@CORE_NUM_MIN@46
05-12 17:03:47.542 3676-4035/system_process I/CustomFrequencyManager: CPUCoreControlRequest : doFrequencyRequest::  = 8 Timeout : 2000
05-12 17:03:47.543 3676-4035/system_process D/CustomFrequencyManagerService: requestCPUCore:: type = 4, Core # = 8, package = PWM_ROTATION@CORE_NUM_MIN@46, uid = 1000, pid = 3676
05-12 17:03:47.543 3676-4035/system_process D/CustomFrequencyManagerService: requestCPUCore, index: -1
05-12 17:03:47.543 3676-4035/system_process D/CustomFrequencyManagerService: FrequencyrequestList.addReqest:: insert new request.
05-12 17:03:47.543 3676-4035/system_process D/CustomFrequencyManagerService: requestCPUCore, index not found, new req added in list
05-12 17:03:47.543 3676-4035/system_process I/CustomFrequencyManager: newFrequencyRequest  - mFrequency = 2600000, mTimeoutMs = 2000, mPkgName = PWM_ROTATION@CPU_MIN@49
05-12 17:03:47.543 3676-4035/system_process I/CustomFrequencyManager: Boost Request from package = PWM_ROTATION@CPU_MIN@49 frequency : 2600000 type = 6
05-12 17:03:47.543 3676-4035/system_process D/CustomFrequencyManagerService: checkCPUBoostRange : 2600000
05-12 17:03:47.544 3676-4035/system_process I/CustomFrequencyManager: !! pkgName = PWM_ROTATION@CPU_MIN@49
05-12 17:03:47.544 3676-4035/system_process I/CustomFrequencyManager: CPUDVFSControlRequest : doFrequencyRequest::  = 2600000 Timeout : 2000
05-12 17:03:47.544 3676-4035/system_process D/CustomFrequencyManagerService: acquireDVFSLockLocked : type : DVFS_MIN_LIMIT  frequency : 2600000  uid : 1000  pid : 3676  pkgName : PWM_ROTATION@CPU_MIN@49
05-12 17:03:47.544 3676-4035/system_process D/SSRM:CustomFrequencyManagerService: writeSysfs:: path = /sys/power/cpufreq_min_limit, value = 2600000
05-12 17:03:47.548 3676-4035/system_process D/InputDispatcher: setInputDispatchMode: enabled=1, frozen=1
05-12 17:03:47.549 3676-12482/system_process D/TspStateManagerInternal: update cmd=set_grip_data,2,0
05-12 17:03:47.549 3200-3200/? I/SurfaceFlinger: id=7470 createSurf (1440x2560),2 flag=4, ScreenshotSurface
05-12 17:03:47.582 3200-3200/? I/SurfaceFlinger: Disp[0] Orientation 1=>0
05-12 17:03:47.583 3676-4035/system_process I/ActivityManager: Config changes=480 {0 1.0 themeSeq = 0 showBtnBg = 0 ?mcc?mnc [en_US] ldltr sw360dp w360dp h616dp 640dpi nrml long port finger -keyb/v/h -nav/h mkbd/h s.823}
05-12 17:03:47.584 3676-4015/system_process V/WindowManager: Relayout Window{7689411d0 u0 com.sec.android.app.launcher/com.sec.android.app.launcher.activities.LauncherActivity}: viewVisibility=4 req=1440x2560 WM.LayoutParams{(0,0)(fillxfill) sim=#30 ty=1 fl=#81910d00 pfl=0x20000 fmt=-2 wanim=0x103038a vsysui=0x600 needsMenuKey=2 dimDuration=0 naviIconColor=0}
05-12 17:03:47.587 3200-3200/? D/SurfaceFlinger:   Display[0] configurations (* current):
                                                     * 0: 1440x2560, xdpi=537.882019, ydpi=532.982971, refresh=16949152
                                                   numHwLayers=2, flags=00000000
                                                     type   |  handle  | hint | flag | tr | blnd |   format    |     source crop (l,t,r,b)      |          frame         | name 
                                                 -----------+----------+------+------+----+------+-------------+--------------------------------+------------------------+------
                                                        HWC | 727b667860 | 0000 | 0100 | 00 | 0105 | RGBA_8888   |    0.0,    0.0, 1440.0, 2560.0 |    0,    0, 1440, 2560 | ScreenshotSurface
                                                  FB TARGET | 727b6668c0 | 0000 | 0000 | 00 | 0105 | RGBA_8888   |    0.0,    0.0, 1440.0, 2560.0 |    0,    0, 1440, 2560 | HWC_FRAMEBUFFER_TARGET
05-12 17:03:47.591 3676-4035/system_process D/VirtualScreen: computeScreenConfiguration(): change rect to Rect(-1440, 0 - 0, 2560)
05-12 17:03:47.591 3676-4035/system_process D/VirtualScreen: setOffset() set offset from uid -1 to -1 force : true
05-12 17:03:47.591 3676-4035/system_process D/VirtualScreen: setOffset() mXOffset : 0 mYOffset : 0
05-12 17:03:47.624 12395-12395/? I/TMSDISP: AcsAndroidVirtualDisplayIntfImpl::~AcsAndroidVirtualDisplayIntfImpl - Enter
05-12 17:03:47.624 12395-12395/? I/TMSDISP: AcsAndroidVirtualDisplayIntfImpl::~AcsAndroidVirtualDisplayIntfImpl - Enter2
05-12 17:03:47.624 12395-12395/? I/TMSDISP: AcsAndroidVirtualDisplayIntfImpl::~AcsAndroidVirtualDisplayIntfImpl - mSource2
05-12 17:03:47.624 12395-12395/? I/TMSDISP: AcsAndroidVirtualDisplayIntfImpl::~AcsAndroidVirtualDisplayIntfImpl - Exit
05-12 17:03:47.658 3676-14341/system_process D/GraphicsStats: Buffer count: 8
05-12 17:03:47.658 3676-5024/system_process D/InputTransport: Input channel destroyed: name='ClientState{60dabe4 uid 10226 pid 12404} (server)', fd=431
05-12 17:03:47.659 24347-24347/com.sec.android.inputmethod D/InputTransport: Input channel destroyed: name='ClientState{60dabe4 uid 10226 pid 12404} (client)', fd=92
05-12 17:03:47.661 3676-5023/system_process I/Sensors: GRV old sensor_state 65543, new sensor_state : 7 en : 0
