05-12 17:03:47.666 12451-12463/com.samsung.android.app.vr.input.service E/VRInputService[04/13/2017-07:23:27AM][2645264][/1.0.44/44]: at (SamsungVRInputService) [Client died. Removing callback mDeath Uid:10226, PackageName:org.gearvrf.tester, HashTableSize:1]
05-12 17:03:47.666 25660-27786/com.samsung.android.hmt.vrsvc:system V/VRManagerServer: (DVFSController.java:203) binderDied [DvfsLock binderDied hash=226786904 lock=DvfsLock tag=org.gearvrf.tester type=12 clock=318500]
05-12 17:03:47.666 12451-12463/com.samsung.android.app.vr.input.service D/VRInputService[04/13/2017-07:23:27AM][2645264][/1.0.44/44]: at (KeyDataManager) [HashTableInfo Uid=[10226], PackageName=[org.gearvrf.tester]]
05-12 17:03:47.666 25660-27786/com.samsung.android.hmt.vrsvc:system V/VRManagerServer: (DVFSController.java:160) yTqX [setDvfsLock lockType=null value=-1]
05-12 17:03:47.666 12451-12463/com.samsung.android.app.vr.input.service I/VRInputService[04/13/2017-07:23:27AM][2645264][/1.0.44/44]: at (MSMManager) [closeMemoryFile mf:android.os.MemoryFile@dfe33e1]
05-12 17:03:47.667 12451-12463/com.samsung.android.app.vr.input.service I/VRInputService[04/13/2017-07:23:27AM][2645264][/1.0.44/44]: at (KeyDataManager) [removeAppKeyData Uid:10226]
05-12 17:03:47.667 3676-4128/system_process D/CustomFrequencyManagerService: releaseDVFSLockLocked : Getting Lock type frm List : DVFS_MIN_LIMIT  frequency : 318500  uid : 1000  pid : 3676  tag : VR_CPU_MIN@1
05-12 17:03:47.670 3676-5023/system_process I/Sensors: Acc old sensor_state 7, new sensor_state : 6 en : 0
05-12 17:03:47.681 3676-5023/system_process I/Sensors: Gyro old sensor_state 6, new sensor_state : 4 en : 0
05-12 17:03:47.689 3676-5023/system_process E/Sensors: Mag old sensor_state 4, new sensor_state : 0 en : 0
05-12 17:03:47.900 8579-8579/com.sec.android.daemonapp D/[WeatherWidget(1375)]  WeatherService: {[WeatherService:186 Locale is changed.]}
05-12 17:03:47.903 25739-25739/com.samsung.android.oneconnect:QcService I/oneconnect[1.0.00-24][100000024]: QcService.onConfigurationChanged - {0 1.0 themeSeq = 0 showBtnBg = 0 ?mcc?mnc [en_US] ldltr sw360dp w360dp h616dp 640dpi nrml long port finger -keyb/v/h -nav/h mkbd/h s.823}
05-12 17:03:47.903 25739-25739/com.samsung.android.oneconnect:QcService V/oneconnect[1.0.00-24][100000024]: BoardManager.configurationChanged - 
05-12 17:03:47.903 25739-25739/com.samsung.android.oneconnect:QcService V/oneconnect[1.0.00-24][100000024]: BoardManager.updateBoard - 
05-12 17:03:47.911 25288-25288/com.samsung.android.app.cocktailbarservice I/CocktailBarPositionManager: onOrientationChanged position not dirty
05-12 17:03:47.912 25288-25288/com.samsung.android.app.cocktailbarservice E/AbstractCocktailPanelContainer: Show panel at 0 - com.samsung.android.app.cocktailbarservice.ui.panel.CocktailPortraitRemotePanelView{fccdfec V.E...C.. ......I. 0,0-0,0}
05-12 17:03:47.917 3676-4025/system_process D/WifiStateMachine: Current network is: "S-MCL-LAB" , ID is: 0
05-12 17:03:47.923 3676-4035/system_process I/SamsungPhoneWindowManager: setInitialDisplaySize - mMobileKeyboardHeight : 753
05-12 17:03:47.926 24347-24347/com.sec.android.inputmethod V/SamsungIME: onConfigurationChanged
05-12 17:03:47.926 3676-4035/system_process D/TspStateManagerInternal: setInitialDisplaySize initWidth=1440,initHeight=2560,w=1440,h=2560
05-12 17:03:47.926 24347-24347/com.sec.android.inputmethod D/SamsungIME: onConfigurationChanged- Configuration.MOBILEKEYBOARD_COVERED_NO 
05-12 17:03:47.932 3676-4035/system_process I/MultiWindowGesture: onConfigurationChanged, mDefaultMinimalSizeOfResizeableTask=880
05-12 17:03:47.933 3676-4035/system_process D/LockSettingsStorage: mSKTLockState = 2
05-12 17:03:47.937 25288-25288/com.samsung.android.app.cocktailbarservice D/PanelDescriptionView: updateHelpView: Apps edge2130903041 --> 2130903041 helpview reapplied0
05-12 17:03:47.939 24347-24347/com.sec.android.inputmethod I/SamsungIME: beforeConfigrationChanged()
05-12 17:03:47.940 24347-24347/com.sec.android.inputmethod I/SamsungIME: [Before] hardKeyboardHidden(2) keyboardType(1)
                                                                                  mHwKeyboardShown [isHWKeyboardOpen()] = false --> false
05-12 17:03:47.940 24347-24347/com.sec.android.inputmethod E/SamsungIME:          isHWKeyboardConnected() = false --> false
05-12 17:03:47.941 24347-24347/com.sec.android.inputmethod I/SamsungIME: [hasToCallSuper] true
05-12 17:03:47.943 25288-25288/com.samsung.android.app.cocktailbarservice E/AbstractCocktailPanelContainer: Show panel at 0 - null
05-12 17:03:47.944 25288-25288/com.samsung.android.app.cocktailbarservice D/AbstractCocktailPanelView: setPanelVisible: CocktailPortraitRemotePanelView2 will be hidden: 7
05-12 17:03:47.944 25288-25288/com.samsung.android.app.cocktailbarservice D/CocktailBarPanelVisibilityManager: updateActivePanelView:  vis=false screenOn=true onTransit=false -hide: 7 current Active: 7
05-12 17:03:47.944 25288-25288/com.samsung.android.app.cocktailbarservice E/CocktailBarContainerView: updateContainerVisibility: 0
05-12 17:03:47.944 25288-25288/com.samsung.android.app.cocktailbarservice D/AbstractRemotePanelView: composeView mLoadablePanel=com.samsung.android.app.cocktailbarservice.ui.panel.SepRemoteLoadablePanel@c9478b,@=265084908,cocktailInfo=[CocktailId:7 uid:10002 version:2 state:1 U:0 ORI:1 DP:1 CAT:1 has ContentInfo ClassInfo : com.samsung.android.app.appsedge/.edgepanel.AppsPanelContainer has HelpView ]
05-12 17:03:47.946 25288-25288/com.samsung.android.app.cocktailbarservice D/PeoplePanelContainer: onConfigurationChanged 
05-12 17:03:47.946 25288-25288/com.samsung.android.app.cocktailbarservice D/AbstractRemotePanelView: composeView mLoadablePanel=com.samsung.android.app.cocktailbarservice.ui.panel.SepRemoteLoadablePanel@ba47264,@=115955939,cocktailInfo=[CocktailId:13 uid:10045 version:2 state:0 U:0 ORI:1 DP:1 CAT:1 has ContentInfo ClassInfo : com.samsung.android.service.peoplestripe/.people.edgepanel.PeoplePanelContainer has HelpView ]
05-12 17:03:47.946 25288-25288/com.samsung.android.app.cocktailbarservice I/PeoplePanelContainer: People Panel getView
05-12 17:03:47.946 24347-24347/com.sec.android.inputmethod D/SamsungIME: onStartInput
05-12 17:03:47.947 25288-25288/com.samsung.android.app.cocktailbarservice D/AbstractRemotePanelView: composeView mLoadablePanel=com.samsung.android.app.cocktailbarservice.ui.panel.SepRemoteLoadablePanel@9848fb7,@=154923554,cocktailInfo=[CocktailId:10 uid:10081 version:2 state:0 U:0 ORI:1 DP:1 CAT:1 has ContentInfo has HelpView ]
05-12 17:03:47.947 25288-25288/com.samsung.android.app.cocktailbarservice D/CocktailFeedsRemotePanel: updateConfiguration: invalid on non wake up 1
05-12 17:03:47.947 25288-25288/com.samsung.android.app.cocktailbarservice D/CocktailFeedsRemotePanel: updateConfiguration: invalid on non wake up 4
05-12 17:03:47.947 25288-25288/com.samsung.android.app.cocktailbarservice D/CocktailBarUiController: onConfigurationChanged : orientation = true densityDpi = false
05-12 17:03:47.948 24347-24347/com.sec.android.inputmethod I/SamsungIME: [IMI] onStartInput - caller packageName : org.gearvrf.tester
05-12 17:03:47.948 24347-24347/com.sec.android.inputmethod D/SamsungIME: onStartInput: No inputType, No imeOption, isInputViewShown = false, isExtractViewShown = false, isShowInputRequested = false, isConfigChanged = true, mIsFirstStartInput = false
05-12 17:03:47.948 24347-24347/com.sec.android.inputmethod D/SKBD SamsungIME_SYNC: import DLM start onstart input
05-12 17:03:47.948 24347-24347/com.sec.android.inputmethod D/SKBD SamsungIME_SYNC: shouldImportDLM mIsImportDLM false
05-12 17:03:47.949 3676-4035/system_process D/LockSettingsStorage: mSKTLockState = 2
05-12 17:03:47.950 25288-25288/com.samsung.android.app.cocktailbarservice D/CocktailBarTriggerContainerView: setContainerGravityState: 1 --> 1
05-12 17:03:47.950 24347-24347/com.sec.android.inputmethod D/SamsungIME: Dismiss ExpandCandiate
05-12 17:03:47.951 24347-24347/com.sec.android.inputmethod E/SamsungIME: AbstractCandidateLayout-setCandidates finished : 0
05-12 17:03:47.951 24347-24347/com.sec.android.inputmethod I/SamsungIME: ExpandButtonLayout Gone mDisplayedCount : 0, candidates size : null
05-12 17:03:47.952 25288-25288/com.samsung.android.app.cocktailbarservice D/TrayStateController: putInputRect mDynamicInputRegion=190555559@LastEvent=t=1494633805392Rect(7, 0 - 67, 478),Rect=Rect(0, 0 - 0, 0)
05-12 17:03:47.954 24347-24347/com.sec.android.inputmethod I/SamsungIME: putCacheDrawable inputModule=0 key =ICON_SETTING
05-12 17:03:47.956 4722-4722/? D/io_stats: !@   8,0 r 909743 40996124 w 1128512 35225740 d 203245 45375876 f 495073 495054 iot 4042560 3112509 th 238496 0 0 pt 0 inp 0 0 190902.516
05-12 17:03:47.961 9860-9860/com.sec.android.app.launcher D/Launcher: onRestart, Launcher: 252226282
05-12 17:03:47.961 25288-25288/com.samsung.android.app.cocktailbarservice D/getActualActivityHeight: 2080
05-12 17:03:47.962 25288-25288/com.samsung.android.app.cocktailbarservice E/AbstractCocktailPanelContainer: Show panel at 0 - com.samsung.android.app.cocktailbarservice.ui.panel.CocktailPortraitRemotePanelView{fccdfec V.E...C.. ......I. 0,0-0,0}
05-12 17:03:47.962 3676-4035/system_process D/GameManagerService: sem_perfomance_mode: 0
05-12 17:03:47.963 3676-3676/system_process D/GameManagerService: NotifyRunnable. pkg: com.sec.android.app.launcher, type: 4, isMinimized: false, isTunableApp: false
05-12 17:03:47.963 3676-3676/system_process D/GameManagerService: unexpected mPrevNotiType: -1
05-12 17:03:47.964 3676-4035/system_process D/LockSettingsStorage: mSKTLockState = 2
05-12 17:03:47.966 25288-25288/com.samsung.android.app.cocktailbarservice D/PanelDescriptionView: updateHelpView: Apps edge2130903041 --> 2130903041 helpview reapplied0
05-12 17:03:47.967 4908-4908/com.android.nfc I/NfcP2pEventManager: changeConfiguration() in NfcService
05-12 17:03:47.968 25288-25288/com.samsung.android.app.cocktailbarservice E/AbstractCocktailPanelContainer: Show panel at 0 - null
05-12 17:03:47.968 25288-25288/com.samsung.android.app.cocktailbarservice D/AbstractCocktailPanelView: setPanelVisible: CocktailPortraitRemotePanelView2 will be hidden: 7
05-12 17:03:47.968 25288-25288/com.samsung.android.app.cocktailbarservice D/CocktailBarPanelVisibilityManager: updateActivePanelView:  vis=false screenOn=true onTransit=false -hide: 7 current Active: 7
05-12 17:03:47.968 25288-25288/com.samsung.android.app.cocktailbarservice E/CocktailBarContainerView: updateContainerVisibility: 0
05-12 17:03:47.968 25288-25288/com.samsung.android.app.cocktailbarservice D/AbstractCocktailPanelView: setPanelVisible: CocktailPortraitRemotePanelView2 will be hidden: 7
05-12 17:03:47.969 25288-25288/com.samsung.android.app.cocktailbarservice D/CocktailBarPanelVisibilityManager: updateActivePanelView:  vis=false screenOn=true onTransit=false -hide: 7 current Active: 7
05-12 17:03:47.969 25288-25288/com.samsung.android.app.cocktailbarservice E/CocktailBarContainerView: updateContainerVisibility: 0
05-12 17:03:47.971 3676-3757/system_process W/art: Long monitor contention with owner Binder:3676_7 (4035) at void com.android.server.am.ActivityManagerService.forceStopPackage(java.lang.String, int)(ActivityManagerService.java:7391) waiters=0 in void com.android.server.am.ActivityManagerService.dispatchUidsChanged() for 518ms
05-12 17:03:47.972 12470-12470/? D/AndroidRuntime: Shutting down VM
05-12 17:03:47.974 3676-4021/system_process W/art: Long monitor contention with owner Binder:3676_7 (4035) at void com.android.server.am.ActivityManagerService.forceStopPackage(java.lang.String, int)(ActivityManagerService.java:7391) waiters=1 in void com.android.server.am.ActivityManagerService.serviceDoneExecuting(android.os.IBinder, int, int, int) for 515ms
05-12 17:03:47.974 3676-3756/system_process W/art: Long monitor contention with owner Binder:3676_7 (4035) at void com.android.server.am.ActivityManagerService.forceStopPackage(java.lang.String, int)(ActivityManagerService.java:7391) waiters=3 in void com.android.server.am.ActivityManagerService$MainHandler.handleMessage(android.os.Message) for 457ms
05-12 17:03:47.975 3676-12624/system_process W/art: Long monitor contention with owner Binder:3676_7 (4035) at void com.android.server.am.ActivityManagerService.forceStopPackage(java.lang.String, int)(ActivityManagerService.java:7391) waiters=4 in android.content.pm.UserInfo com.android.server.am.UserController.getCurrentUser() for 352ms
05-12 17:03:47.983 9860-9860/com.sec.android.app.launcher D/Launcher: onStart, Launcher: 252226282
05-12 17:03:47.984 9860-9860/com.sec.android.app.launcher D/Launcher.HomeView: onStart
05-12 17:03:47.984 9860-9860/com.sec.android.app.launcher D/MenuAppsGridFragment: onStart:false
05-12 17:03:47.984 9860-9860/com.sec.android.app.launcher I/VerificationLog: onResume
05-12 17:03:47.984 9860-9860/com.sec.android.app.launcher D/Launcher: onResume, Launcher: 252226282
05-12 17:03:47.985 12451-12463/com.samsung.android.app.vr.input.service D/VRInputService[04/13/2017-07:23:27AM][2645264][/1.0.44/44]: at (Survey) [App LIFE=[org.gearvrf.tester], bind LIFE=[1885][1.885]]
05-12 17:03:47.986 3676-3756/system_process W/ActivityManager: Error shutting down UiAutomationConnection
05-12 17:03:47.986 25288-25288/com.samsung.android.app.cocktailbarservice I/Utils: isCurrentUser current = 0, ownerId = 0
05-12 17:03:47.986 25288-25288/com.samsung.android.app.cocktailbarservice I/TrayVisibilityController: getComputedTrayVisible : keyguardState = 1
05-12 17:03:47.986 25288-25288/com.samsung.android.app.cocktailbarservice I/TrayVisibilityController: updateTrayVisible : State : 1 visible = 1 mCurrentVisible = 2
05-12 17:03:47.986 3676-3676/system_process D/SettingsProvider: isChangeAllowed() : name = aod_show_state
05-12 17:03:47.987 25739-25739/com.samsung.android.oneconnect:QcService V/oneconnect[1.0.00-24][100000024]: AudioPathManager.isChangeable - false
05-12 17:03:47.987 25288-25288/com.samsung.android.app.cocktailbarservice D/TrayStateController: putInputRect mDynamicInputRegion=190555559@LastEvent=t=1494633805392Rect(7, 0 - 67, 478),Rect=Rect(0, 0 - 0, 0)
05-12 17:03:47.987 3676-3676/system_process D/GameManagerService: onDisplayChanged. displyId: 0
05-12 17:03:47.988 3676-4512/system_process V/WifiDisplayAdapter: getWifiDisplayStatusLocked: result=WifiDisplayStatus{featureState=2, scanState=0, activeDisplayState=0, activeDisplay=null, displays=[], sessionInfo=WifiDisplaySessionInfo: Client/Owner: Client GroupId:  Passphrase:  SessionId: 0 IP Address: , connectedState=-1, networkQoS=0}
05-12 17:03:47.988 3676-3676/system_process D/GameManagerService: dpi: 640, longPixel: 2560, shortPixel: 1440
05-12 17:03:47.990 8579-8579/com.sec.android.daemonapp D/[WeatherWidget(1375)]  WeatherAppWidget2x1: {[WeatherAppWidget2x1:36 # normal 2x1 widget = 1]}
05-12 17:03:47.990 4908-5977/com.android.nfc D/ForegroundUtils: could not check pending caller
05-12 17:03:47.990 8579-8579/com.sec.android.daemonapp D/[WeatherWidget(1375)]: {[UIManager2x1:183 getInstance]}
05-12 17:03:47.990 4908-5977/com.android.nfc D/ForegroundUtils: Foreground changed, PID: 9860 UID: 10083 foreground: true
05-12 17:03:47.990 4908-5977/com.android.nfc D/ForegroundUtils: Foreground UID/PID combinations:
05-12 17:03:47.990 4908-5977/com.android.nfc D/ForegroundUtils: UID: 10083 PID: 9860
05-12 17:03:47.991 4908-5977/com.android.nfc D/ForegroundUtils: UID: 10226 PID: 12404
05-12 17:03:47.991 25739-25739/com.samsung.android.oneconnect:QcService D/oneconnect[1.0.00-24][100000024]: WfdUtil.isWfdConnected -  >> false
05-12 17:03:47.993 25288-25288/com.samsung.android.app.cocktailbarservice D/getActualActivityHeight: 2080
05-12 17:03:47.994 25288-25288/com.samsung.android.app.cocktailbarservice D/TrayStateController: putInputRect mDynamicInputRegion=190555559@LastEvent=t=1494633805392Rect(7, 0 - 67, 478),Rect=Rect(7, 0 - 67, 478)
05-12 17:03:47.995 4916-4916/com.samsung.android.providers.context I/ContextFramework: AppUsageMonitor: use app survey log inserted org.gearvrf.tester, duration=2910
05-12 17:03:47.995 3676-3676/system_process D/Tethering: NAP Supported and not Wifi Model
05-12 17:03:47.998 25288-25288/com.samsung.android.app.cocktailbarservice D/getActualActivityHeight: 2080
05-12 17:03:48.003 25288-25288/com.samsung.android.app.cocktailbarservice D/getActualActivityHeight: 2080
05-12 17:03:48.004 25288-25288/com.samsung.android.app.cocktailbarservice D/TrayStateTrigger: getTriggerMarginOnTop retY=600 halfHandleSize=239 getTriggerPosition=26.499998
05-12 17:03:48.005 25739-25739/com.samsung.android.oneconnect:QcService D/oneconnect[1.0.00-24][100000024]: BoardManager.drawTab - AudioTab[false], AudioChangeable[false], MoreTab[false]], BleTvTab[true]
05-12 17:03:48.005 25739-25739/com.samsung.android.oneconnect:QcService V/oneconnect[1.0.00-24][100000024]: BoardManager.drawTab - connectDevices : []
05-12 17:03:48.006 25288-25288/com.samsung.android.app.cocktailbarservice D/getActualActivityHeight: 2080
05-12 17:03:48.006 8579-8579/com.sec.android.daemonapp D/[WeatherWidget(1375)]: {[UIManager2x1:715 onUpdate() : 1, 2015 PHONE XXX PORT]}
05-12 17:03:48.008 25288-25288/com.samsung.android.app.cocktailbarservice D/getActualActivityHeight: 2080
05-12 17:03:48.009 25739-25739/com.samsung.android.oneconnect:QcService V/oneconnect[1.0.00-24][100000024]: BoardManager.drawTab - bleTvDevices : [[Name][TV]tv-sc[DeviceType]TV[Discover]_BLE[Services]_TvToMobile_RemoteControl_RegisterTv_TvSoundToMobile_ScreenSharing[Connected]false[ConType]NONE[size()]1, [Name][TV]tv-mh[DeviceType]TV[Discover]_BLE[Services]_TvToMobile_RemoteControl_RegisterTv_TvSoundToMobile_ScreenSharing[Connected]false[ConType]NONE[size()]1, [Name][TV]tv-rk[DeviceType]TV[Discover]_BLE[Services]_RemoteControl_RegisterTv_TvSoundToMobile[Connected]false[ConType]NONE[size()]1]
05-12 17:03:48.009 3676-3676/system_process E/Tethering: No numeric data
05-12 17:03:48.010 3676-5037/system_process D/TspStateManagerInternal: setPortraitDeadzoneHole 
05-12 17:03:48.010 3676-5037/system_process D/TspStateManagerInternal: getTspHeightPixel: init=2560 h=600 ret=600
05-12 17:03:48.011 3676-5037/system_process D/TspStateManagerInternal: getTspHeightPixel: init=2560 h=1078 ret=1078
05-12 17:03:48.011 3676-5037/system_process D/TspStateManagerInternal: setDeadzoneHole: 0,2,600,1078 --> 0,2,600,1078
05-12 17:03:48.014 3676-4015/system_process I/CocktailBarStatePolicyController: updateWindowType: currentWindowType = 0 windowType = 1
05-12 17:03:48.016 3676-5024/system_process D/PowerManagerService: [api] setButtonBrightnessLimit: 255
05-12 17:03:48.018 3676-4031/system_process I/CocktailBarStatePolicyController: updateVisibility: visibility = 1
05-12 17:03:48.020 3676-4072/system_process I/AbsCocktailBarStatePolicy: handleMessage: entry what = 1
05-12 17:03:48.020 3676-4072/system_process I/OverlayCocktailBarStatePolicy: handleUpdateVisibility: mVisibility = 2 visibility = 1
05-12 17:03:48.020 3676-4072/system_process I/CocktailBarStatePolicyController: notifyCocktailBarState: visibility = 1 background = 0 position = 0 showtimeout = -1 mode = 0 activate = true windowType = 0 changeFlag = 1
05-12 17:03:48.021 25397-25397/com.samsung.android.service.peoplestripe V/PeopleEdgePanelUIManager: onVisibilityChanged : 1
05-12 17:03:48.023 25288-25288/com.samsung.android.app.cocktailbarservice D/TrayStateController: setUiState 0 : 2 --> 0
05-12 17:03:48.028 14721-14826/com.android.systemui D/vol.VolumeDialogControl: onReceive ACTION_CONFIGURATION_CHANGED
05-12 17:03:48.031 14721-14752/com.android.systemui D/vol.VolumeDialogControl.VC: setLayoutDirection
05-12 17:03:48.031 3676-3676/system_process D/Telecom: com.android.server.telecom.ui.MissedCallNotifierImpl$1: Action received: android.intent.action.CONFIGURATION_CHANGED.
05-12 17:03:48.037 25288-25288/com.samsung.android.app.cocktailbarservice D/PanelDescriptionView: updateHelpView: Apps edge-1 --> 2130903041 helpview applied:5, help scroll view applied.
05-12 17:03:48.043 25288-25288/com.samsung.android.app.cocktailbarservice D/TrayStateController: putInputRect mDynamicInputRegion=190555559@LastEvent=t=1494633805392Rect(7, 0 - 67, 478),Rect=Rect(0, 0 - 0, 0)
05-12 17:03:48.046 3676-3984/system_process I/InputReader: Reconfiguring input devices.  changes=0x00000004
05-12 17:03:48.046 3676-3984/system_process I/InputReader: Device reconfigured: id=4, name='sec_touchscreen', size 1440x2560, orientation 0, mode 1, display id 0
05-12 17:03:48.049 25288-25288/com.samsung.android.app.cocktailbarservice D/getActualActivityHeight: 2080
05-12 17:03:48.049 25288-25288/com.samsung.android.app.cocktailbarservice D/TrayStateController: putInputRect mDynamicInputRegion=190555559@LastEvent=t=1494633805392Rect(7, 0 - 67, 478),Rect=Rect(7, 0 - 67, 478)
05-12 17:03:48.051 25288-25288/com.samsung.android.app.cocktailbarservice D/getActualActivityHeight: 2080
05-12 17:03:48.053 3676-12237/system_process D/SettingsProvider: isChangeAllowed() : name = kids_home_mode
05-12 17:03:48.053 3676-12237/system_process D/SettingsProvider: edmUri: content://com.sec.knox.provider/RestrictionPolicy3
05-12 17:03:48.053 3676-12237/system_process D/SettingsProvider: projectionArgs: isSettingsChangesAllowed
05-12 17:03:48.053 3676-12237/system_process D/SettingsProvider: selectionArgs: false
05-12 17:03:48.053 3676-12237/system_process D/SettingsProvider: selectionArgs: 10083
05-12 17:03:48.053 12451-12451/com.samsung.android.app.vr.input.service E/VRInputService[04/13/2017-07:23:27AM][2645264][/1.0.44/44]: at (SamsungVRInputService) [onDestroy()]
05-12 17:03:48.054 3676-12237/system_process D/SecContentProvider: query(), uri = 17 selection = isSettingsChangesAllowed
05-12 17:03:48.054 8579-8579/com.sec.android.daemonapp D/[WeatherWidget(1375)]: {[UIManager2x1:219 make widget view : res=com.sec.android.daemonapp:id/main_layout config={0 1.0 themeSeq = 0 showBtnBg = 0 ?mcc?mnc [en_US] ldltr sw360dp w360dp h616dp 640dpi nrml long port finger -keyb/v/h -nav/h mkbd/h s.823}]}
05-12 17:03:48.055 5616-5616/com.google.android.music:main D/MusicLifecycle: com.google.android.music.playback.MusicPlaybackService$3 generated event: Broadcast received with context com.google.android.music.playback.MusicPlaybackService@b1aff62 and intent Intent { act=android.intent.action.CONFIGURATION_CHANGED flg=0x70000010 launchParam=MultiScreenLaunchParams { mDisplayId=0 mFlags=0 } bqHint=0 }
05-12 17:03:48.057 3676-3794/system_process D/LockSettingsStorage: mSKTLockState = 2
05-12 17:03:48.057 12470-12470/? I/TMSDISP: AcsAndroidVirtualDisplayIntfImpl::~AcsAndroidVirtualDisplayIntfImpl - Enter
05-12 17:03:48.057 12470-12470/? I/TMSDISP: AcsAndroidVirtualDisplayIntfImpl::~AcsAndroidVirtualDisplayIntfImpl - Enter2
05-12 17:03:48.057 12470-12470/? I/TMSDISP: AcsAndroidVirtualDisplayIntfImpl::~AcsAndroidVirtualDisplayIntfImpl - mSource2
05-12 17:03:48.057 12470-12470/? I/TMSDISP: AcsAndroidVirtualDisplayIntfImpl::~AcsAndroidVirtualDisplayIntfImpl - Exit
05-12 17:03:48.060 5616-5686/com.google.android.music:main V/MusicPlaybackService: Updating notification + media session metadata due to completed art request: ArtRequest{mState=30, mDescriptor=DocumentArtDescriptor{artType=NOTIFICATION, identifier="Unknown album", sizeHandling=com.google.android.music.art.ArtDescriptor$SizeHandling@6b2685, width=1024, height=1024, useDefaultIfMissing=true, aspectRatio=1.0, config=RGB_565}, mItems={}}
05-12 17:03:48.062 25288-25288/com.samsung.android.app.cocktailbarservice D/getActualActivityHeight: 2080
05-12 17:03:48.063 25288-25288/com.samsung.android.app.cocktailbarservice D/TrayStateTrigger: getTriggerMarginOnTop retY=600 halfHandleSize=239 getTriggerPosition=26.499998
05-12 17:03:48.066 3676-12237/system_process D/SecContentProvider: called from com.sec.android.app.launcher
05-12 17:03:48.066 3676-12237/system_process D/RestrictionPolicy: isSettingsChangesAllowedAsUser, userId 0 : true
05-12 17:03:48.067 3676-12237/system_process D/SettingsProvider: ret = 1
05-12 17:03:48.070 25288-25288/com.samsung.android.app.cocktailbarservice D/getActualActivityHeight: 2080
05-12 17:03:48.071 3676-4008/system_process D/SettingsProvider: isChangeAllowed() : name = easy_mode_home
05-12 17:03:48.071 3676-4008/system_process D/SettingsProvider: edmUri: content://com.sec.knox.provider/RestrictionPolicy3
05-12 17:03:48.071 3676-4008/system_process D/SettingsProvider: projectionArgs: isSettingsChangesAllowed
05-12 17:03:48.072 3676-4008/system_process D/SettingsProvider: selectionArgs: false
05-12 17:03:48.072 3676-4008/system_process D/SettingsProvider: selectionArgs: 10083
05-12 17:03:48.072 8579-8579/com.sec.android.daemonapp D/[WeatherWidget(1375)]: {[UIManager2x1:1569 getSpan width = 155, height = 64, span x = 2, span y = 1]}
05-12 17:03:48.072 3676-4008/system_process D/SecContentProvider: query(), uri = 17 selection = isSettingsChangesAllowed
05-12 17:03:48.073 8579-8579/com.sec.android.daemonapp D/[WeatherWidget(1375)]: {[UIManager2x1:240 get widget view : id = 2]}
05-12 17:03:48.076 25288-25288/com.samsung.android.app.cocktailbarservice D/getActualActivityHeight: 2080
05-12 17:03:48.076 12451-12451/com.samsung.android.app.vr.input.service D/VRInputService[04/13/2017-07:23:27AM][2645264][/1.0.44/44]: at (Survey) [VRInputService LIFE=[2430][2.430]]
05-12 17:03:48.077 12451-12451/com.samsung.android.app.vr.input.service I/VRInputService[04/13/2017-07:23:27AM][2645264][/1.0.44/44]: at (BLEConnectionReceiverInit) [BLEConnectionReceiverUnregister]
05-12 17:03:48.079 5616-5686/com.google.android.music:main D/MusicPlaybackService: cancelNotification id=1
05-12 17:03:48.079 5616-5686/com.google.android.music:main V/MusicPlaybackService: setting should show notification to true
05-12 17:03:48.079 25739-25739/com.samsung.android.oneconnect:QcService V/oneconnect[1.0.00-24][100000024]: BoardManager.drawTab - update RemoteView : type: COLLAPSED  android.widget.RemoteViews@ad8becd
05-12 17:03:48.080 8579-8579/com.sec.android.daemonapp D/[WeatherWidget(1375)]: {[UIManager2x1:1569 getSpan width = 155, height = 64, span x = 2, span y = 1]}
05-12 17:03:48.081 8579-8579/com.sec.android.daemonapp D/[WeatherWidget(1375)]: {[UIManager2x1:1649 mIsWhiteWallpaper , need_dark_font : 0]}
05-12 17:03:48.081 3676-3676/system_process D/SamsungAlarmManager: Remove alarm for next reason : android.intent.action.PACKAGE_RESTARTED : package: org.gearvrf.tester
05-12 17:03:48.082 8579-8579/com.sec.android.daemonapp D/[WeatherWidget(1375)]: {[DeviceUtil:1105 is theme set = false]}
05-12 17:03:48.083 8579-8579/com.sec.android.daemonapp D/[WeatherWidget(1375)]: {[UIManager2x1:1660 setISOpenTheme , mIsOpenTheme : false]}
05-12 17:03:48.084 8579-8579/com.sec.android.daemonapp D/[WeatherWidget(1375)]: {[UIManager2x1:1064  composeUi : cityCount = 0]}
05-12 17:03:48.085 8579-8579/com.sec.android.daemonapp D/[WeatherWidget(1375)]: {[UIManager2x1:1805 drawAddIcon]}
05-12 17:03:48.086 3676-4031/system_process D/TspStateManagerInternal: setPortraitDeadzoneHole 
05-12 17:03:48.086 3676-4031/system_process D/TspStateManagerInternal: getTspHeightPixel: init=2560 h=600 ret=600
05-12 17:03:48.086 3676-4031/system_process D/TspStateManagerInternal: getTspHeightPixel: init=2560 h=1078 ret=1078
05-12 17:03:48.086 3676-4031/system_process D/TspStateManagerInternal: setDeadzoneHole: 0,2,600,1078 --> 0,2,600,1078
05-12 17:03:48.086 3676-4008/system_process D/SecContentProvider: called from com.sec.android.app.launcher
05-12 17:03:48.087 3676-4008/system_process D/RestrictionPolicy: isSettingsChangesAllowedAsUser, userId 0 : true
05-12 17:03:48.088 3676-4008/system_process D/SettingsProvider: ret = 1
05-12 17:03:48.090 9860-9860/com.sec.android.app.launcher D/Launcher.HomeView: onResume
05-12 17:03:48.090 9860-9901/com.sec.android.app.launcher D/Launcher.Model: hostView re-update!!
05-12 17:03:48.094 3676-5040/system_process V/WindowManager: Relayout Window{6e273fad0 u0 com.samsung.android.app.cocktailbarservice/com.samsung.android.app.cocktailbarservice.CocktailBarService}: viewVisibility=0 req=67x478 WM.LayoutParams{(0,600)(67x478) gr=#35 sim=#20 ty=2226 fl=#1800348 pfl=0x50 fmt=-2 vsysui=0x2000 naviIconColor=0}
05-12 17:03:48.097 3200-3200/? I/SurfaceFlinger: id=7471 createSurf (67x478),1 flag=4, com.samsung.android.app.cocktailbarservice/com.samsung.android.app.cocktailbarservice.CocktailBarService
05-12 17:03:48.107 3676-5040/system_process D/LockSettingsStorage: mSKTLockState = 2
05-12 17:03:48.111 3676-12623/system_process D/WindowManager: addWindow: android.view.IWindow$Stub$Proxy@c392c5a displayId=0
05-12 17:03:48.112 3676-12623/system_process D/InputTransport: Input channel constructed: name='f16b68 DockedStackDivider (server)', fd=431
05-12 17:03:48.112 3676-12623/system_process D/InputTransport: Input channel constructed: name='f16b68 DockedStackDivider (client)', fd=468
05-12 17:03:48.116 3676-12623/system_process D/InputTransport: Input channel destroyed: name='f16b68 DockedStackDivider (client)', fd=468
05-12 17:03:48.118 4148-4148/com.android.phone D/CarrierSvcBindHelper: No carrier app for: 0
05-12 17:03:48.120 14721-14721/com.android.systemui D/InputTransport: Input channel constructed: name='f16b68 DockedStackDivider (client)', fd=151
05-12 17:03:48.120 14721-14721/com.android.systemui D/ViewRootImpl@89507ea[DockedStackDivider]: setView = com.android.systemui.stackdivider.DividerView{8d9dadb I.E...... ......I. 0,0-0,0} touchMode=false
05-12 17:03:48.124 3676-4164/system_process D/LockSettingsStorage: mSKTLockState = 2
05-12 17:03:48.127 25288-25389/com.samsung.android.app.cocktailbarservice D/mali_winsys: EGLint new_window_surface(egl_winsys_display*, void*, EGLSurface, EGLConfig, egl_winsys_surface**, egl_color_buffer_format*, EGLBoolean) returns 0x3000,  [67x478]-format:1
05-12 17:03:48.129 25288-25288/com.samsung.android.app.cocktailbarservice I/AbstractCocktailPanelView: notifyPanelVisibilityChanged: visibility not changed 2 id: 7
05-12 17:03:48.129 25288-25288/com.samsung.android.app.cocktailbarservice D/CocktailBarUiController: onCocktailBarStateChanged: flag=0x1 vis=1 bgType=0 showTimeout=-1 activate=true
05-12 17:03:48.131 9860-9860/com.sec.android.app.launcher D/capture: ---------checkFileExist land
05-12 17:03:48.131 9860-9860/com.sec.android.app.launcher D/capture: currentOrientation: 1 mMainHomeScreenshot: false mMainHomeScreenshotLand: true
05-12 17:03:48.134 3676-12626/system_process V/WindowManager: Relayout Window{6e273fad0 u0 com.samsung.android.app.cocktailbarservice/com.samsung.android.app.cocktailbarservice.CocktailBarService}: viewVisibility=0 req=67x478 WM.LayoutParams{(0,600)(67x478) gr=#35 sim=#20 ty=2226 fl=#1800348 pfl=0x50 fmt=-2 vsysui=0x2000 naviIconColor=0}
05-12 17:03:48.134 3676-12626/system_process D/LockSettingsStorage: mSKTLockState = 2
05-12 17:03:48.136 4908-4908/com.android.nfc D/RegisteredServicesCache: Intent action: android.intent.action.PACKAGE_RESTARTED
05-12 17:03:48.138 14721-14925/com.android.systemui D/NetworkController.MobileSignalController(0/-2): getMobileIconGroup(): 0
05-12 17:03:48.139 14721-14721/com.android.systemui D/ImageWallpaper: engine visible:false
05-12 17:03:48.139 14721-14721/com.android.systemui D/ImageWallpaper: onConfigurationChanged:1
05-12 17:03:48.141 14721-14721/com.android.systemui D/ImageWallpaper: deviceWidth=1440 deviceHeight=2560 backgroundWidth=2240 backgroundHeight=2240 surfaceWidth=2240 surfaceHeight=2560 tiltEnabled=false lastRequestedWidth=2560 lastRequestedHeight=2240
05-12 17:03:48.141 14721-14721/com.android.systemui D/WallpaperService: BaseSurfaceHolder:setFixedSize[width]2240 [height]2560
05-12 17:03:48.141 14721-14721/com.android.systemui D/WallpaperService: BaseSurfaceHolder:onRelayoutContainer
05-12 17:03:48.141 14721-14721/com.android.systemui D/ImageWallpaper: SurfaceSize width : 2240 height: 2560
05-12 17:03:48.142 14721-14721/com.android.systemui D/ViewRootImpl@4346525[StatusBar]: MSG_RESIZED_REPORT: ci=Rect(0, 0 - 0, 0) vi=Rect(0, 0 - 0, 0) or=1
05-12 17:03:48.150 14721-14721/com.android.systemui D/CSTMPagedTileLayout: setPageMaxRows = 3
05-12 17:03:48.150 14721-14721/com.android.systemui D/CSTMPagedTileLayout: updateResources
05-12 17:03:48.150 14721-14721/com.android.systemui D/CSTMPagedTileLayout: setPageMaxRows = 2
05-12 17:03:48.150 14721-14721/com.android.systemui D/CSTMPagedTileLayout: updateResources
05-12 17:03:48.158 3676-4164/system_process D/WindowManager: finishDrawingWindow: Window{6e273fad0 u0 com.samsung.android.app.cocktailbarservice/com.samsung.android.app.cocktailbarservice.CocktailBarService} mDrawState=DRAW_PENDING
05-12 17:03:48.159 3676-3794/system_process D/LockSettingsStorage: mSKTLockState = 2
05-12 17:03:48.160 25288-25288/com.samsung.android.app.cocktailbarservice D/TrayStateTrigger: showTriggerView
05-12 17:03:48.162 3676-6047/system_process D/SSRM:Monitor: onForegroundAppChanged:: packageName = com.sec.android.app.launcher, pid = 9860
05-12 17:03:48.162 14721-14721/com.android.systemui D/ViewRootImpl@73007df[DockedStackDivider]: dispatchDetachedFromWindow
05-12 17:03:48.162 3676-6047/system_process D/GameManagerService: identifyGamePackage. com.sec.android.app.launcher
05-12 17:03:48.163 3676-6047/system_process D/SSRM:TouchBoosterNew: isBoostingDisabled = false, false
05-12 17:03:48.163 3676-6047/system_process D/SSRM:SsrmController: Condition[PreloadedApps] signal :  = true
05-12 17:03:48.164 3676-6047/system_process D/SSRM:WriterTempSet: setDexToOatAffinity: value = -1
05-12 17:03:48.166 3676-4008/system_process W/ActivityManager: Permission Denial: Accessing service ComponentInfo{com.google.android.music/com.google.android.music.dial.DialMediaRouteProviderService} from pid=11232, uid=10055 that is not exported from uid 10149
05-12 17:03:48.166 9860-9860/com.sec.android.app.launcher I/Launcher: Resumed Orientation : 1
05-12 17:03:48.166 9860-9860/com.sec.android.app.launcher I/Launcher: Resumed small width : 360
05-12 17:03:48.166 9860-9860/com.sec.android.app.launcher I/Launcher: Resumed density : 640
05-12 17:03:48.170 3676-4070/system_process D/MdnieScenarioControlService:  packageName : com.sec.android.app.launcher    className : com.sec.android.app.launcher.activities.LauncherActivity
05-12 17:03:48.172 3676-3756/system_process D/CustomFrequencyManagerService: FrequencyrequestList.getIndex:: i = 3
05-12 17:03:48.172 3676-3756/system_process D/CustomFrequencyManagerService: FrequencyrequestList.removeRequest:: index = 3
05-12 17:03:48.172 3676-3756/system_process D/CustomFrequencyManagerService: enableCPUCState, Current CState disable request has asked for release
05-12 17:03:48.172 3676-3756/system_process D/CustomFrequencyManagerService: enableCPUCState, No Pending requests, reverting CState disable to default
05-12 17:03:48.172 3676-3756/system_process D/SSRM:GenericFalImpl: writeSysfs:: path = /sys/module/cpuidle/parameters/off, value = 0
05-12 17:03:48.173 3676-3789/system_process V/WallpaperManagerService: Wallpaper file change: evt=128 path=appwidgets.xml.bak sys=false lock=false imagePending=false whichPending=0x0 written=true index=0
05-12 17:03:48.173 3676-4074/system_process W/AppOps: Finishing op nesting under-run: uid 10003 pkg com.android.systemui code 64 time=0 duration=0 nesting=0
05-12 17:03:48.173 4908-4926/com.android.nfc D/ForegroundUtils: Process died; UID 10226 PID 12404
05-12 17:03:48.174 3676-4074/system_process D/LockSettingsStorage: mSKTLockState = 2
05-12 17:03:48.174 4908-4926/com.android.nfc D/ForegroundUtils: could not check pending caller
05-12 17:03:48.174 4908-4926/com.android.nfc D/ForegroundUtils: Foreground changed, PID: 12404 UID: 10226 foreground: false
05-12 17:03:48.174 4908-4926/com.android.nfc D/ForegroundUtils: Foreground UID/PID combinations:
05-12 17:03:48.174 4908-4926/com.android.nfc D/ForegroundUtils: UID: 10083 PID: 9860
05-12 17:03:48.174 3676-3756/system_process D/CustomFrequencyManagerService: releaseDVFSLockLocked : Getting Lock type frm List : DVFS_MIN_LIMIT  frequency : 1768000  uid : 1000  pid : 3676  tag : AMS_RESUME@CPU_MIN@7
05-12 17:03:48.175 3676-3756/system_process D/ActivityManager: mActivityResumeBooster.release()
05-12 17:03:48.175 4908-4908/com.android.nfc D/RegisteredServicesCache: invalidateCache
05-12 17:03:48.175 12451-12451/com.samsung.android.app.vr.input.service D/VRInputService[04/13/2017-07:23:27AM][2645264][/1.0.44/44]: at (BLEConnectionReceiverInit) [isIntent: Intent { cmp=com.samsung.android.app.vr.input.service/.receiver.a launchParam=MultiScreenLaunchParams { mDisplayId=0 mFlags=0 } } , isPendingIntent: null]
05-12 17:03:48.177 9860-9860/com.sec.android.app.launcher D/MenuAppsGridFragment: onResume:false
05-12 17:03:48.177 9860-9860/com.sec.android.app.launcher D/MenuAppsGridFragment: stateObj = com.android.launcher2.MenuAppsGrid$StateNormal@ef0e76d
05-12 17:03:48.184 12451-12451/com.samsung.android.app.vr.input.service V/VRInputService[04/13/2017-07:23:27AM][2645264][/1.0.44/44]: at (BLEConnection) [stop :BLE DISCONNECTED]
05-12 17:03:48.184 3676-4074/system_process D/InputTransport: Input channel destroyed: name='5d4568d DockedStackDivider (server)', fd=475
05-12 17:03:48.184 9860-9860/com.sec.android.app.launcher D/Launcher.MenuAppsGrid: BlurInfo : false , true
05-12 17:03:48.185 9860-9860/com.sec.android.app.launcher D/MenuAppsGridFragment: onResume  no mPendingModelUpdate:false this:MenuAppsGridFragment{c7e109d #0 id=0x1020011 APPS}
05-12 17:03:48.185 3676-3789/system_process V/WallpaperManagerService: Wallpaper file change: evt=8 path=appwidgets.xml sys=false lock=false imagePending=false whichPending=0x0 written=true index=0
05-12 17:03:48.185 3676-3789/system_process V/WallpaperManagerService: Wallpaper file change: evt=512 path=appwidgets.xml.bak sys=false lock=false imagePending=false whichPending=0x0 written=false index=0
05-12 17:03:48.185 9860-9860/com.sec.android.app.launcher D/Launcher.MenuAppsGrid: ChangeMobileKeyboard:false mCurrentOrientation:1 mRequestedOrientation:1 newConfig.orientation:1 isShown:false
05-12 17:03:48.185 3676-3794/system_process D/LockSettingsStorage: mSKTLockState = 2
05-12 17:03:48.187 3200-3200/? D/SurfaceFlinger:   Display[0] configurations (* current):
                                                     * 0: 1440x2560, xdpi=537.882019, ydpi=532.982971, refresh=16949152
                                                   numHwLayers=3, flags=00000000
                                                     type   |  handle  | hint | flag | tr | blnd |   format    |     source crop (l,t,r,b)      |          frame         | name 
                                                 -----------+----------+------+------+----+------+-------------+--------------------------------+------------------------+------
                                                        HWC | 727b013500 | 0000 | 0000 | 00 | 0105 | RGBA_8888   |    0.0,    0.0,   67.0,  478.0 | 1373,  600, 1440, 1078 | com.samsung.android.app.cocktailbarservice/com.samsung.android.app.cocktailbarservice.CocktailBarService
                                                        HWC | 727b667860 | 0000 | 0100 | 00 | 0105 | RGBA_8888   |    0.0,    0.0, 1440.0, 2560.0 |    0,    0, 1440, 2560 | ScreenshotSurface
                                                  FB TARGET | 727b6668c0 | 0000 | 0000 | 00 | 0105 | RGBA_8888   |    0.0,    0.0, 1440.0, 2560.0 |    0,    0, 1440, 2560 | HWC_FRAMEBUFFER_TARGET
05-12 17:03:48.188 3676-3756/system_process D/ActivityManager: mActivityResumeBoosterTail.acquire()
05-12 17:03:48.188 3676-3756/system_process D/CustomFrequencyManagerService: enableCPUCState, request not found, returning null
05-12 17:03:48.188 3676-3756/system_process I/CustomFrequencyManager: newFrequencyRequest  - mFrequency = 0, mTimeoutMs = 300, mPkgName = AMS_RESUME_TAIL@POWER_COLLAPSE@12
05-12 17:03:48.188 3676-3756/system_process I/CustomFrequencyManager: Boost Request from package = AMS_RESUME_TAIL@POWER_COLLAPSE@12 frequency : 0 type = 12
05-12 17:03:48.188 12451-12451/com.samsung.android.app.vr.input.service D/VRInputService[04/13/2017-07:23:27AM][2645264][/1.0.44/44]: at (MSMManager) [setStateMSM: STATE_MSM_DISABLE]
05-12 17:03:48.188 3676-3756/system_process I/CustomFrequencyManager: !! pkgName = AMS_RESUME_TAIL@POWER_COLLAPSE@12
05-12 17:03:48.189 3676-3756/system_process I/CustomFrequencyManager: CPUDisCStateRequest : doFrequencyRequest::  = 0 Timeout : 300
05-12 17:03:48.189 3676-3756/system_process D/CustomFrequencyManagerService: disableCPUCState:: package = AMS_RESUME_TAIL@POWER_COLLAPSE@12, uid = 1000, pid = 3676
05-12 17:03:48.189 3676-3756/system_process D/CustomFrequencyManagerService: disableCPUCState, index: -1
05-12 17:03:48.189 3676-3756/system_process D/CustomFrequencyManagerService: FrequencyrequestList.addReqest:: insert new request.
05-12 17:03:48.189 12451-12451/com.samsung.android.app.vr.input.service I/Process: Sending signal. PID: 12451 SIG: 9
05-12 17:03:48.189 3676-3756/system_process D/CustomFrequencyManagerService: disableCPUCState, index not found, new req added in list
05-12 17:03:48.189 3676-3756/system_process D/CustomFrequencyManagerService: disableCPUCState, Going to change the CState disable
05-12 17:03:48.190 3676-3756/system_process D/SSRM:GenericFalImpl: writeSysfs:: path = /sys/module/cpuidle/parameters/off, value = 1
05-12 17:03:48.191 3676-3756/system_process I/CustomFrequencyManager: newFrequencyRequest  - mFrequency = 1768000, mTimeoutMs = 300, mPkgName = AMS_RESUME_TAIL@CPU_MIN@13
05-12 17:03:48.191 3676-3756/system_process I/CustomFrequencyManager: Boost Request from package = AMS_RESUME_TAIL@CPU_MIN@13 frequency : 1768000 type = 6
05-12 17:03:48.191 3676-3756/system_process D/CustomFrequencyManagerService: checkCPUBoostRange : 1768000
05-12 17:03:48.191 3676-3756/system_process I/CustomFrequencyManager: !! pkgName = AMS_RESUME_TAIL@CPU_MIN@13
05-12 17:03:48.191 3676-3756/system_process I/CustomFrequencyManager: CPUDVFSControlRequest : doFrequencyRequest::  = 1768000 Timeout : 300
05-12 17:03:48.191 3676-3756/system_process D/CustomFrequencyManagerService: acquireDVFSLockLocked : type : DVFS_MIN_LIMIT  frequency : 1768000  uid : 1000  pid : 3676  pkgName : AMS_RESUME_TAIL@CPU_MIN@13
05-12 17:03:48.191 14721-14721/com.android.systemui D/InputTransport: Input channel destroyed: name='5d4568d DockedStackDivider (client)', fd=158
05-12 17:03:48.191 9860-9860/com.sec.android.app.launcher I/BaseItem:  setLiveIconBitmap : com.sec.android.app.clockpackage
05-12 17:03:48.192 14721-14721/com.android.systemui D/vol.SecVolumeDialog: updateWindowWidth lp.width=1440, mCurrentWindowWidth = 1664
05-12 17:03:48.192 9860-9860/com.sec.android.app.launcher I/Launcher.LiveIconUtils: [com.sec.android.app.clockpackage] getLiveIcon  start
05-12 17:03:48.192 14721-14721/com.android.systemui W/SemDesktopModeManager: isDesktopMode: Desktop Mode feature not available
05-12 17:03:48.192 8579-8579/com.sec.android.daemonapp D/[WeatherWidget(1375)]: {[UIManager2x1:1569 getSpan width = 155, height = 64, span x = 2, span y = 1]}
05-12 17:03:48.193 8579-8579/com.sec.android.daemonapp D/[WeatherWidget(1375)]: {[WidgetUtil:509 widgetSize + widgetType : 2x1_Weather widget]}
05-12 17:03:48.196 3676-3794/system_process D/LockSettingsStorage: mSKTLockState = 2
05-12 17:03:48.204 8579-8579/com.sec.android.daemonapp D/[WeatherWidget(1375)]  ClearDataReceiver: {[ClearDataReceiver:44 Act : android.intent.action.PACKAGE_RESTARTED, packagename : org.gearvrf.tester]}
05-12 17:03:48.205 8579-8579/com.sec.android.daemonapp D/[WeatherWidget(1375)]  WeatherAppWidget2x1: {[WeatherAppWidget2x1:49 action : android.appwidget.action.APPWIDGET_UPDATE_OPTIONS, reboot : false]}
05-12 17:03:48.205 14721-14721/com.android.systemui D/KeyguardServiceBoxContainer: onDisplayChanged() id = 0, density = 640, current density = 640
05-12 17:03:48.206 9860-9860/com.sec.android.app.launcher D/skia: EncodedFormat=13
05-12 17:03:48.206 4908-4908/com.android.nfc D/ApduServiceInfo: seId: 0
05-12 17:03:48.208 9860-9860/com.sec.android.app.launcher D/skia: Decode Result=[144x144:4:4]
05-12 17:03:48.210 4908-4908/com.android.nfc D/ApduServiceInfo: seId: 0
05-12 17:03:48.212 4908-4908/com.android.nfc D/ApduServiceInfo: No com.gsma.nfc.services meta-data
05-12 17:03:48.213 4908-4908/com.android.nfc D/ApduServiceInfo: seId: 2
05-12 17:03:48.213 4908-4908/com.android.nfc D/RegisteredServicesCache: Adding service: ComponentInfo{com.google.android.gms/com.google.android.gms.tapandpay.hce.service.TpHceService} AIDs: [325041592E5359532E4444463031, A0000000041010, A0000000042203, A000000004, A0000000031010, A0000000980840, A0000000032010, A0000000032020, A000000003, A0000003241010, A0000001523010, A00000002501, A000000025011001, A000000025021001, A000000025010801, A000000025, A0000000250000, D2760000850100, A0000002771010, A00000038410, A00000038420]
05-12 17:03:48.213 4908-4908/com.android.nfc D/RegisteredServicesCache: Adding service: ComponentInfo{com.google.android.apps.walletnfcrel/com.google.commerce.tapandpay.android.hce.service.ValuableApduService} AIDs: [4F53452E5641532E3031, A000000476D0000101, A000000476D0000111]
05-12 17:03:48.213 4908-4908/com.android.nfc D/RegisteredServicesCache: Adding service: ComponentInfo{com.sec.android.app.nfctest/com.sec.android.app.nfctest.gsma.StaticOffHostApduService} AIDs: []
05-12 17:03:48.213 4908-4908/com.android.nfc D/RegisteredOthersCache: start invalidate
05-12 17:03:48.214 4908-4908/com.android.nfc D/RegisteredOthersCache: update valid otherService: ComponentInfo{com.google.android.apps.walletnfcrel/com.google.commerce.tapandpay.android.hce.service.ValuableApduService} AIDs: [4F53452E5641532E3031, A000000476D0000101, A000000476D0000111]
05-12 17:03:48.214 9860-9860/com.sec.android.app.launcher D/ApplicationPackageManager: we has com.sec.android.app.clockpackage class. reuse it 
05-12 17:03:48.214 4908-4908/com.android.nfc D/RegisteredOthersCache: Existed other serivcee
05-12 17:03:48.214 4908-4908/com.android.nfc D/RegisteredPoliciesCache: invalidate
05-12 17:03:48.214 4908-4908/com.android.nfc D/RegisteredAidCache: onServicePolicyUpdated
05-12 17:03:48.214 4908-4908/com.android.nfc D/RegisteredAidCache: generateAidPolicyMapLocked
05-12 17:03:48.214 9860-9860/com.sec.android.app.launcher D/LiveIconLoader: getLiveIcon was called in ClockPackage
05-12 17:03:48.214 4908-4908/com.android.nfc D/AidPolicyManager: print policy
05-12 17:03:48.214 4908-4908/com.android.nfc D/AidPolicyManager: table size : 0
05-12 17:03:48.215 4908-4908/com.android.nfc D/CardEmulationManager: Current default: ComponentInfo{com.google.android.gms/com.google.android.gms.tapandpay.hce.service.TpHceService}
05-12 17:03:48.215 4908-4908/com.android.nfc D/CardEmulationManager: Default payment service still ok.
05-12 17:03:48.215 4908-4908/com.android.nfc D/RegisteredAidCache: onServicesUpdated
05-12 17:03:48.219 8579-8579/com.sec.android.daemonapp D/[WeatherWidget(1375)]: {[UIManager2x1:183 getInstance]}
05-12 17:03:48.219 8579-8579/com.sec.android.daemonapp D/[WeatherWidget(1375)]: {[UIManager2x1:400  action : android.appwidget.action.APPWIDGET_UPDATE_OPTIONS]}
05-12 17:03:48.220 8579-8579/com.sec.android.daemonapp D/[WeatherWidget(1375)]: {[WeatherAppWidget2x1:134 onAppWidgetOptionsChanged() : fling_value=-1]}
05-12 17:03:48.220 8579-8579/com.sec.android.daemonapp D/[WeatherWidget(1375)]: {[UIManager2x1:183 getInstance]}
05-12 17:03:48.222 9860-9860/com.sec.android.app.launcher D/LiveIconLoader: getLiveIcon res = com.sec.android.app.clockpackage
05-12 17:03:48.223 9860-9860/com.sec.android.app.launcher D/LiveIconLoader: stdIconSize : 192 , targetIconSize : 232
05-12 17:03:48.223 9860-9860/com.sec.android.app.launcher D/LiveIconLoader: mIconDpi : 640 , mTargetIconDpi : 640
05-12 17:03:48.224 9860-9860/com.sec.android.app.launcher D/skia: EncodedFormat=5
05-12 17:03:48.226 9860-9860/com.sec.android.app.launcher D/skia: Decode Result=[144x144:4:4]
05-12 17:03:48.227 3676-6047/system_process D/SSRM:SsrmDumpLogger: readSysfs:: path = /sys/devices/system/cpu/online, result = 0-7
05-12 17:03:48.227 8579-8579/com.sec.android.daemonapp D/[WeatherWidget(1375)]: {[UIManager2x1:715 onUpdate() : 1, 2015 PHONE XXX PORT]}
05-12 17:03:48.230 4908-4908/com.android.nfc D/RegisteredAidCache: generateServiceMap component: ComponentInfo{com.google.android.gms/com.google.android.gms.tapandpay.hce.service.TpHceService}
05-12 17:03:48.230 9860-9860/com.sec.android.app.launcher D/skia: EncodedFormat=5
05-12 17:03:48.231 9860-9860/com.sec.android.app.launcher D/skia: Decode Result=[144x144:4:4]
05-12 17:03:48.232 3676-6047/system_process D/GameManagerService: identifyGamePackage. com.sec.android.app.launcher
05-12 17:03:48.232 3676-6047/system_process D/SSRM:SsrmPolicyReceiver:SsrmScpmListManager: checkScpmSiopPolicy : com.sec.android.app.launcher
05-12 17:03:48.232 3676-6047/system_process D/SSRM:ListScrollBooster: onChanged:: packageName = com.sec.android.app.launcher, uid = 10083
05-12 17:03:48.233 3676-6047/system_process D/SSRM:SmoothScrollBooster: onChanged:: packageName = com.sec.android.app.launcher, uid = 10083
05-12 17:03:48.233 3676-6047/system_process D/GameManagerService: identifyGamePackage. com.sec.android.app.launcher
05-12 17:03:48.233 4908-4908/com.android.nfc D/RegisteredAidCache: generateServiceMap component: ComponentInfo{com.google.android.apps.walletnfcrel/com.google.commerce.tapandpay.android.hce.service.ValuableApduService}
05-12 17:03:48.234 4908-4908/com.android.nfc D/RegisteredAidCache: generateServiceMap component: ComponentInfo{com.sec.android.app.nfctest/com.sec.android.app.nfctest.gsma.StaticOffHostApduService}
05-12 17:03:48.234 4908-4908/com.android.nfc D/RegisteredAidCache: generateRoutingTypeLocked
05-12 17:03:48.234 4908-4908/com.android.nfc D/RegisteredAidCache: component ComponentInfo{com.google.android.gms/com.google.android.gms.tapandpay.hce.service.TpHceService}
