05-12 17:03:45.161 12404-12449/org.gearvrf.tester I/GraphicsWrapper_GLES: GL_OES_draw_elements_base_vertex
05-12 17:03:45.161 12404-12449/org.gearvrf.tester I/GraphicsWrapper_GLES: GL_EXT_protected_textures
05-12 17:03:45.161 12404-12449/org.gearvrf.tester I/GraphicsWrapper_GLES: es3 = TRUE
05-12 17:03:45.161 12404-12449/org.gearvrf.tester I/GraphicsWrapper_GLES: Found: GL_OES_vertex_array_object
05-12 17:03:45.161 12404-12449/org.gearvrf.tester I/GraphicsWrapper_GLES: Not found: GL_QCOM_tiled_rendering
05-12 17:03:45.161 12404-12449/org.gearvrf.tester I/GraphicsWrapper_GLES: Found: GL_EXT_sRGB_write_control
05-12 17:03:45.161 12404-12449/org.gearvrf.tester I/GraphicsWrapper_GLES: Found: GL_EXT_disjoint_timer_query
05-12 17:03:45.162 12404-12449/org.gearvrf.tester I/TimeWarp: frontBufferIsSrgb = 0
05-12 17:03:45.162 12404-12449/org.gearvrf.tester I/DirectRender: 0xc31544b0 DirectRender::Init(true, false, 24)
05-12 17:03:45.162 12404-12449/org.gearvrf.tester D/VrApi: getDeviceProperty: device_model
05-12 17:03:45.164 25660-25819/com.samsung.android.hmt.vrsvc:system V/VRManagerServer: (GearVrManagerService.java:175) getSystemOption [getSystemOption option=device_model]
05-12 17:03:45.165 25660-25819/com.samsung.android.hmt.vrsvc:system V/VRManagerServer: (ModelAdapter.java:507) getSystemOption [getSystemOption option=device_model]
05-12 17:03:45.166 12404-12449/org.gearvrf.tester D/VrApi: getDeviceProperty: device_gpu
05-12 17:03:45.167 25660-25672/com.samsung.android.hmt.vrsvc:system V/VRManagerServer: (GearVrManagerService.java:175) getSystemOption [getSystemOption option=device_gpu]
05-12 17:03:45.167 25660-25672/com.samsung.android.hmt.vrsvc:system V/VRManagerServer: (ModelAdapter.java:507) getSystemOption [getSystemOption option=device_gpu]
05-12 17:03:45.168 12404-12449/org.gearvrf.tester I/DirectRender: Performing an initial swapbuffers.
05-12 17:03:45.176 12404-12449/org.gearvrf.tester D/VrApi: getDeviceProperty: device_model
05-12 17:03:45.177 25660-27786/com.samsung.android.hmt.vrsvc:system V/VRManagerServer: (GearVrManagerService.java:175) getSystemOption [getSystemOption option=device_model]
05-12 17:03:45.178 25660-27786/com.samsung.android.hmt.vrsvc:system V/VRManagerServer: (ModelAdapter.java:507) getSystemOption [getSystemOption option=device_model]
05-12 17:03:45.178 12404-12449/org.gearvrf.tester I/DirectRender: surface size: 2560 x 1440
05-12 17:03:45.178 12404-12449/org.gearvrf.tester I/DirectRender: Found VrSurfaceManager API: 0x1009f2
05-12 17:03:45.178 12404-12449/org.gearvrf.tester I/DirectRender: Calling java method setFrontBuffer64
05-12 17:03:45.178 12404-12449/org.gearvrf.tester W/VRSurfaceManager: VRSurfaceManager : setFrontBuffer
05-12 17:03:45.180 12404-12449/org.gearvrf.tester D/libSEC_EGL: EGL : EGL_SEC_frontbuffer_set mode PASSED ... 
05-12 17:03:45.180 12404-12449/org.gearvrf.tester I/DirectRender: gvrFrontbufferExtension = TRUE
05-12 17:03:45.181 12404-12449/org.gearvrf.tester I/DirectRender: Mali GPU
05-12 17:03:45.181 12404-12449/org.gearvrf.tester D/libGLESv2: STS_GLApi : DTS is not allowed for Package : org.gearvrf.tester
05-12 17:03:45.185 12404-12449/org.gearvrf.tester D/VrApi: getDeviceProperty: device_model
05-12 17:03:45.187 25660-27783/com.samsung.android.hmt.vrsvc:system V/VRManagerServer: (GearVrManagerService.java:175) getSystemOption [getSystemOption option=device_model]
05-12 17:03:45.187 25660-27783/com.samsung.android.hmt.vrsvc:system V/VRManagerServer: (ModelAdapter.java:507) getSystemOption [getSystemOption option=device_model]
05-12 17:03:45.188 12404-12449/org.gearvrf.tester W/LocalPreferences: System Property debug.oculus.srgbScanoutSupported name is longer than max allowed 32
05-12 17:03:45.188 12404-12449/org.gearvrf.tester I/OVR: Couldn't open /sdcard/.oculusprefs
05-12 17:03:45.188 12404-12449/org.gearvrf.tester I/LocalPreferences: failed to load /sdcard/.oculusprefs (make sure READ_EXTERNAL_STORAGE is available)
05-12 17:03:45.196 26508-26547/com.samsung.android.hmt.vrsvc D/VRSVC: (DistortionFileProvider.java:72) openAssetFile [Uri=content://com.samsung.android.hmt.vrsvc.distortion mode=r model=SM-R323]
05-12 17:03:45.196 26508-26547/com.samsung.android.hmt.vrsvc V/VRSVC: (DistortionFileManager.java:118) wtkw [vr model=SM-R323 device=SM-G935F distortion=distortion/distortion_R323_G935.bin]
05-12 17:03:45.197 26508-26547/com.samsung.android.hmt.vrsvc V/VRSVC: (DistortionFileManager.java:54) yTqX [fileName=distortion/distortion_R323_G935.bin]
05-12 17:03:45.197 26508-26547/com.samsung.android.hmt.vrsvc V/VRSVC: (DistortionFileManager.java:155) yTqX [copyAssetToFile.. assetPath=distortion/distortion_R323_G935.bin file=/data/user/0/com.samsung.android.hmt.vrsvc/cache/distortion/distortion_R323_G935.bin overWrite=true]
05-12 17:03:45.198 26508-26547/com.samsung.android.hmt.vrsvc V/VRSVC: (DistortionFileManager.java:160) yTqX [delete /data/user/0/com.samsung.android.hmt.vrsvc/cache/distortion/distortion_R323_G935.bin]
05-12 17:03:45.203 12404-12449/org.gearvrf.tester I/Distortion: Loaded distortion file from VRSVC
05-12 17:03:45.203 12404-12449/org.gearvrf.tester I/Distortion: ovrDistortionMeshHeader::magic = 0x56347806
05-12 17:03:45.203 12404-12449/org.gearvrf.tester I/Distortion: ovrDistortionMeshHeader::deviceModel = 0x472D4D53
05-12 17:03:45.203 12404-12449/org.gearvrf.tester I/Distortion: ovrDistortionMeshHeader::headsetModel = 0x0
05-12 17:03:45.203 12404-12449/org.gearvrf.tester I/Distortion: ovrDistortionMeshHeader::eyeBlocksWide = 32
05-12 17:03:45.204 12404-12449/org.gearvrf.tester I/Distortion: ovrDistortionMeshHeader::eyeBlocksHigh = 32
05-12 17:03:45.204 12404-12449/org.gearvrf.tester I/Distortion: ovrDistortionMeshHeader::lensSeparationMeters = 0.063000
05-12 17:03:45.204 12404-12449/org.gearvrf.tester I/Distortion: ovrDistortionMeshHeader::horizontalOffsetMeters = 0.000000
05-12 17:03:45.204 12404-12449/org.gearvrf.tester I/Distortion: ovrDistortionMeshHeader::displayWidthMeters = 0.125000
05-12 17:03:45.204 12404-12449/org.gearvrf.tester I/Distortion: ovrDistortionMeshHeader::displayHeightMeters = 0.070700
05-12 17:03:45.204 12404-12449/org.gearvrf.tester I/Distortion: ovrDistortionMeshHeader::displayWidthPixels = 2560
05-12 17:03:45.204 12404-12449/org.gearvrf.tester I/Distortion: ovrDistortionMeshHeader::displayHeightPixels = 1440
05-12 17:03:45.204 12404-12449/org.gearvrf.tester I/Distortion: ovrDistortionMeshHeader::eyeTextureWidthPixels = 1024
05-12 17:03:45.204 12404-12449/org.gearvrf.tester I/Distortion: ovrDistortionMeshHeader::eyeTextureHeightPixels = 1024
05-12 17:03:45.204 12404-12449/org.gearvrf.tester I/Distortion: ovrDistortionMeshHeader::eyeTextureFovDegreesX = 90
05-12 17:03:45.204 12404-12449/org.gearvrf.tester I/Distortion: ovrDistortionMeshHeader::eyeTextureFovDegreesY = 90
05-12 17:03:45.204 12404-12449/org.gearvrf.tester I/TimeWarp: LoadDistortionMeshFromMemory
05-12 17:03:45.205 12404-12449/org.gearvrf.tester I/TimeWarp: distortion mesh clipping saved 15.93% fill
05-12 17:03:45.210 12404-12449/org.gearvrf.tester I/ScreenCaptureReceiver: Advertising org.gearvrf.tester as streamable
05-12 17:03:45.210 12404-12449/org.gearvrf.tester I/TimeWarp: WarpThreadInit() - End
05-12 17:03:45.210 25239-25239/com.oculus.horizon I/OVRMediaService: onStartCommand Received message type: set_package_name
05-12 17:03:45.210 12404-12440/org.gearvrf.tester I/TimeWarp: -------------- TimeWarpLocal() End --------------
05-12 17:03:45.210 25239-25239/com.oculus.horizon I/OVRMediaService: Got package name intent (org.gearvrf.tester)
05-12 17:03:45.211 12404-12440/org.gearvrf.tester I/VrApi: OVR::Stats thread started
05-12 17:03:45.211 12404-12448/org.gearvrf.tester I/VrApi_Clocks: LockClocks( cpu=2, gpu=2 ) - start
05-12 17:03:45.212 12404-12450/org.gearvrf.tester D/VrApi: getDeviceProperty: device_model
05-12 17:03:45.215 25660-27790/com.samsung.android.hmt.vrsvc:system V/VRManagerServer: (GearVrManagerService.java:175) getSystemOption [getSystemOption option=device_model]
05-12 17:03:45.215 25660-27790/com.samsung.android.hmt.vrsvc:system V/VRManagerServer: (ModelAdapter.java:507) getSystemOption [getSystemOption option=device_model]
05-12 17:03:45.215 12404-12448/org.gearvrf.tester D/VrApi: Available levels: {GPU MIN, GPU MAX, CPU MIN, CPU MAX}
05-12 17:03:45.216 12404-12448/org.gearvrf.tester D/VrApi: -> / 0
05-12 17:03:45.216 12404-12448/org.gearvrf.tester D/VrApi: -> / 3
05-12 17:03:45.216 12404-12448/org.gearvrf.tester D/VrApi: -> / 0
05-12 17:03:45.216 12404-12448/org.gearvrf.tester D/VrApi: -> / 3
05-12 17:03:45.216 12404-12448/org.gearvrf.tester I/VrApi_Clocks: CPU levels [0, 3]
05-12 17:03:45.216 12404-12448/org.gearvrf.tester I/VrApi_Clocks: GPU levels [0, 3]
05-12 17:03:45.216 12404-12448/org.gearvrf.tester D/VrApi: setSystemPerformance cpu: 2 gpu: 2
05-12 17:03:45.216 12404-12450/org.gearvrf.tester D/VrApi: getDeviceProperty: device_gpu
05-12 17:03:45.218 25660-25817/com.samsung.android.hmt.vrsvc:system V/VRManagerServer: (ModelAdapter.java:122) yTqX [acquireVrClocks binder=android.os.BinderProxy@f50473b package=org.gearvrf.tester hash=256919355 cpu=2 gpu=2 pid=12404]
05-12 17:03:45.219 25239-25239/com.oculus.horizon E/OVRMediaService: Not initialized
05-12 17:03:45.220 25660-27786/com.samsung.android.hmt.vrsvc:system V/VRManagerServer: (GearVrManagerService.java:175) getSystemOption [getSystemOption option=device_gpu]
05-12 17:03:45.220 25239-25239/com.oculus.horizon I/PlatformPlugin: [PlatformPluginManager] SetSystemVoipPassthrough 0
05-12 17:03:45.221 25660-27786/com.samsung.android.hmt.vrsvc:system V/VRManagerServer: (ModelAdapter.java:507) getSystemOption [getSystemOption option=device_gpu]
05-12 17:03:45.221 25239-25239/com.oculus.horizon I/OVRPlatform: [P2PNetworkTransport] SetSystemVoipPassthrough 0
05-12 17:03:45.230 12404-12450/org.gearvrf.tester D/VrApi: targetSDKVersion 23
05-12 17:03:45.237 25660-25817/com.samsung.android.hmt.vrsvc:system V/VRManagerServer: (ModelAdapter.java:270) yTqX [setAffinity tid=12437 cpus=[0, 1, 2, 3]]
05-12 17:03:45.238 3676-12625/system_process D/SemAffinityControl: sched_set_affinity_success
05-12 17:03:45.242 3676-4164/system_process V/WindowManager: Relayout Window{5d4568dd0 u0 DockedStackDivider}: viewVisibility=4 req=192x0 WM.LayoutParams{(0,0)(192xfill) sim=#20 ty=2034 fl=#21840028 pfl=0x40 fmt=-3 vsysui=0x700 naviIconColor=0}
05-12 17:03:45.244 3676-4164/system_process D/LockSettingsStorage: mSKTLockState = 2
05-12 17:03:45.259 12404-12450/org.gearvrf.tester D/VrApi: getVrHelperProperty: vr_serial: 
05-12 17:03:45.261 12404-12450/org.gearvrf.tester I/Metrics: device name = samsung SM-G935F
05-12 17:03:45.266 12404-12450/org.gearvrf.tester D/VrApi: getVrHelperProperty: hmt_device_model: SM-R323
05-12 17:03:45.271 25239-25254/com.oculus.horizon E/SDKLoggingService: Unable to find AppId for package (org.gearvrf.tester)
                                                                       com.oculus.horizon.service.ExternalPlatformLocal$PackageNotInLibraryException: Package org.gearvrf.tester not in users library
                                                                           at com.oculus.horizon.service.ExternalPlatformLocal.getAppID(ExternalPlatformLocal.java:251)
                                                                           at com.oculus.horizon.service.ExternalPlatformLocal.getAppID(ExternalPlatformLocal.java:197)
                                                                           at com.oculus.horizon.service.ExternalPlatformLocal.getAppID(ExternalPlatformLocal.java:188)
                                                                           at com.oculus.horizon.service.SDKLoggingService$1.log(SDKLoggingService.java:72)
                                                                           at com.oculus.logging.sdk_logging.SDKLoggingInterface$Stub.onTransact(SDKLoggingInterface.java:50)
                                                                           at android.os.Binder.execTransact(Binder.java:573)
05-12 17:03:45.273 25239-25254/com.oculus.horizon E/SDKLoggingService: Unable to parse json content ({"data_type":"app_info","device_serial":"9885753355414e444b","sensor_serial":"","headset_serial":"","session_id":1856286200,"developer_mode":1,"headset_model":"SM-R323","device_model_number":"SM-G935F","device_hardware":"samsungexynos8890","device_chipset":"exynos8890","device_build_version":"hero2ltexx-eng 7.0 NRD90M G935FXXE1DQCC test-keys","device_build_type":"eng","device_os_version":"7.0","device_total_memory_MB":"3502","device_threshold_memory_MB":"219","device_wifi_connected":"1","device_bluetooth_enabled":"0","device_airplane_mode_enabled":"0","device_power_saving_mode":"0","device_uptime_seconds":"190899","vrsvc_version":"2.6.80","app_vrapi_version":"1.1.5.6-377262-55802222 Apr 20 2017 10:31:49 Development","app_name":"GVR Tester","app_version":"1.0 versionCode 1 internalVersionName <none>","app_vr_type":"vr_only","app_package_name":"org.gearvrf.tester","app_activity_class":"org.gearvrf.unittestutils.GVRTestableActivity"})
                                                                       org.json.JSONException: No value for num_seconds
                                                                           at org.json.JSONObject.get(JSONObject.java:389)
                                                                           at org.json.JSONObject.getLong(JSONObject.java:514)
                                                                           at com.oculus.horizon.service.SDKLoggingService$1.log(SDKLoggingService.java:80)
                                                                           at com.oculus.logging.sdk_logging.SDKLoggingInterface$Stub.onTransact(SDKLoggingInterface.java:50)
                                                                           at android.os.Binder.execTransact(Binder.java:573)
05-12 17:03:45.277 25239-25254/com.oculus.horizon E/PresenceManager: Unknown app (org.gearvrf.tester) logging presence.
                                                                     com.oculus.horizon.service.ExternalPlatformLocal$PackageNotInLibraryException: Package org.gearvrf.tester not in users library
                                                                         at com.oculus.horizon.service.ExternalPlatformLocal.getAppID(ExternalPlatformLocal.java:251)
                                                                         at com.oculus.horizon.service.ExternalPlatformLocal.getAppID(ExternalPlatformLocal.java:197)
                                                                         at com.oculus.horizon.service.ExternalPlatformLocal.getAppID(ExternalPlatformLocal.java:188)
                                                                         at com.oculus.horizon.platform.PresenceManager.logWasCalled(PresenceManager.java:217)
                                                                         at com.oculus.horizon.service.SDKLoggingService$1.log(SDKLoggingService.java:93)
                                                                         at com.oculus.logging.sdk_logging.SDKLoggingInterface$Stub.onTransact(SDKLoggingInterface.java:50)
                                                                         at android.os.Binder.execTransact(Binder.java:573)
05-12 17:03:45.321 25660-25817/com.samsung.android.hmt.vrsvc:system V/VRManagerServer: (HmtDeviceEventManager.java:120) wtkw [OnDeviceEvent onAcquireVrClocks start.]
05-12 17:03:45.322 25660-25692/com.samsung.android.hmt.vrsvc:system V/VRManagerServer: (DVFSController.java:41) yTqX [requestCpuMinLock token hash=256919355 tag=org.gearvrf.tester clock=318500]
05-12 17:03:45.322 25660-25692/com.samsung.android.hmt.vrsvc:system V/VRManagerServer: (DVFSController.java:42) yTqX [cpuMinLocks size=0 keys=[]]
05-12 17:03:45.322 25660-25692/com.samsung.android.hmt.vrsvc:system V/VRManagerServer: (DVFSController.java:47) yTqX [requestCpuMinLock make new Clock=318500]
05-12 17:03:45.322 25660-25692/com.samsung.android.hmt.vrsvc:system V/VRManagerServer: (DVFSController.java:141) yTqX [update Locks]
05-12 17:03:45.322 25660-25692/com.samsung.android.hmt.vrsvc:system V/VRManagerServer: (DVFSController.java:160) yTqX [setDvfsLock lockType=CPU value=318500]
05-12 17:03:45.323 25660-25692/com.samsung.android.hmt.vrsvc:system I/CustomFrequencyManager: newFrequencyRequest  - mFrequency = 318500, mTimeoutMs = -1, mPkgName = VR_CPU_MIN@1
05-12 17:03:45.323 25660-25692/com.samsung.android.hmt.vrsvc:system I/CustomFrequencyManager: Boost Request from package = VR_CPU_MIN@1 frequency : 318500 type = 6
05-12 17:03:45.323 3676-3705/system_process D/CustomFrequencyManagerService: checkCPUBoostRange : 318500
05-12 17:03:45.323 25660-25692/com.samsung.android.hmt.vrsvc:system I/CustomFrequencyManager: !! pkgName = VR_CPU_MIN@1
05-12 17:03:45.323 25660-25692/com.samsung.android.hmt.vrsvc:system I/CustomFrequencyManager: CPUDVFSControlRequest : doFrequencyRequest::  = 318500 Timeout : -1
05-12 17:03:45.324 3676-3704/system_process D/CustomFrequencyManagerService: acquireDVFSLockLocked : type : DVFS_MIN_LIMIT  frequency : 318500  uid : 1000  pid : 3676  pkgName : VR_CPU_MIN@1
05-12 17:03:45.324 25660-25692/com.samsung.android.hmt.vrsvc:system V/VRManagerServer: (DVFSController.java:141) yTqX [update Locks]
05-12 17:03:45.325 25660-25692/com.samsung.android.hmt.vrsvc:system V/VRManagerServer: (DVFSController.java:160) yTqX [setDvfsLock lockType=CPU value=1248000]
05-12 17:03:45.325 25660-25692/com.samsung.android.hmt.vrsvc:system I/CustomFrequencyManager: newFrequencyRequest  - mFrequency = 1248000, mTimeoutMs = -1, mPkgName = VR_CPU_MAX@2
05-12 17:03:45.325 25660-25692/com.samsung.android.hmt.vrsvc:system I/CustomFrequencyManager: Boost Request from package = VR_CPU_MAX@2 frequency : 1248000 type = 7
05-12 17:03:45.325 3676-12237/system_process D/CustomFrequencyManagerService: checkCPUBoostRange : 1248000
05-12 17:03:45.326 25660-25692/com.samsung.android.hmt.vrsvc:system I/CustomFrequencyManager: !! pkgName = VR_CPU_MAX@2
05-12 17:03:45.326 25660-25692/com.samsung.android.hmt.vrsvc:system I/CustomFrequencyManager: CPUDVFSControlRequest : doFrequencyRequest::  = 1248000 Timeout : -1
05-12 17:03:45.326 3676-4074/system_process D/CustomFrequencyManagerService: acquireDVFSLockLocked : type : DVFS_MAX_LIMIT  frequency : 1248000  uid : 1000  pid : 3676  pkgName : VR_CPU_MAX@2
05-12 17:03:45.327 3676-4074/system_process D/SSRM:CustomFrequencyManagerService: writeSysfs:: path = /sys/power/cpufreq_max_limit, value = 1248000
05-12 17:03:45.331 25660-25692/com.samsung.android.hmt.vrsvc:system V/VRManagerServer: (DVFSController.java:141) yTqX [update Locks]
05-12 17:03:45.331 25660-25692/com.samsung.android.hmt.vrsvc:system V/VRManagerServer: (DVFSController.java:160) yTqX [setDvfsLock lockType=GPU value=338]
05-12 17:03:45.331 25660-25692/com.samsung.android.hmt.vrsvc:system I/CustomFrequencyManager: newFrequencyRequest  - mFrequency = 338, mTimeoutMs = -1, mPkgName = VR_GPU_MIN@3
05-12 17:03:45.331 25660-25692/com.samsung.android.hmt.vrsvc:system I/CustomFrequencyManager: Boost Request from package = VR_GPU_MIN@3 frequency : 338 type = 1
05-12 17:03:45.332 25660-25692/com.samsung.android.hmt.vrsvc:system I/CustomFrequencyManager: !! pkgName = VR_GPU_MIN@3
05-12 17:03:45.332 25660-25692/com.samsung.android.hmt.vrsvc:system I/CustomFrequencyManager: GPU : doFrequencyRequest::  = 338 Timeout : -1
05-12 17:03:45.332 25660-25692/com.samsung.android.hmt.vrsvc:system I/CustomFrequencyManager: GPU : doFrequencyRequest::  = 338 Timeout : -1
05-12 17:03:45.333 3676-4512/system_process D/CustomFrequencyManagerService: requestGPU, frequency : 338 package : VR_GPU_MIN@3 uid: 1000 pid: 25660
05-12 17:03:45.333 3676-4512/system_process D/CustomFrequencyManagerService: requestGPU, index: -1
05-12 17:03:45.334 3676-4512/system_process D/CustomFrequencyManagerService: FrequencyrequestList.addReqest:: insert new request.
05-12 17:03:45.334 3676-4512/system_process D/CustomFrequencyManagerService: requestGPU, index not found, new req added in list
05-12 17:03:45.334 3676-4512/system_process D/SSRM:GenericFalImpl: writeSysfs:: path = /sys/devices/14ac0000.mali/dvfs_min_lock, value = 338
05-12 17:03:45.335 25660-25692/com.samsung.android.hmt.vrsvc:system V/VRManagerServer: (DVFSController.java:141) yTqX [update Locks]
05-12 17:03:45.335 25660-25692/com.samsung.android.hmt.vrsvc:system V/VRManagerServer: (DVFSController.java:160) yTqX [setDvfsLock lockType=GPU value=338]
05-12 17:03:45.336 25660-25692/com.samsung.android.hmt.vrsvc:system I/CustomFrequencyManager: newFrequencyRequest  - mFrequency = 338, mTimeoutMs = -1, mPkgName = VR_GPU_MAX@4
05-12 17:03:45.336 25660-25692/com.samsung.android.hmt.vrsvc:system I/CustomFrequencyManager: Boost Request from package = VR_GPU_MAX@4 frequency : 338 type = 9
05-12 17:03:45.336 25660-25692/com.samsung.android.hmt.vrsvc:system I/CustomFrequencyManager: !! pkgName = VR_GPU_MAX@4
05-12 17:03:45.336 25660-25692/com.samsung.android.hmt.vrsvc:system I/CustomFrequencyManager: GPU : doFrequencyRequest::  = 338 Timeout : -1
05-12 17:03:45.337 25660-25692/com.samsung.android.hmt.vrsvc:system I/CustomFrequencyManager: GPU : doFrequencyRequest::  = 338 Timeout : -1
05-12 17:03:45.337 3676-14737/system_process D/CustomFrequencyManagerService: requestGPU, frequency : 338 package : VR_GPU_MAX@4 uid: 1000 pid: 25660
05-12 17:03:45.338 3676-14737/system_process D/CustomFrequencyManagerService: requestGPU, index: -1
05-12 17:03:45.338 3676-14737/system_process D/CustomFrequencyManagerService: FrequencyrequestList.addReqest:: insert new request.
05-12 17:03:45.338 3676-14737/system_process D/CustomFrequencyManagerService: requestGPU, index not found, new req added in list
05-12 17:03:45.338 3676-14737/system_process D/SSRM:GenericFalImpl: writeSysfs:: path = /sys/devices/14ac0000.mali/dvfs_max_lock, value = 338
05-12 17:03:45.339 25660-25817/com.samsung.android.hmt.vrsvc:system V/VRManagerServer: (HmtDeviceEventManager.java:107) wtkw [OnDeviceEvent onAcquireVrClocks finished. elapsedTime=18]
05-12 17:03:45.340 12404-12448/org.gearvrf.tester I/VrApi_Clocks: LockClocks( cpu=2, gpu=2 ) - end (129.3 ms)
05-12 17:03:45.341 12404-12440/org.gearvrf.tester D/VrApi: setSchedFifoStatic tid:12445 pto:2
05-12 17:03:45.342 25660-27783/com.samsung.android.hmt.vrsvc:system V/VRManagerServer: (S7Edge_EXYNOS8890.java:47) yTqX [setAffinity tid=12445 cpus=[4, 5, 6, 7]]
05-12 17:03:45.343 3676-14736/system_process D/SemAffinityControl: sched_set_affinity_success
05-12 17:03:45.343 25660-27783/com.samsung.android.hmt.vrsvc:system V/VRManagerServer: (ModelAdapter.java:241) setThreadSchedFifo [setThreadSchedFifo packageName=org.gearvrf.tester pid=12404 tid=12445 priority=2]
05-12 17:03:45.345 4167-4612/com.android.bluetooth I/bt_hci: 17:03:45.345 --
05-12 17:03:45.345 4167-4612/com.android.bluetooth I/bt_hci: 17:03:45.345 RCVD Event from HCI. Name: HCI_BLE_Event  (Hex Code: 0x3e  Param Len: 43) Ctrl(0)
05-12 17:03:45.346 4167-4612/com.android.bluetooth I/bt_hci: 17:03:45.346 Parameters
05-12 17:03:45.346 4167-4612/com.android.bluetooth I/bt_hci: 17:03:45.346         HCI_BLE_Advertising_Report_Event : 2 (0x02)
05-12 17:03:45.346 4167-4612/com.android.bluetooth I/bt_hci: 17:03:45.346                        Number of Reports : 1 (0x01)
05-12 17:03:45.346 4167-4612/com.android.bluetooth I/bt_hci: 17:03:45.346                               Event Type : Connectable Undirected (00)
05-12 17:03:45.346 4167-4612/com.android.bluetooth I/bt_hci: 17:03:45.346                             Address Type : Public (00)
05-12 17:03:45.346 4167-4612/com.android.bluetooth I/bt_hci: 17:03:45.346                                  Address : e4-7d-bd-a5-39-8f
05-12 17:03:45.346 4167-4612/com.android.bluetooth I/bt_hci: 17:03:45.346                              Data Length : 31 (0x1f)
05-12 17:03:45.346 4167-4612/com.android.bluetooth I/bt_hci: 17:03:45.346                                     Data : 02 01 1a 1b ff 75 00 42 04 01 01 61 e4 7d bd a5 
05-12 17:03:45.346 4167-4612/com.android.bluetooth I/bt_hci: 17:03:45.346                                       10 : 39 8f e6 7d bd a5 39 8e ff 4e 00 00 00 00 00 
05-12 17:03:45.346 4167-4612/com.android.bluetooth I/bt_hci: 17:03:45.346                                     RSSI : -70 (0xba)
05-12 17:03:45.346 4167-4612/com.android.bluetooth I/bt_hci: 17:03:45.346 --
05-12 17:03:45.347 4167-4612/com.android.bluetooth I/bt_hci: 17:03:45.347 --
05-12 17:03:45.347 4167-4715/com.android.bluetooth I/bt_btm: BTM_CheckAdvData: type=0x01
05-12 17:03:45.347 4167-4612/com.android.bluetooth I/bt_hci: 17:03:45.347 RCVD Event from HCI. Name: HCI_BLE_Event  (Hex Code: 0x3e  Param Len: 43) Ctrl(0)
05-12 17:03:45.347 4167-4715/com.android.bluetooth I/bt_btm: BTM_CheckAdvData: type=0x19
05-12 17:03:45.347 4167-4612/com.android.bluetooth I/bt_hci: 17:03:45.347 Parameters
05-12 17:03:45.347 4167-4715/com.android.bluetooth I/bt_btm: BTM_CheckAdvData: type=0x03
05-12 17:03:45.347 4167-4612/com.android.bluetooth I/bt_hci: 17:03:45.347         HCI_BLE_Advertising_Report_Event : 2 (0x02)
05-12 17:03:45.347 12404-12440/org.gearvrf.tester D/VRManagerGearVR: VRManager set thread priority to 2
05-12 17:03:45.347 4167-4612/com.android.bluetooth I/bt_hci: 17:03:45.347                        Number of Reports : 1 (0x01)
05-12 17:03:45.347 4167-4612/com.android.bluetooth I/bt_hci: 17:03:45.347                               Event Type : Connectable Undirected (00)
05-12 17:03:45.347 12404-12440/org.gearvrf.tester I/VrApi_Clocks: SetSchedFifo( tid=12445, pri=2 ) succeeded
05-12 17:03:45.347 4167-4612/com.android.bluetooth I/bt_hci: 17:03:45.347                             Address Type : Public (00)
05-12 17:03:45.348 4167-4612/com.android.bluetooth I/bt_hci: 17:03:45.348                                  Address : e4-7d-bd-a5-39-8f
05-12 17:03:45.348 4167-4612/com.android.bluetooth I/bt_hci: 17:03:45.348                              Data Length : 31 (0x1f)
05-12 17:03:45.348 12404-12440/org.gearvrf.tester D/VrApi: setSchedFifoStatic tid:12449 pto:3
05-12 17:03:45.348 4167-4612/com.android.bluetooth I/bt_hci: 17:03:45.348                                     Data : 02 01 1a 1b ff 75 00 42 04 01 01 61 e4 7d bd a5 
05-12 17:03:45.348 4167-4612/com.android.bluetooth I/bt_hci: 17:03:45.348                                       10 : 39 8f e6 7d bd a5 39 8e ff 4e 00 00 00 00 00 
05-12 17:03:45.348 4167-4612/com.android.bluetooth I/bt_hci: 17:03:45.348                                     RSSI : -71 (0xb9)
05-12 17:03:45.348 4167-4612/com.android.bluetooth I/bt_hci: 17:03:45.348 --
05-12 17:03:45.348 4167-4715/com.android.bluetooth I/bt_btm: BTM_CheckAdvData: type=0x01
05-12 17:03:45.348 4167-4715/com.android.bluetooth I/bt_btm: BTM_CheckAdvData: type=0x19
05-12 17:03:45.348 4167-4715/com.android.bluetooth I/bt_btm: BTM_CheckAdvData: type=0x03
05-12 17:03:45.349 4167-4612/com.android.bluetooth I/bt_hci: 17:03:45.349 --
05-12 17:03:45.349 4167-4612/com.android.bluetooth I/bt_hci: 17:03:45.349 RCVD Event from HCI. Name: HCI_BLE_Event  (Hex Code: 0x3e  Param Len: 23) Ctrl(0)
05-12 17:03:45.349 4167-4612/com.android.bluetooth I/bt_hci: 17:03:45.349 Parameters
05-12 17:03:45.349 4167-4612/com.android.bluetooth I/bt_hci: 17:03:45.349         HCI_BLE_Advertising_Report_Event : 2 (0x02)
05-12 17:03:45.349 4167-4612/com.android.bluetooth I/bt_hci: 17:03:45.349                        Number of Reports : 1 (0x01)
05-12 17:03:45.349 4167-4612/com.android.bluetooth I/bt_hci: 17:03:45.349                               Event Type : Scan Response (04)
05-12 17:03:45.349 4167-4612/com.android.bluetooth I/bt_hci: 17:03:45.349                             Address Type : Public (00)
05-12 17:03:45.349 4167-4612/com.android.bluetooth I/bt_hci: 17:03:45.349                                  Address : e4-7d-bd-a5-39-8f
05-12 17:03:45.349 4167-4612/com.android.bluetooth I/bt_hci: 17:03:45.349                              Data Length : 11 (0x0b)
05-12 17:03:45.350 4167-4612/com.android.bluetooth I/bt_hci: 17:03:45.349                                     Data : 0a 08 5b 54 56 5d 74 76 2d 72 6b 
05-12 17:03:45.350 4167-4612/com.android.bluetooth I/bt_hci: 17:03:45.350                                     RSSI : -71 (0xb9)
05-12 17:03:45.350 4167-4612/com.android.bluetooth I/bt_hci: 17:03:45.350 --
05-12 17:03:45.350 4167-4715/com.android.bluetooth I/bt_btm: BTM_CheckAdvData: type=0x01
05-12 17:03:45.350 4167-4715/com.android.bluetooth I/bt_btm: BTM_CheckAdvData: type=0x19
05-12 17:03:45.350 4167-4715/com.android.bluetooth I/bt_btm: BTM_CheckAdvData: type=0x03
05-12 17:03:45.350 4167-4715/com.android.bluetooth I/bt_btm: BTM_CheckAdvData: type=0x01
05-12 17:03:45.350 4167-4715/com.android.bluetooth I/bt_btm: BTM_InqDbRead: bd addr [e47dbda5398f]
05-12 17:03:45.350 4167-4715/com.android.bluetooth I/bt_btm: BTM_CheckEirData type=0x09
05-12 17:03:45.350 4167-4715/com.android.bluetooth I/bt_btm: BTM_CheckEirData type=0x09
05-12 17:03:45.351 4167-4301/com.android.bluetooth I/bt_btm: BTM_CheckEirData type=0x09
05-12 17:03:45.351 4167-4301/com.android.bluetooth I/bt_btm: BTM_CheckEirData type=0x08
05-12 17:03:45.351 25660-27791/com.samsung.android.hmt.vrsvc:system V/VRManagerServer: (S7Edge_EXYNOS8890.java:47) yTqX [setAffinity tid=12449 cpus=[4, 5, 6, 7]]
05-12 17:03:45.351 4167-4301/com.android.bluetooth W/bt_btif: HAL bt_hal_cbacks->remote_device_properties_cb
05-12 17:03:45.351 4167-4301/com.android.bluetooth W/bt_btif: HAL bt_gatt_callbacks->client->scan_result_cb
05-12 17:03:45.352 4167-4301/com.android.bluetooth D/ScanRecord: parseFromBytes
05-12 17:03:45.352 3676-12624/system_process D/SemAffinityControl: sched_set_affinity_success
05-12 17:03:45.352 4167-4301/com.android.bluetooth D/ScanRecord: first manudata for manu ID
05-12 17:03:45.352 4167-4301/com.android.bluetooth D/ScanRecord: Not a Multi Manu data
05-12 17:03:45.352 4167-4301/com.android.bluetooth D/ScanRecord: Not a Multi Manu data
05-12 17:03:45.353 4167-4301/com.android.bluetooth D/ScanRecord: Not a Multi Manu data
05-12 17:03:45.353 4167-4301/com.android.bluetooth D/ScanRecord: Not a Multi Manu data
05-12 17:03:45.353 25660-27791/com.samsung.android.hmt.vrsvc:system V/VRManagerServer: (ModelAdapter.java:241) setThreadSchedFifo [setThreadSchedFifo packageName=org.gearvrf.tester pid=12404 tid=12449 priority=3]
05-12 17:03:45.356 12404-12440/org.gearvrf.tester D/VRManagerGearVR: VRManager set thread priority to 3
05-12 17:03:45.357 12404-12440/org.gearvrf.tester I/VrApi_Clocks: SetSchedFifo( tid=12449, pri=3 ) succeeded
05-12 17:03:45.357 12404-12448/org.gearvrf.tester I/VrApi_Clocks: ReleaseClocks - start
05-12 17:03:45.357 12404-12440/org.gearvrf.tester D/VrApi: getSystemBrightness
05-12 17:03:45.357 12404-12448/org.gearvrf.tester D/VrApi: releaseSystemPerformanceStatic
05-12 17:03:45.358 4167-7219/com.android.bluetooth D/BtGatt.ContextMap: sendClientScanResult for app id 4
05-12 17:03:45.360 25660-25673/com.samsung.android.hmt.vrsvc:system V/VRManagerServer: (GearVrManagerService.java:175) getSystemOption [getSystemOption option=bright]
05-12 17:03:45.360 25660-25673/com.samsung.android.hmt.vrsvc:system V/VRManagerServer: (ModelAdapter.java:507) getSystemOption [getSystemOption option=bright]
05-12 17:03:45.361 25790-30212/com.samsung.android.beaconmanager D/ScanRecord: parseFromBytes
05-12 17:03:45.361 25790-30212/com.samsung.android.beaconmanager D/ScanRecord: first manudata for manu ID
05-12 17:03:45.361 25660-27785/com.samsung.android.hmt.vrsvc:system V/VRManagerServer: (HmtDeviceEventManager.java:120) wtkw [OnDeviceEvent onReleaseVrClocks start.]
05-12 17:03:45.362 25790-25790/com.samsung.android.beaconmanager V/BeaconManager: TvControlManager.onLeScan - -- data -- 
05-12 17:03:45.363 25790-25790/com.samsung.android.beaconmanager D/BeaconManager: TvControlManager.ControlTvHandler  - handleMessage :1
05-12 17:03:45.363 25790-25790/com.samsung.android.beaconmanager D/BeaconManager: TvControlManager.doTvControl:  - TV_STATUS_POWER_ON
05-12 17:03:45.363 25660-25693/com.samsung.android.hmt.vrsvc:system V/VRManagerServer: (DVFSController.java:57) yTqX [mCpuMinLocks contains tag=org.gearvrf.tester]
05-12 17:03:45.364 25660-25693/com.samsung.android.hmt.vrsvc:system V/VRManagerServer: (DVFSController.java:141) yTqX [update Locks]
05-12 17:03:45.365 25660-25693/com.samsung.android.hmt.vrsvc:system V/VRManagerServer: (DVFSController.java:160) yTqX [setDvfsLock lockType=null value=-1]
05-12 17:03:45.367 3676-12629/system_process D/CustomFrequencyManagerService: releaseDVFSLockLocked : Getting Lock type frm List : DVFS_MIN_LIMIT  frequency : 318500  uid : 1000  pid : 3676  tag : VR_CPU_MIN@1
05-12 17:03:45.368 25660-25693/com.samsung.android.hmt.vrsvc:system V/VRManagerServer: (DVFSController.java:79) wtkw [mCpuMaxLocks contains tag=org.gearvrf.tester]
05-12 17:03:45.368 25660-25693/com.samsung.android.hmt.vrsvc:system V/VRManagerServer: (DVFSController.java:141) yTqX [update Locks]
05-12 17:03:45.369 25660-25693/com.samsung.android.hmt.vrsvc:system V/VRManagerServer: (DVFSController.java:160) yTqX [setDvfsLock lockType=null value=-1]
05-12 17:03:45.370 3676-4015/system_process D/CustomFrequencyManagerService: releaseDVFSLockLocked : Getting Lock type frm List : DVFS_MAX_LIMIT  frequency : 1248000  uid : 1000  pid : 3676  tag : VR_CPU_MAX@2
05-12 17:03:45.370 3676-4015/system_process D/CustomFrequencyManagerService: releaseDVFSLockLocked : all FREQUENCY_CPU_TYPE_BOOST_MAX_LIMIT are released 
05-12 17:03:45.371 3676-4015/system_process D/SSRM:CustomFrequencyManagerService: writeSysfs:: path = /sys/power/cpufreq_max_limit, value = -1
05-12 17:03:45.372 25660-25693/com.samsung.android.hmt.vrsvc:system V/VRManagerServer: (DVFSController.java:103) QdBd [mGpuMinLocks contains tag=org.gearvrf.tester]
05-12 17:03:45.372 25660-25693/com.samsung.android.hmt.vrsvc:system V/VRManagerServer: (DVFSController.java:141) yTqX [update Locks]
05-12 17:03:45.372 25660-25693/com.samsung.android.hmt.vrsvc:system V/VRManagerServer: (DVFSController.java:160) yTqX [setDvfsLock lockType=null value=-1]
05-12 17:03:45.374 3676-5039/system_process D/CustomFrequencyManagerService: FrequencyrequestList.getIndex:: i = 3
05-12 17:03:45.374 3676-5039/system_process D/CustomFrequencyManagerService: FrequencyrequestList.removeRequest:: index = 3
05-12 17:03:45.374 3676-5039/system_process D/CustomFrequencyManagerService: releaseGPU, Current GPU request has asked for release
05-12 17:03:45.374 3676-5039/system_process D/CustomFrequencyManagerService: releaseGPU, No Pending requests, reverting GPU to default
05-12 17:03:45.375 3676-5039/system_process D/SSRM:GenericFalImpl: writeSysfs:: path = /sys/devices/14ac0000.mali/dvfs_min_lock, value = 260
05-12 17:03:45.376 25660-25693/com.samsung.android.hmt.vrsvc:system V/VRManagerServer: (DVFSController.java:127) bHGb [mGpuMaxLocks contains tag=org.gearvrf.tester]
05-12 17:03:45.376 25660-25693/com.samsung.android.hmt.vrsvc:system V/VRManagerServer: (DVFSController.java:141) yTqX [update Locks]
05-12 17:03:45.376 25660-25693/com.samsung.android.hmt.vrsvc:system V/VRManagerServer: (DVFSController.java:160) yTqX [setDvfsLock lockType=null value=-1]
05-12 17:03:45.378 4167-4612/com.android.bluetooth I/bt_hci: 17:03:45.378 --
05-12 17:03:45.378 3676-14340/system_process D/CustomFrequencyManagerService: FrequencyrequestList.getIndex:: i = 3
05-12 17:03:45.378 4167-4612/com.android.bluetooth I/bt_hci: 17:03:45.378 RCVD Event from HCI. Name: HCI_BLE_Event  (Hex Code: 0x3e  Param Len: 43) Ctrl(0)
05-12 17:03:45.378 3676-14340/system_process D/CustomFrequencyManagerService: FrequencyrequestList.removeRequest:: index = 3
05-12 17:03:45.378 3676-14340/system_process D/CustomFrequencyManagerService: releaseGPU, Current GPU Max request has asked for release
05-12 17:03:45.378 4167-4612/com.android.bluetooth I/bt_hci: 17:03:45.378 Parameters
05-12 17:03:45.379 3676-14340/system_process D/CustomFrequencyManagerService: releaseGPU, No Pending requests, reverting GPU to default
05-12 17:03:45.379 4167-4612/com.android.bluetooth I/bt_hci: 17:03:45.379         HCI_BLE_Advertising_Report_Event : 2 (0x02)
05-12 17:03:45.379 4167-4612/com.android.bluetooth I/bt_hci: 17:03:45.379                        Number of Reports : 1 (0x01)
05-12 17:03:45.379 4167-4612/com.android.bluetooth I/bt_hci: 17:03:45.379                               Event Type : Connectable Undirected (00)
05-12 17:03:45.379 3676-14340/system_process D/SSRM:GenericFalImpl: writeSysfs:: path = /sys/devices/14ac0000.mali/dvfs_max_lock, value = 650
05-12 17:03:45.379 4167-4612/com.android.bluetooth I/bt_hci: 17:03:45.379                             Address Type : Public (00)
05-12 17:03:45.379 4167-4612/com.android.bluetooth I/bt_hci: 17:03:45.379                                  Address : e4-7d-bd-a3-20-50
05-12 17:03:45.379 4167-4612/com.android.bluetooth I/bt_hci: 17:03:45.379                              Data Length : 31 (0x1f)
05-12 17:03:45.380 4167-4612/com.android.bluetooth I/bt_hci: 17:03:45.380                                     Data : 02 01 1a 1b ff 75 00 42 04 01 01 6f e4 7d bd a3 
05-12 17:03:45.380 4167-4612/com.android.bluetooth I/bt_hci: 17:03:45.380                                       10 : 20 50 e6 7d bd a3 20 4f 0b 4e 00 00 00 00 00 
05-12 17:03:45.380 4167-4612/com.android.bluetooth I/bt_hci: 17:03:45.380                                     RSSI : -77 (0xb3)
05-12 17:03:45.380 4167-4612/com.android.bluetooth I/bt_hci: 17:03:45.380 --
05-12 17:03:45.380 4167-4715/com.android.bluetooth I/bt_btm: BTM_CheckAdvData: type=0x01
05-12 17:03:45.380 4167-4715/com.android.bluetooth I/bt_btm: BTM_CheckAdvData: type=0x19
05-12 17:03:45.380 4167-4715/com.android.bluetooth I/bt_btm: BTM_CheckAdvData: type=0x03
05-12 17:03:45.380 4167-4612/com.android.bluetooth I/bt_hci: 17:03:45.380 --
05-12 17:03:45.381 4167-4612/com.android.bluetooth I/bt_hci: 17:03:45.381 RCVD Event from HCI. Name: HCI_BLE_Event  (Hex Code: 0x3e  Param Len: 23) Ctrl(0)
05-12 17:03:45.381 20817-641/com.samsung.android.easysetup D/EasySetup: RegisteredTvProvider.query() - 
05-12 17:03:45.381 4167-4612/com.android.bluetooth I/bt_hci: 17:03:45.381 Parameters
05-12 17:03:45.381 4167-4612/com.android.bluetooth I/bt_hci: 17:03:45.381         HCI_BLE_Advertising_Report_Event : 2 (0x02)
05-12 17:03:45.381 4167-4612/com.android.bluetooth I/bt_hci: 17:03:45.381                        Number of Reports : 1 (0x01)
05-12 17:03:45.381 4167-4612/com.android.bluetooth I/bt_hci: 17:03:45.381                               Event Type : Scan Response (04)
05-12 17:03:45.381 4167-4612/com.android.bluetooth I/bt_hci: 17:03:45.381                             Address Type : Public (00)
05-12 17:03:45.381 4167-4612/com.android.bluetooth I/bt_hci: 17:03:45.381                                  Address : e4-7d-bd-a3-20-50
05-12 17:03:45.381 4167-4612/com.android.bluetooth I/bt_hci: 17:03:45.381                              Data Length : 11 (0x0b)
05-12 17:03:45.382 4167-4612/com.android.bluetooth I/bt_hci: 17:03:45.382                                     Data : 0a 08 5b 54 56 5d 74 76 2d 6d 68 
05-12 17:03:45.382 4167-4612/com.android.bluetooth I/bt_hci: 17:03:45.382                                     RSSI : -77 (0xb3)
05-12 17:03:45.382 4167-4612/com.android.bluetooth I/bt_hci: 17:03:45.382 --
05-12 17:03:45.382 4167-4715/com.android.bluetooth I/bt_btm: BTM_CheckAdvData: type=0x01
05-12 17:03:45.382 4167-4715/com.android.bluetooth I/bt_btm: BTM_CheckAdvData: type=0x19
05-12 17:03:45.382 4167-4715/com.android.bluetooth I/bt_btm: BTM_CheckAdvData: type=0x03
05-12 17:03:45.383 4167-4715/com.android.bluetooth I/bt_btm: BTM_CheckAdvData: type=0x01
05-12 17:03:45.383 4167-4715/com.android.bluetooth I/bt_btm: BTM_InqDbRead: bd addr [e47dbda32050]
05-12 17:03:45.383 4167-4715/com.android.bluetooth I/bt_btm: BTM_CheckEirData type=0x09
05-12 17:03:45.383 4167-4715/com.android.bluetooth I/bt_btm: BTM_CheckEirData type=0x09
05-12 17:03:45.383 25660-27785/com.samsung.android.hmt.vrsvc:system V/VRManagerServer: (HmtDeviceEventManager.java:107) wtkw [OnDeviceEvent onReleaseVrClocks finished. elapsedTime=21]
05-12 17:03:45.384 25660-27785/com.samsung.android.hmt.vrsvc:system V/VRManagerServer: (ModelAdapter.java:162) yTqX [releaseVrClocks packageName=org.gearvrf.tester]
05-12 17:03:45.385 4167-4301/com.android.bluetooth I/bt_btm: BTM_CheckEirData type=0x09
05-12 17:03:45.386 4167-4301/com.android.bluetooth I/bt_btm: BTM_CheckEirData type=0x08
05-12 17:03:45.386 12404-12448/org.gearvrf.tester I/VrApi_Clocks: ReleaseClocks - end (28.8 ms)
05-12 17:03:45.386 4167-4301/com.android.bluetooth W/bt_btif: HAL bt_hal_cbacks->remote_device_properties_cb
05-12 17:03:45.387 4167-4301/com.android.bluetooth W/bt_btif: HAL bt_gatt_callbacks->client->scan_result_cb
05-12 17:03:45.388 4167-4301/com.android.bluetooth D/ScanRecord: parseFromBytes
05-12 17:03:45.388 12404-12440/org.gearvrf.tester I/VrApi: System brightness = 180
05-12 17:03:45.388 4167-4301/com.android.bluetooth D/ScanRecord: first manudata for manu ID
05-12 17:03:45.388 12404-12440/org.gearvrf.tester D/VrApi: setSystemBrightness 180
05-12 17:03:45.388 4167-4301/com.android.bluetooth D/ScanRecord: Not a Multi Manu data
05-12 17:03:45.389 4167-4301/com.android.bluetooth D/ScanRecord: Not a Multi Manu data
05-12 17:03:45.389 4167-4301/com.android.bluetooth D/ScanRecord: Not a Multi Manu data
05-12 17:03:45.389 4167-4301/com.android.bluetooth D/ScanRecord: Not a Multi Manu data
05-12 17:03:45.390 4167-7219/com.android.bluetooth D/BtGatt.ContextMap: sendClientScanResult for app id 4
05-12 17:03:45.391 25660-25819/com.samsung.android.hmt.vrsvc:system V/VRManagerServer: (GearVrManagerService.java:168) setSystemOption [setSystemOption option=bright]
05-12 17:03:45.391 25660-25819/com.samsung.android.hmt.vrsvc:system V/VRManagerServer: (ModelAdapter.java:492) setSystemOption [setSystemOption option=bright value=180]
05-12 17:03:45.392 25660-25819/com.samsung.android.hmt.vrsvc:system V/VRManagerServer: (ModelAdapter.java:302) setOption_BRIGHT [setOption_BRIGHT=180 int=180]
05-12 17:03:45.392 25660-25819/com.samsung.android.hmt.vrsvc:system V/VRManagerServer: (ModelAdapter.java:307) bHGb [updateBright bright=180]
05-12 17:03:45.394 25790-27749/com.samsung.android.beaconmanager D/ScanRecord: parseFromBytes
05-12 17:03:45.394 25790-27749/com.samsung.android.beaconmanager D/ScanRecord: first manudata for manu ID
05-12 17:03:45.402 25790-25790/com.samsung.android.beaconmanager D/BeaconManager: RegisterTvDBHelper.getRegisteredTvbyBleMac  - Find : false
05-12 17:03:45.402 25790-25790/com.samsung.android.beaconmanager D/BeaconManager: TvControlManager.sendPacket - ($)
05-12 17:03:45.403 25739-25752/com.samsung.android.oneconnect:QcService V/BleScanManager(160607)(com.samsung.android.oneconnect): onScanRegisteredTv temp debug
05-12 17:03:45.403 25739-25752/com.samsung.android.oneconnect:QcService I/oneconnect[1.0.00-24][100000024]: PreDiscoveryHelper.onTvReceived - TV INFO - Model Name: [TV]tv-rk, BT MAC: E4:7D:BD:A5:39:8F, BLE MAC: E4:7D:BD:A5:39:8F, P2P MAC: e6:7d:bd:a5:39:8e, WIFI MAC: null, ETH MAC: null, connected AP SSID: null, connected AP BSSID: null, device Type: 1, AP Connected: 1, P2P Available: 2, Mirroring Sink Available: 2, Mirroring Source Available: 2,Wired Network Connected: 2, 4K TV?(1:Avail 2:UnAvail): 1, AvailSvc : 97, status: 1, supportedService: 0, P2P channelNumber: 255
05-12 17:03:45.403 25790-25790/com.samsung.android.beaconmanager V/BeaconManager: TvControlManager.onLeScan - -- data -- 
05-12 17:03:45.415 25790-25790/com.samsung.android.beaconmanager D/BeaconManager: TvControlManager.ControlTvHandler  - handleMessage :1
05-12 17:03:45.415 25790-25790/com.samsung.android.beaconmanager D/BeaconManager: TvControlManager.doTvControl:  - TV_STATUS_POWER_ON
05-12 17:03:45.416 25660-25819/com.samsung.android.hmt.vrsvc:system V/VRManagerServer: (SysNode.java:69) yTqX [SysNode put node=/sys/class/lcd/panel/hmt_bright value=180]
05-12 17:03:45.417 4167-4612/com.android.bluetooth I/bt_hci: 17:03:45.417 --
05-12 17:03:45.417 4167-4612/com.android.bluetooth I/bt_hci: 17:03:45.417 RCVD Event from HCI. Name: HCI_BLE_Event  (Hex Code: 0x3e  Param Len: 43) Ctrl(0)
05-12 17:03:45.417 4167-4612/com.android.bluetooth I/bt_hci: 17:03:45.417 Parameters
05-12 17:03:45.417 12404-12440/org.gearvrf.tester I/VrApi: Set brightness to 180
05-12 17:03:45.417 4167-4612/com.android.bluetooth I/bt_hci: 17:03:45.417         HCI_BLE_Advertising_Report_Event : 2 (0x02)
05-12 17:03:45.417 12404-12440/org.gearvrf.tester D/VrApi: getDoNotDisturbMode 
05-12 17:03:45.417 4167-4612/com.android.bluetooth I/bt_hci: 17:03:45.417                        Number of Reports : 1 (0x01)
05-12 17:03:45.418 4167-4612/com.android.bluetooth I/bt_hci: 17:03:45.418                               Event Type : Connectable Undirected (00)
05-12 17:03:45.418 4167-4612/com.android.bluetooth I/bt_hci: 17:03:45.418                             Address Type : Public (00)
05-12 17:03:45.418 4167-4612/com.android.bluetooth I/bt_hci: 17:03:45.418                                  Address : e4-7d-bd-a5-39-31
05-12 17:03:45.418 4167-4612/com.android.bluetooth I/bt_hci: 17:03:45.418                              Data Length : 31 (0x1f)
05-12 17:03:45.418 4167-4612/com.android.bluetooth I/bt_hci: 17:03:45.418                                     Data : 02 01 1a 1b ff 75 00 42 04 01 01 6f e4 7d bd a5 
05-12 17:03:45.418 4167-4612/com.android.bluetooth I/bt_hci: 17:03:45.418                                       10 : 39 31 e6 7d bd a5 39 30 0b 4e 00 00 00 00 00 
05-12 17:03:45.418 4167-4612/com.android.bluetooth I/bt_hci: 17:03:45.418                                     RSSI : -74 (0xb6)
05-12 17:03:45.418 4167-4612/com.android.bluetooth I/bt_hci: 17:03:45.418 --
05-12 17:03:45.419 25660-27786/com.samsung.android.hmt.vrsvc:system V/VRManagerServer: (GearVrManagerService.java:175) getSystemOption [getSystemOption option=do_not_disturb_mode]
05-12 17:03:45.419 4167-4715/com.android.bluetooth I/bt_btm: BTM_CheckAdvData: type=0x01
05-12 17:03:45.419 4167-4715/com.android.bluetooth I/bt_btm: BTM_CheckAdvData: type=0x19
05-12 17:03:45.419 4167-4715/com.android.bluetooth I/bt_btm: BTM_CheckAdvData: type=0x03
05-12 17:03:45.419 25660-27786/com.samsung.android.hmt.vrsvc:system V/VRManagerServer: (ModelAdapter.java:507) getSystemOption [getSystemOption option=do_not_disturb_mode]
05-12 17:03:45.420 4167-4612/com.android.bluetooth I/bt_hci: 17:03:45.420 --
05-12 17:03:45.420 4167-4612/com.android.bluetooth I/bt_hci: 17:03:45.420 RCVD Event from HCI. Name: HCI_BLE_Event  (Hex Code: 0x3e  Param Len: 23) Ctrl(0)
05-12 17:03:45.421 4167-4612/com.android.bluetooth I/bt_hci: 17:03:45.421 Parameters
05-12 17:03:45.421 4167-4612/com.android.bluetooth I/bt_hci: 17:03:45.421         HCI_BLE_Advertising_Report_Event : 2 (0x02)
05-12 17:03:45.421 4167-4612/com.android.bluetooth I/bt_hci: 17:03:45.421                        Number of Reports : 1 (0x01)
05-12 17:03:45.421 4167-4612/com.android.bluetooth I/bt_hci: 17:03:45.421                               Event Type : Scan Response (04)
05-12 17:03:45.421 4167-4612/com.android.bluetooth I/bt_hci: 17:03:45.421                             Address Type : Public (00)
05-12 17:03:45.421 4167-4612/com.android.bluetooth I/bt_hci: 17:03:45.421                                  Address : e4-7d-bd-a5-39-31
05-12 17:03:45.421 4167-4612/com.android.bluetooth I/bt_hci: 17:03:45.421                              Data Length : 11 (0x0b)
05-12 17:03:45.421 4167-4612/com.android.bluetooth I/bt_hci: 17:03:45.421                                     Data : 0a 08 5b 54 56 5d 74 76 2d 73 63 
05-12 17:03:45.421 4167-4612/com.android.bluetooth I/bt_hci: 17:03:45.421                                     RSSI : -73 (0xb7)
05-12 17:03:45.422 4167-4612/com.android.bluetooth I/bt_hci: 17:03:45.422 --
05-12 17:03:45.422 4167-4715/com.android.bluetooth I/bt_btm: BTM_CheckAdvData: type=0x01
05-12 17:03:45.422 4167-4715/com.android.bluetooth I/bt_btm: BTM_CheckAdvData: type=0x19
05-12 17:03:45.422 4167-4715/com.android.bluetooth I/bt_btm: BTM_CheckAdvData: type=0x03
05-12 17:03:45.422 4167-4715/com.android.bluetooth I/bt_btm: BTM_CheckAdvData: type=0x01
05-12 17:03:45.422 4167-4715/com.android.bluetooth I/bt_btm: BTM_InqDbRead: bd addr [e47dbda53931]
05-12 17:03:45.422 4167-4715/com.android.bluetooth I/bt_btm: BTM_CheckEirData type=0x09
05-12 17:03:45.422 4167-4715/com.android.bluetooth I/bt_btm: BTM_CheckEirData type=0x09
05-12 17:03:45.422 4167-4301/com.android.bluetooth I/bt_btm: BTM_CheckEirData type=0x09
05-12 17:03:45.422 4167-4301/com.android.bluetooth I/bt_btm: BTM_CheckEirData type=0x08
05-12 17:03:45.422 4167-4301/com.android.bluetooth W/bt_btif: HAL bt_hal_cbacks->remote_device_properties_cb
05-12 17:03:45.423 4167-4301/com.android.bluetooth W/bt_btif: HAL bt_gatt_callbacks->client->scan_result_cb
05-12 17:03:45.423 20817-27732/com.samsung.android.easysetup D/EasySetup: RegisteredTvProvider.query() - 
05-12 17:03:45.423 4167-4301/com.android.bluetooth D/ScanRecord: parseFromBytes
05-12 17:03:45.423 4167-4301/com.android.bluetooth D/ScanRecord: first manudata for manu ID
05-12 17:03:45.423 4167-4301/com.android.bluetooth D/ScanRecord: Not a Multi Manu data
05-12 17:03:45.423 4167-4301/com.android.bluetooth D/ScanRecord: Not a Multi Manu data
05-12 17:03:45.423 4167-4301/com.android.bluetooth D/ScanRecord: Not a Multi Manu data
05-12 17:03:45.423 4167-4301/com.android.bluetooth D/ScanRecord: Not a Multi Manu data
05-12 17:03:45.424 4167-7219/com.android.bluetooth D/BtGatt.ContextMap: sendClientScanResult for app id 4
05-12 17:03:45.428 12404-12440/org.gearvrf.tester I/VrApi: Set DND mode to false
05-12 17:03:45.428 12404-12440/org.gearvrf.tester D/VrApi: setDoNotDisturbMode false
05-12 17:03:45.428 25790-25874/com.samsung.android.beaconmanager D/ScanRecord: parseFromBytes
05-12 17:03:45.429 25790-25874/com.samsung.android.beaconmanager D/ScanRecord: first manudata for manu ID
